03-30 14:19:19.854 20346 23283 I GoLog   : W tcp.go:139@netstack.tcpForwarder.func1>tcp.go:273@intra.(*tcpHandler).Proxy>tcp.go:352: : tcp: err dialing d3f4b0b11f242bf9 proxy(S5) to dst(101.227.132.63) for 10302: dial tcp 192.160.220.219:8889: i/o timeout
03-30 14:19:19.854 20346 23283 I GoLog   : W tcp.go:139@netstack.tcpForwarder.func1>tcp.go:277: : tcp: dial: #0: d3f4b0b11f242bf9 failed; addr(101.227.132.63:443) / fallback? false / cont? true / he? false; for uid 10302 (10s); w err(dial tcp 192.160.220.219:8889: i/o timeout)
03-30 14:19:19.855  2053  3966 D Theia.NoFocusWindow: FocusWindowErrorScene cancelCheckFreezeScreen
03-30 14:19:19.855  2053  3966 D Theia.TransparentWindow: TransparentWindow cancelCheckFreezeScreen
03-30 14:19:19.855  2053  3966 W TheiaWindowMonitor: [check] focusedWindow is null or enable is false
03-30 14:19:19.860 20346 20346 I Quality : Skipped: false 4 cost 79.81213 refreshRate 16679004 bit true processName com.kang.bravedns
03-30 14:19:19.861  2053  2887 D VRR [OPlusRefreshRateService]: Receive multi scene changed eventId = 5 bundleList.size = 3
03-30 14:19:19.861  2053  3592 E SchedAssist: failed to open /proc/32480/task/15495/ux_state (2): No such file or directory
03-30 14:19:19.861  2053  3592 E SchedAssist: failed to open /proc/32480/task/15958/ux_state (2): No such file or directory
03-30 14:19:19.861  2053  3592 E SchedAssist: failed to open /proc/32480/task/18797/ux_state (2): No such file or directory
03-30 14:19:19.861  2053  3592 E SchedAssist: failed to open /proc/32480/task/22561/ux_state (2): No such file or directory
03-30 14:19:19.861 21106 29906 D ShellSubscriberWorkerThread: the first 8 bytes empty, and RestData length > 8 
03-30 14:19:19.862  2053  3592 E SchedAssist: failed to open /proc/21437/task/11633/ux_state (2): No such file or directory
03-30 14:19:19.863  2053  3592 E UAH_JNI : uah_event_acquire ! cmdId: 301 ,strPkg: pkgName:com.tencent.mm,type:2,activityName:null,isFocused:false|pkgName:com.kang.bravedns,type:1,activityName:com.kang.bravedns/.ui.activity.ProxySettingsActivity,isFocused:true|pkgName:com.android.launcher,type:1,activityName:com.android.launcher/.Launcher,isFocused:false, strIdent: OplusUAwareService, timeout: -1
03-30 14:19:19.863  2053  3592 I [UAH_CLIENT]: UahEventAcquire, cmdid:301, pkg:pkgName:com.tencent.mm,type:2,activityName:null,isFocused:false|pkgName:com.kang.bravedns,type:1,activityName:com.kang.bravedns/.ui.activity.ProxySettingsActivity,isFocused:true|pkgName:com.android.launcher,type:1,activityName:com.android.launcher/.Launcher,isFocused:false, identity:OplusUAwareService
03-30 14:19:19.864  1617  1617 D Layer   : reparent to null sequence=738704, seq[2], name=Surface(name=b2bf5e6 NavigationBar_displayId_0)/@0xb353f66 - animation-leash of insets_animation#738704
03-30 14:19:19.864  2053  2645 D SurfaceAnimationRunner: onAnimationStart:Surface(name=Surface(name=36b0a58 com.kang.bravedns/com.kang.bravedns.ui.activity.ProxySettingsActivity)/@0x1e4cc70 - animation-leash of window_animation)/@0x50f8e94
03-30 14:19:19.864  1617  1617 D Layer   : reparent to null sequence=738705, seq[1], name=Surface(name=63edb34 StatusBar)/@0xde142a7 - animation-leash of insets_animation#738705
03-30 14:19:19.866  1318 13935 D IRIS_LOG_SERV: video start playing, layer228783 z-order 1 at fps: 30455
03-30 14:19:19.867  2053  3966 I InputDispatcher: updateFocusedWindow,  on display 0, reason: NO_WINDOW, result:   FocusedWindows: <none>
03-30 14:19:19.867  2053  2640 V WindowManager: Unknown focus tokens, dropping reportFocusChanged
03-30 14:19:19.883  1617  1939 D SurfaceFlinger: updateWinowInfo=1, setFocusedWindow timestamp=4548198246666925, windowName=6b91671 com.kang.bravedns/com.kang.bravedns.ui.activity.ProxySettingsActivity
03-30 14:19:19.883  2053  4388 I InputDispatcher: NFW_setFocusedWindow, 6b91671 com.kang.bravedns/com.kang.bravedns.ui.activity.ProxySettingsActivity on display 0, same as the previous:0
03-30 14:19:19.883  2053  4388 I InputDispatcher: updateFocusedWindow, 6b91671 com.kang.bravedns/com.kang.bravedns.ui.activity.ProxySettingsActivity on display 0, reason: setFocusedWindow, result:   FocusedWindows:
03-30 14:19:19.883  2053  4388 I InputDispatcher:     displayId=0, name='6b91671 com.kang.bravedns/com.kang.bravedns.ui.activity.ProxySettingsActivity'
03-30 14:19:19.886 20346 20346 D VRI[ProxySettingsActivity]: onFocusEvent true
03-30 14:19:19.891  2053  3966 D InputMethodManagerService: isSecurity: attribute.packageName = com.kang.bravedns mCurMethodId = com.sohu.inputmethod.sogouoem/.SogouIME isSecurity = false ( enable = true needShow = false inBlackList = false isExist = true )
03-30 14:19:19.891  2053  3966 I ImeTracker: com.kang.bravedns:6362faa4: onRequestHide at ORIGIN_SERVER_HIDE_INPUT reason HIDE_UNSPECIFIED_WINDOW
03-30 14:19:19.891  2053  3966 I ImeTracker: com.kang.bravedns:6362faa4: onCancelled at PHASE_SERVER_SHOULD_HIDE
03-30 14:19:19.895 23440 23440 D OppoLogUtils: isDebug: false  DEBUG： false  isChanged: false
03-30 14:19:19.914  1617  1617 D OplusLayer: setGameMode de45c98 InputMethod#727250, gameMode 0, parentLayer Surface(name=de45c98 InputMethod)/@0x80eaa44 - animation-leash of insets_animation#738712.
03-30 14:19:19.914  1617  1617 D Layer   : reparent to null sequence=738708, seq[3], name=Surface(name=de45c98 InputMethod)/@0x80eaa44 - animation-leash of insets_animation#738708
03-30 14:19:19.925 20346 20385 I RethinkDnsVpn: handle proxy change, proxy: CUSTOM, mode: SOCKS5
03-30 14:19:19.927 20346 23283 I GoLog   : I _cgo_gotypes.go:9031@_cgoexp_22e55c157ee5_proxybackend_Proxies_AddProxy>go_backendmain.go:5950@main.proxybackend_Proxies_AddProxy>proxy.go:61@ipn.(*proxifier).AddProxy>proxy.go:230@ipn.(*proxifier).addProxy>proxyopts.go:54: : proxyopt: no user() and/or pwd(0)
03-30 14:19:19.927 20346 23283 I GoLog   : W proxy.go:260@ipn.(*proxifier).fromOpts>socks5.go:108@ipn.NewSocks5Proxy>multihost.go:274@multihost.(*MH).Add>multihost.go:296@multihost.(*MH).add>multihost.go:349: : multihost: S5 failed to parse endpoint : multihost: no ips
03-30 14:19:19.927 20346 23375 I GoLog   : W proxy.go:232@ipn.(*proxifier).addProxy>proxy.go:260@ipn.(*proxifier).fromOpts>socks5.go:108@ipn.NewSocks5Proxy>multihost.go:274@multihost.(*MH).Add>multihost.go:298: : multihost: S5 add: resolution errs: multihost: no ips
03-30 14:19:19.927 20346 23375 I GoLog   : I cgocall.go:446@runtime.cgocallbackg1>_cgo_gotypes.go:9031@_cgoexp_22e55c157ee5_proxybackend_Proxies_AddProxy>go_backendmain.go:5950@main.proxybackend_Proxies_AddProxy>proxy.go:61@ipn.(*proxifier).AddProxy>proxy.go:247: : proxy: add: done S5/socks5/192.160.220.219:8889
03-30 14:19:19.927 20346 20385 I RethinkDnsVpn: TunAdapter; socks5 set with url(S5): socks5://192.160.220.219:8889, success? true
03-30 14:19:19.927 20346 23375 I GoLog   : I async.go:21@core.Go.func1>proxies.go:358@ipn.(*proxifier).add.func1.2>socks5.go:349: : proxy: socks5: stopped S5
03-30 14:19:19.927 20346 20385 I RethinkDnsVpn: TunAdapter; Socks5 mode set: 192.160.220.219,8889
03-30 14:19:19.933  1318 13935 D IRIS_LOG_SERV: video playing at fps: 29883, layer id change (228783 -> 228781),or z-order change (1 -> 0)
03-30 14:19:19.934  2053  3966 D NotificationService--NotificationRecord: isSupportRearLight , isRearLight = false mLedRM = false isMultilLed = false
03-30 14:19:19.934  2053  3966 D EnvelopeDetectorController: isEnvelopeAssistantEnabled isCancelNotification: false currentUserId: 0 userId: 0
03-30 14:19:19.934  2053  3966 W EnvelopeDetectorController: notification's content is null
03-30 14:19:19.934  2053  3966 I OplusStatusBarManagerServiceEnhance:  getTopIsFullscreen mTopIsFullscreen: false
03-30 14:19:19.934  2053  3966 W ActivityManager: Permission Denial: getTopApplicationInfo from pid=20346, uid=10511 requires oplus.permission.OPLUS_COMPONENT_SAFE
03-30 14:19:19.934  2053  3966 E OplusNotificationCenter: getForegroundApplication exception
03-30 14:19:19.935  2053  2053 D NotificationService--OplusNotificationManagerServiceExtImpl: isForwardToAssistants: true, case : Is local notification
03-30 14:19:19.935  2053  2053 D NotificationService: This application enqueue notifications is need postDelayed mcsAssistantDelayTime: 50
03-30 14:19:19.935 20346 23373 I GoLog   : E pdial.go:29@dialers.proxyConnect>client.go:36@socks5.(*Client).Dial>client.go:60@socks5.(*Client).DialWithLocalAddr>client.go:202@socks5.(*Client).Negotiate>socks5.go:187: : proxy: socks5: S5 dial(tcp) from 192.160.220.219:8889 => 192.160.220.219:8889 (via S5); err? dial tcp 192.160.220.219:8889: i/
03-30 14:19:19.935 20346 23373 I GoLog   : E o timeout
03-30 14:19:19.935 20346 23373 I GoLog   : W socks5.go:222@ipn.(*socks5).dial>pdial.go:50@dialers.ProxyDials>pdial.go:38@dialers.ProxyDial>cdial.go:59@dialers.commondial[...]>cdial.go:122: : rdial: commondial: confirmed 113.108.16.129 for 113.108.16.129:443 failed; err dial tcp 192.160.220.219:8889: i/o timeout
03-30 14:19:19.935 20346 23373 I GoLog   : W pdial.go:55: spammy... 9 msgs; dropped? true
03-30 14:19:19.936 20346 23373 I GoLog   : W tcp.go:273@intra.(*tcpHandler).Proxy>tcp.go:323@intra.(*tcpHandler).handle>socks5.go:203@ipn.(*socks5).Dial>socks5.go:222@ipn.(*socks5).dial>pdial.go:55: : pdial: trying tcp dialer of 0 / 1 to 113.108.16.129:443
03-30 14:19:19.939 20346 23373 I GoLog   : W tcp.go:273@intra.(*tcpHandler).Proxy>tcp.go:323@intra.(*tcpHandler).handle>socks5.go:203@ipn.(*socks5).Dial>socks5.go:222@ipn.(*socks5).dial>pdial.go:63: : pdial: no dialer (sz: 1) could connect to 113.108.16.129:443
03-30 14:19:19.939 20346 23373 I GoLog   : W tcp.go:139@netstack.tcpForwarder.func1>tcp.go:273@intra.(*tcpHandler).Proxy>tcp.go:323@intra.(*tcpHandler).handle>socks5.go:203@ipn.(*socks5).Dial>socks5.go:244: : proxy: socks5: S5 dial(tcp) failed 192.160.220.219:8889 => 113.108.16.129:443: dial tcp 192.160.220.219:8889: i/o timeout
03-30 14:19:19.939 20346 23373 I GoLog   : W tcp.go:139@netstack.tcpForwarder.func1>tcp.go:273@intra.(*tcpHandler).Proxy>tcp.go:352: : tcp: err dialing 0d326f56e19775e3 proxy(S5) to dst(113.108.16.129) for 10236: dial tcp 192.160.220.219:8889: i/o timeout
03-30 14:19:19.939 20346 23373 I GoLog   : W tcp.go:139@netstack.tcpForwarder.func1>tcp.go:277: : tcp: dial: #0: 0d326f56e19775e3 failed; addr(113.108.16.129:443) / fallback? false / cont? true / he? false; for uid 10236 (10s); w err(dial tcp 192.160.220.219:8889: i/o timeout)
03-30 14:19:19.942 20346 20466 I RethinkDnsVpn: preflow: returning 10302 for src: (10.111.222.1, 42072), dst: (183.61.36.48, 41762), isRethink? false
03-30 14:19:19.943 10393 13216 I System.out: [okhttp]:check permission begin!
03-30 14:19:19.943 10393 13216 I System.out: [okhttp]:not MMS!
03-30 14:19:19.943 10393 13216 I System.out: [okhttp]:not Email!
03-30 14:19:19.949  1318 13935 D IRIS_LOG_SERV: video playing at fps: 30455, layer id change (228781 -> 228783),or z-order change (0 -> 1)
03-30 14:19:19.953 20346 20467 I FirewallManager: hasRule? NO 10302, 183.61.36.48, 41762
03-30 14:19:19.955 20346 20467 I FirewallManager: hasRule? NO -1000, 183.61.36.48, 41762
03-30 14:19:19.956 20346 20467 I ProxyLogs: no proxy ids found for 10302, 183.61.36.48, 41762, ; returning Exit
03-30 14:19:19.957 20346 20467 I RethinkDnsVpn: flow/inflow: returning mark: Mark{PIDCSV:S5,CID:1107f04a0358649a,UID:10302,IP:,} for src(10.111.222.1: 42072), dest(183.61.36.48:41762, null)
03-30 14:19:19.977 10393 13216 D TrafficStats: tagSocket(119) with statsTag=0xffffffff, statsUid=-1
03-30 14:19:19.983  1318 13935 D IRIS_LOG_SERV: video stop playing
03-30 14:19:19.991 20346 20466 I RethinkDnsVpn: preflow: returning 10236 for src: (10.111.222.1, 40222), dst: (113.108.16.129, 443), isRethink? false
03-30 14:19:19.999  2053  2053 I system_server: _Desupression native alloc gc_urgency: 74279 native bytes: 244800827
03-30 14:19:20.005  3760  3760 I SystemUi--Keyguard: OplusLockScreenWallpaper-->loadBitmap drawable true, type: 0
03-30 14:19:20.005  3760  3760 I SystemUi--Keyguard: PictorialFunctionContainer-->onWallpaperChange isSameWallpaperInfo return
03-30 14:19:20.007  2053  4345 D NotificationService--OplusNavigationManager: Notification--isSuppressedByDriveMode--userId:-1,mode:false
03-30 14:19:20.009 20346 20467 I FirewallManager: match in cache 10236 113.108.16.129: NONE
03-30 14:19:20.009  3760  3760 I SystemUi--Aod: AodNotificationListenerService-->onEntryUpdated pkg:com.kang.bravedns,rowExists:true,mListeners.size =0
03-30 14:19:20.009 20346 20467 I FirewallManager: match in cache -1000 113.108.16.129: NONE
03-30 14:19:20.009  2053  4345 D NotificationService--OplusNavigationManager: Notification--isSuppressedByDriveMode--userId:-1,mode:false
03-30 14:19:20.010 20346 20467 I ProxyLogs: no proxy ids found for 10236, 113.108.16.129, 443, ; returning Exit
03-30 14:19:20.011 20346 20467 I RethinkDnsVpn: flow/inflow: returning mark: Mark{PIDCSV:S5,CID:0cd543e96ff5db4d,UID:10236,IP:,} for src(10.111.222.1: 40222), dest(113.108.16.129:443, null)
03-30 14:19:20.014  2053  2645 D SurfaceAnimationRunner: onAnimationEnd:Surface(name=Surface(name=36b0a58 com.kang.bravedns/com.kang.bravedns.ui.activity.ProxySettingsActivity)/@0x1e4cc70 - animation-leash of window_animation)/@0x50f8e94
03-30 14:19:20.016  2053  2642 I WindowManager: Window{36b0a58 u0 com.kang.bravedns/com.kang.bravedns.ui.activity.ProxySettingsActivity EXITING} state from HAS_DRAWN to NO_SURFACE; reason: destroySurface
03-30 14:19:20.019  3760  3760 E tztt    : updateNotificationListOnKg size:0
03-30 14:19:20.028  5881  6239 V MSF.C.MSFCore[@PS]: [Event] MSFPacketStatistics.cpp(300)::DoCheckRequestTimeout->current rtts:37.776
03-30 14:19:20.030  1617  1617 D Layer   : reparent to null sequence=738706, seq[4], name=com.kang.bravedns/com.kang.bravedns.ui.activity.ProxySettingsActivity#738706
03-30 14:19:20.031  1617  1617 D Layer   : reparent to null sequence=738703, seq[8], name=36b0a58 com.kang.bravedns/com.kang.bravedns.ui.activity.ProxySettingsActivity#738703
03-30 14:19:20.031  1617  1617 D Layer   : reparent to null sequence=738709, seq[12], name=Surface(name=36b0a58 com.kang.bravedns/com.kang.bravedns.ui.activity.ProxySettingsActivity)/@0x1e4cc70 - animation-leash of window_animation#738709
03-30 14:19:20.048  3760  3760 E tztt    : updateNotificationListOnKg size:0
03-30 14:19:20.473  2053  3966 E OplusNetworkStatsNative: bpfGetAppPurStatsTotal return 0
03-30 14:19:20.474  4032  4455 D OplusUidPurStatsSerivce-NAS: checkLoopProcess mLastStatsValue:0; curStats:0
03-30 14:19:20.495  4032  4455 D WeChatScenarios-1722-10302: link=19,uid=10302 and not match current link:22 uid:10302
03-30 14:19:20.495  4032  4455 D WeChatScenarios-1723-10302: transportLayerQosChange TransportLayerData{link_index=19, uid=10302, uplink_srtt=0, uplink_packets=0, uplink_retrans_packets=0, uplink_retrans_rate=0, downlink_srtt=0, downlink_packets=0, downlink_retrans_packets=0, downlink_retrans_rate=0, downlink_rate=0, uplink_udp_packets=0, downlink_udp_packets=0, uplink_tcp_rate=0, uplink_udp_rate=0, downlink_tcp_rate=0, downlink_udp_rate=0}
03-30 14:19:20.495  4032  4455 D CommonScenarios-1722-10511: link=19,uid=10302 and not match current link:22 uid:10511
03-30 14:19:20.495  4032  4455 D CommonScenarios-1723-10511: link=19,uid=10302 and not match current link:19 uid:10511
03-30 14:19:20.496  4032  4455 D WeChatScenarios-1723-10302: ActiveState process message 2
03-30 14:19:20.496  4032  4455 D WeChatScenarios-1723-10302: ActiveState EVENT_NETWORK_KPI_CHANGE
03-30 14:19:20.496  4032  4455 D WeChatScenarios-1723-10302: scenarios low package or rtt is 0
03-30 14:19:20.496  4032  4455 D WeChatScenarios-1723-10302: ActiveState EVENT_NETWORK_KPI_CHANGE score 100 scenarioslow package
03-30 14:19:20.496  4032  4455 D WeChatScenarios-1723-10302: notifyScoreChange 100
03-30 14:19:20.496  4032  4455 D WeChatScenarios-1723-10302: needNotify lastScore=100 score=100
03-30 14:19:20.496  4032  4455 D WeChatScenarios-1723-10302: score diff < 5
03-30 14:19:20.496  4032  4455 D WeChatScenarios-1723-10302: not need notify score change, return
03-30 14:19:20.496  4032  4455 D NetworkScoreModel: onTransportlayerQosChange: TransportLayerData{link_index=19, uid=10302, uplink_srtt=0, uplink_packets=0, uplink_retrans_packets=0, uplink_retrans_rate=0, downlink_srtt=0, downlink_packets=0, downlink_retrans_packets=0, downlink_retrans_rate=0, downlink_rate=0, uplink_udp_packets=0, downlink_udp_packets=0, uplink_tcp_rate=0, uplink_udp_rate=0, downlink_tcp_rate=0, downlink_udp_rate=0}
03-30 14:19:20.496  4032  4455 D WeChatScenarios-1722-10302: transportLayerQosChange TransportLayerData{link_index=22, uid=10302, uplink_srtt=0, uplink_packets=0, uplink_retrans_packets=0, uplink_retrans_rate=0, downlink_srtt=0, downlink_packets=0, downlink_retrans_packets=0, downlink_retrans_rate=0, downlink_rate=0, uplink_udp_packets=0, downlink_udp_packets=0, uplink_tcp_rate=0, uplink_udp_rate=0, downlink_tcp_rate=0, downlink_udp_rate=0}
03-30 14:19:20.496  4032  4455 D WeChatScenarios-1723-10302: link=22,uid=10302 and not match current link:19 uid:10302
03-30 14:19:20.497  4032  4455 D CommonScenarios-1722-10511: link=22,uid=10302 and not match current link:22 uid:10511
03-30 14:19:20.497  4032  4455 D CommonScenarios-1723-10511: link=22,uid=10302 and not match current link:19 uid:10511
03-30 14:19:20.497  4032  4455 D WeChatScenarios-1722-10302: link=19,uid=10511 and not match current link:22 uid:10302
03-30 14:19:20.497  4032  4455 D WeChatScenarios-1723-10302: link=19,uid=10511 and not match current link:19 uid:10302
03-30 14:19:20.498  4032  4455 D CommonScenarios-1722-10511: link=19,uid=10511 and not match current link:22 uid:10511
03-30 14:19:20.498  4032  4455 D CommonScenarios-1723-10511: transportLayerQosChange TransportLayerData{link_index=19, uid=10511, uplink_srtt=0, uplink_packets=0, uplink_retrans_packets=0, uplink_retrans_rate=0, downlink_srtt=0, downlink_packets=0, downlink_retrans_packets=0, downlink_retrans_rate=0, downlink_rate=0, uplink_udp_packets=0, downlink_udp_packets=0, uplink_tcp_rate=0, uplink_udp_rate=0, downlink_tcp_rate=0, downlink_udp_rate=0}
03-30 14:19:20.498  4032  4455 D WeChatScenarios-1722-10302: link=22,uid=10511 and not match current link:22 uid:10302
03-30 14:19:20.498  4032  4455 D WeChatScenarios-1723-10302: link=22,uid=10511 and not match current link:19 uid:10302
03-30 14:19:20.498  4032  4455 D CommonScenarios-1722-10511: transportLayerQosChange TransportLayerData{link_index=22, uid=10511, uplink_srtt=0, uplink_packets=2, uplink_retrans_packets=3, uplink_retrans_rate=60, downlink_srtt=105, downlink_packets=0, downlink_retrans_packets=0, downlink_retrans_rate=0, downlink_rate=0, uplink_udp_packets=0, downlink_udp_packets=0, uplink_tcp_rate=300, uplink_udp_rate=0, downlink_tcp_rate=0, downlink_udp_rate=0}
03-30 14:19:20.498  4032  4455 D CommonScenarios-1723-10511: link=22,uid=10511 and not match current link:19 uid:10511
03-30 14:19:20.498  4032  4455 D WeChatScenarios-1722-10302: ActiveState process message 2
03-30 14:19:20.498  4032  4455 D WeChatScenarios-1722-10302: ActiveState EVENT_NETWORK_KPI_CHANGE
03-30 14:19:20.498  4032  4455 D WeChatScenarios-1722-10302: scenarios low package or rtt is 0
03-30 14:19:20.499  4032  4455 D WeChatScenarios-1722-10302: ActiveState EVENT_NETWORK_KPI_CHANGE score 100 scenarioslow package
03-30 14:19:20.499  4032  4455 D WeChatScenarios-1722-10302: notifyScoreChange 100
03-30 14:19:20.499  4032  4455 D WeChatScenarios-1722-10302: needNotify lastScore=100 score=100
03-30 14:19:20.499  4032  4455 D WeChatScenarios-1722-10302: score diff < 5
03-30 14:19:20.499  4032  4455 D WeChatScenarios-1722-10302: not need notify score change, return
03-30 14:19:20.499  4032  4455 D NetworkScoreModel: onTransportlayerQosChange: TransportLayerData{link_index=22, uid=10302, uplink_srtt=0, uplink_packets=0, uplink_retrans_packets=0, uplink_retrans_rate=0, downlink_srtt=0, downlink_packets=0, downlink_retrans_packets=0, downlink_retrans_rate=0, downlink_rate=0, uplink_udp_packets=0, downlink_udp_packets=0, uplink_tcp_rate=0, uplink_udp_rate=0, downlink_tcp_rate=0, downlink_udp_rate=0}
03-30 14:19:20.499  4032  4455 D CommonScenarios-1723-10511: ActiveState process message 2
03-30 14:19:20.499  4032  4455 D CommonScenarios-1723-10511: ActiveState EVENT_NETWORK_KPI_CHANGE
03-30 14:19:20.499  4032  4455 D CommonScenarios-1723-10511: transport layer data is invalid
03-30 14:19:20.499  4032  4455 D CommonScenarios-1723-10511: ActiveState EVENT_NETWORK_KPI_CHANGE score is invalid
03-30 14:19:20.499  4032  4455 D CommonScenarios-1722-10511: ActiveState process message 2
03-30 14:19:20.499  4032  4455 D CommonScenarios-1722-10511: ActiveState EVENT_NETWORK_KPI_CHANGE
03-30 14:19:20.499  4032  4455 D CommonScenarios-1722-10511: scenarios low package
03-30 14:19:20.499  4032  4455 D CommonScenarios-1722-10511: ActiveState EVENT_NETWORK_KPI_CHANGE score is invalid
03-30 14:19:20.499  4032  4455 D NetworkScoreModel: onTransportlayerQosChange: TransportLayerData{link_index=19, uid=10511, uplink_srtt=0, uplink_packets=0, uplink_retrans_packets=0, uplink_retrans_rate=0, downlink_srtt=0, downlink_packets=0, downlink_retrans_packets=0, downlink_retrans_rate=0, downlink_rate=0, uplink_udp_packets=0, downlink_udp_packets=0, uplink_tcp_rate=0, uplink_udp_rate=0, downlink_tcp_rate=0, downlink_udp_rate=0}
03-30 14:19:20.499  4032  4455 D NetworkScoreModel: onTransportlayerQosChange: TransportLayerData{link_index=22, uid=10511, uplink_srtt=0, uplink_packets=2, uplink_retrans_packets=3, uplink_retrans_rate=60, downlink_srtt=105, downlink_packets=0, downlink_retrans_packets=0, downlink_retrans_rate=0, downlink_rate=0, uplink_udp_packets=0, downlink_udp_packets=0, uplink_tcp_rate=300, uplink_udp_rate=0, downlink_tcp_rate=0, downlink_udp_rate=0}
03-30 14:19:20.610  1270 18230 I vendor.qti.bluetooth@1.0-ibs_handler: ProcessIbsCmd: Received IBS_WAKE_IND: 0xFD
03-30 14:19:20.611  1270 18230 D vendor.qti.bluetooth@1.0-ibs_handler: SerialClockVote: vote for UART CLK ON
03-30 14:19:20.613  1270 18230 D vendor.qti.bluetooth@1.0-wake_lock: Acquire wakelock is acquired 
03-30 14:19:20.613  1270 18230 I vendor.qti.bluetooth@1.0-ibs_handler: ProcessIbsCmd: Writing IBS_WAKE_ACK
03-30 14:19:20.616 18036 18241 E adv_data_processor: adv data modified, but len check fail or data invalid, stay intact
03-30 14:19:20.621 21257 22310 E yAF.CORE.BleAdvParser: afaf data is null
03-30 14:19:20.622 21257 22310 I yAF.APP.n: same device ignore statistic:DEBUG NOT PRINT.
03-30 14:19:20.623 21257 22310 I yAF.APP.ExpScannerImpl[scanTrack]: discoveryDevice, plugin device: {tag: *(13)A:15BLE_PLUGIN, name: DEBUG NOT PRINT., connectivity_name: DEBUG NOT PRINT., ADR: DEBUG NOT PRINT.}
03-30 14:19:20.623 21257 22310 I yAF.CORE.m: doDiscovery device: {tag: *(13)A:15BLE_PLUGIN, name: DEBUG NOT PRINT., connectivity_name: DEBUG NOT PRINT., ADR: DEBUG NOT PRINT.}
03-30 14:19:20.623 21257 22310 I yAF.CORE.m: setState, state not changed:DEVICE_PLUGIN, device: {tag: *(13)A:15BLE_PLUGIN, name: DEBUG NOT PRINT., connectivity_name: DEBUG NOT PRINT., ADR: DEBUG NOT PRINT.}
03-30 14:19:20.623 21257 22310 I yAF.APP.d: DeviceEvent STATE : DEVICE_PLUGIN
03-30 14:19:20.623 21257 22310 W yAF.APP.a: plugin scanResult ： DEBUG NOT PRINT.
03-30 14:19:20.623 21257 22310 W yAF.APP.a: plugin scanResult uuName： [0000fe3c-0000-1000-8000-00805f9b34fb]
03-30 14:19:20.654  1270 18230 I vendor.qti.bluetooth@1.0-ibs_handler: ProcessIbsCmd: Received IBS_SLEEP_IND: 0xFE
03-30 14:19:20.654  1270 18230 D vendor.qti.bluetooth@1.0-ibs_handler: SerialClockVote: vote for UART CLK OFF
03-30 14:19:20.805  1270 18225 D vendor.qti.bluetooth@1.0-wake_lock: Release wakelock is released 
03-30 14:19:20.890 20346 20445 D OplusScrollToTopManager: com.kang.bravedns/com.kang.bravedns.ui.activity.ProxySettingsActivity,This DecorView@740085e[ProxySettingsActivity] change focus to true
03-30 14:19:21.028  5881  6239 V MSF.C.MSFCore[@PS]: [Event] MSFPacketStatistics.cpp(300)::DoCheckRequestTimeout->current rtts:37.776
03-30 14:19:21.033  5881  6255 V MSF.C.MSFCore[@DD]: [Event] MSFDDNetworkEngine.cpp(179)::onTcpInfoUpdate->onTcpInfoUpdate:
03-30 14:19:21.033  5881  6255 V MSF.C.MSFCore[@DD]:                      tcpi_state = 1;
03-30 14:19:21.033  5881  6255 V MSF.C.MSFCore[@DD]:                      tcpi_ca_state = 0;
03-30 14:19:21.033  5881  6255 V MSF.C.MSFCore[@DD]:                      tcpi_rto = 204 ms;
03-30 14:19:21.033  5881  6255 V MSF.C.MSFCore[@DD]:                      tcpi_unacked = 0;
03-30 14:19:21.033  5881  6255 V MSF.C.MSFCore[@DD]:                      tcpi_rttcur = 1 ms;
03-30 14:19:21.033  5881  6255 V MSF.C.MSFCore[@DD]:                      tcpi_rttvar = 0 ms;
03-30 14:19:21.033  5881  6255 V MSF.C.MSFCore[@DD]:                      tcpi_bytes_retrans = 0 bytes;
03-30 14:19:21.033  5881  6255 V MSF.C.MSFCore[@DD]:                      tcpi_notsent_bytes = 0 bytes;
03-30 14:19:21.033  5881  6255 V MSF.C.MSFCore[@DD]:                      tcpi_bytes_received = 6439 bytes;
03-30 14:19:21.033  5881  6255 V MSF.C.MSFCore[@DD]:                      tcpi_bytes_sent = 1982 bytes 
03-30 14:19:21.033  5881  6255 V MSF.C.MSFCore[@DD]:                      tcpi_last_data_sent = 1944 ms 
03-30 14:19:21.033  5881  6255 V MSF.C.MSFCore[@DD]:                      tcpi_last_data_recv = 1988 ms 
03-30 14:19:21.074 20346 23373 I GoLog   : E pdial.go:29@dialers.proxyConnect>client.go:36@socks5.(*Client).Dial>client.go:60@socks5.(*Client).DialWithLocalAddr>client.go:202@socks5.(*Client).Negotiate>socks5.go:187: : proxy: socks5: S5 dial(tcp) from 192.160.220.219:8889 => 192.160.220.219:8889 (via S5); err? dial tcp 192.160.220.219:8889: i/
03-30 14:19:21.075 20346 23373 I GoLog   : E o timeout
03-30 14:19:21.075 20346 23373 I GoLog   : W socks5.go:222@ipn.(*socks5).dial>pdial.go:50@dialers.ProxyDials>pdial.go:38@dialers.ProxyDial>cdial.go:59@dialers.commondial[...]>cdial.go:122: : rdial: commondial: confirmed 183.61.247.216 for 183.61.247.216:443 failed; err dial tcp 192.160.220.219:8889: i/o timeout
03-30 14:19:21.075 20346 23373 I GoLog   : W tcp.go:273@intra.(*tcpHandler).Proxy>tcp.go:323@intra.(*tcpHandler).handle>socks5.go:203@ipn.(*socks5).Dial>socks5.go:222@ipn.(*socks5).dial>pdial.go:55: : pdial: trying tcp dialer of 0 / 1 to 183.61.247.216:443
03-30 14:19:21.075 20346 23373 I GoLog   : W tcp.go:273@intra.(*tcpHandler).Proxy>tcp.go:323@intra.(*tcpHandler).handle>socks5.go:203@ipn.(*socks5).Dial>socks5.go:222@ipn.(*socks5).dial>pdial.go:63: : pdial: no dialer (sz: 1) could connect to 183.61.247.216:443
03-30 14:19:21.075 20346 23373 I GoLog   : W tcp.go:139@netstack.tcpForwarder.func1>tcp.go:273@intra.(*tcpHandler).Proxy>tcp.go:323@intra.(*tcpHandler).handle>socks5.go:203@ipn.(*socks5).Dial>socks5.go:244: : proxy: socks5: S5 dial(tcp) failed 192.160.220.219:8889 => 183.61.247.216:443: dial tcp 192.160.220.219:8889: i/o timeout
03-30 14:19:21.075 20346 23373 I GoLog   : W tcp.go:352: spammy... 9 msgs; dropped? true
03-30 14:19:21.075 20346 23373 I GoLog   : W tcp.go:139@netstack.tcpForwarder.func1>tcp.go:273@intra.(*tcpHandler).Proxy>tcp.go:352: : tcp: err dialing 0a7e5e2082e69589 proxy(S5) to dst(183.61.247.216) for 10302: dial tcp 192.160.220.219:8889: i/o timeout
03-30 14:19:21.075 20346 23373 I GoLog   : W tcp.go:139@netstack.tcpForwarder.func1>tcp.go:277: : tcp: dial: #0: 0a7e5e2082e69589 failed; addr(183.61.247.216:443) / fallback? false / cont? true / he? false; for uid 10302 (10s); w err(dial tcp 192.160.220.219:8889: i/o timeout)
03-30 14:19:21.519  4032  4455 D WeChatScenarios-1722-10302: link=19,uid=10302 and not match current link:22 uid:10302
03-30 14:19:21.519  4032  4455 D WeChatScenarios-1723-10302: transportLayerQosChange TransportLayerData{link_index=19, uid=10302, uplink_srtt=0, uplink_packets=0, uplink_retrans_packets=0, uplink_retrans_rate=0, downlink_srtt=0, downlink_packets=0, downlink_retrans_packets=0, downlink_retrans_rate=0, downlink_rate=0, uplink_udp_packets=0, downlink_udp_packets=0, uplink_tcp_rate=0, uplink_udp_rate=0, downlink_tcp_rate=0, downlink_udp_rate=0}
03-30 14:19:21.519  4032  4455 D CommonScenarios-1722-10511: link=19,uid=10302 and not match current link:22 uid:10511
03-30 14:19:21.520  4032  4455 D CommonScenarios-1723-10511: link=19,uid=10302 and not match current link:19 uid:10511
03-30 14:19:21.520  4032  4455 D WeChatScenarios-1723-10302: ActiveState process message 2
03-30 14:19:21.520  4032  4455 D WeChatScenarios-1723-10302: ActiveState EVENT_NETWORK_KPI_CHANGE
03-30 14:19:21.520  4032  4455 D WeChatScenarios-1723-10302: scenarios low package or rtt is 0
03-30 14:19:21.520  4032  4455 D WeChatScenarios-1723-10302: ActiveState EVENT_NETWORK_KPI_CHANGE score 100 scenarioslow package
03-30 14:19:21.520  4032  4455 D WeChatScenarios-1723-10302: notifyScoreChange 100
03-30 14:19:21.520  4032  4455 D WeChatScenarios-1723-10302: needNotify lastScore=100 score=100
03-30 14:19:21.520  4032  4455 D WeChatScenarios-1723-10302: score diff < 5
03-30 14:19:21.520  4032  4455 D WeChatScenarios-1723-10302: not need notify score change, return
03-30 14:19:21.520  4032  4455 D NetworkScoreModel: onTransportlayerQosChange: TransportLayerData{link_index=19, uid=10302, uplink_srtt=0, uplink_packets=0, uplink_retrans_packets=0, uplink_retrans_rate=0, downlink_srtt=0, downlink_packets=0, downlink_retrans_packets=0, downlink_retrans_rate=0, downlink_rate=0, uplink_udp_packets=0, downlink_udp_packets=0, uplink_tcp_rate=0, uplink_udp_rate=0, downlink_tcp_rate=0, downlink_udp_rate=0}
03-30 14:19:21.521  4032  4455 D WeChatScenarios-1722-10302: transportLayerQosChange TransportLayerData{link_index=22, uid=10302, uplink_srtt=0, uplink_packets=0, uplink_retrans_packets=0, uplink_retrans_rate=0, downlink_srtt=0, downlink_packets=0, downlink_retrans_packets=0, downlink_retrans_rate=0, downlink_rate=0, uplink_udp_packets=0, downlink_udp_packets=0, uplink_tcp_rate=0, uplink_udp_rate=0, downlink_tcp_rate=0, downlink_udp_rate=0}
03-30 14:19:21.521  4032  4455 D WeChatScenarios-1723-10302: link=22,uid=10302 and not match current link:19 uid:10302
03-30 14:19:21.521  4032  4455 D CommonScenarios-1722-10511: link=22,uid=10302 and not match current link:22 uid:10511
03-30 14:19:21.521  4032  4455 D CommonScenarios-1723-10511: link=22,uid=10302 and not match current link:19 uid:10511
03-30 14:19:21.521  4032  4455 D WeChatScenarios-1722-10302: link=19,uid=10511 and not match current link:22 uid:10302
03-30 14:19:21.522  4032  4455 D WeChatScenarios-1723-10302: link=19,uid=10511 and not match current link:19 uid:10302
03-30 14:19:21.522  4032  4455 D CommonScenarios-1722-10511: link=19,uid=10511 and not match current link:22 uid:10511
03-30 14:19:21.522  4032  4455 D CommonScenarios-1723-10511: transportLayerQosChange TransportLayerData{link_index=19, uid=10511, uplink_srtt=0, uplink_packets=0, uplink_retrans_packets=0, uplink_retrans_rate=0, downlink_srtt=0, downlink_packets=0, downlink_retrans_packets=0, downlink_retrans_rate=0, downlink_rate=0, uplink_udp_packets=0, downlink_udp_packets=0, uplink_tcp_rate=0, uplink_udp_rate=0, downlink_tcp_rate=0, downlink_udp_rate=0}
03-30 14:19:21.522  4032  4455 D WeChatScenarios-1722-10302: link=22,uid=10511 and not match current link:22 uid:10302
03-30 14:19:21.522  4032  4455 D WeChatScenarios-1723-10302: link=22,uid=10511 and not match current link:19 uid:10302
03-30 14:19:21.522  4032  4455 D CommonScenarios-1722-10511: transportLayerQosChange TransportLayerData{link_index=22, uid=10511, uplink_srtt=0, uplink_packets=0, uplink_retrans_packets=4, uplink_retrans_rate=100, downlink_srtt=105, downlink_packets=0, downlink_retrans_packets=0, downlink_retrans_rate=0, downlink_rate=0, uplink_udp_packets=0, downlink_udp_packets=0, uplink_tcp_rate=240, uplink_udp_rate=0, downlink_tcp_rate=0, downlink_udp_rate=0}
03-30 14:19:21.523  4032  4455 D CommonScenarios-1723-10511: link=22,uid=10511 and not match current link:19 uid:10511
03-30 14:19:21.523  4032  4455 D WeChatScenarios-1722-10302: ActiveState process message 2
03-30 14:19:21.523  4032  4455 D WeChatScenarios-1722-10302: ActiveState EVENT_NETWORK_KPI_CHANGE
03-30 14:19:21.523  4032  4455 D WeChatScenarios-1722-10302: scenarios low package or rtt is 0
03-30 14:19:21.523  4032  4455 D WeChatScenarios-1722-10302: ActiveState EVENT_NETWORK_KPI_CHANGE score 100 scenarioslow package
03-30 14:19:21.523  4032  4455 D WeChatScenarios-1722-10302: notifyScoreChange 100
03-30 14:19:21.523  4032  4455 D WeChatScenarios-1722-10302: needNotify lastScore=100 score=100
03-30 14:19:21.523  4032  4455 D WeChatScenarios-1722-10302: score diff < 5
03-30 14:19:21.523  4032  4455 D WeChatScenarios-1722-10302: not need notify score change, return
03-30 14:19:21.523  4032  4455 D NetworkScoreModel: onTransportlayerQosChange: TransportLayerData{link_index=22, uid=10302, uplink_srtt=0, uplink_packets=0, uplink_retrans_packets=0, uplink_retrans_rate=0, downlink_srtt=0, downlink_packets=0, downlink_retrans_packets=0, downlink_retrans_rate=0, downlink_rate=0, uplink_udp_packets=0, downlink_udp_packets=0, uplink_tcp_rate=0, uplink_udp_rate=0, downlink_tcp_rate=0, downlink_udp_rate=0}
03-30 14:19:21.524  4032  4455 D CommonScenarios-1723-10511: ActiveState process message 2
03-30 14:19:21.524  4032  4455 D CommonScenarios-1723-10511: ActiveState EVENT_NETWORK_KPI_CHANGE
03-30 14:19:21.524  4032  4455 D CommonScenarios-1723-10511: transport layer data is invalid
03-30 14:19:21.524  4032  4455 D CommonScenarios-1723-10511: ActiveState EVENT_NETWORK_KPI_CHANGE score is invalid
03-30 14:19:21.524  4032  4455 D NetworkScoreModel: onTransportlayerQosChange: TransportLayerData{link_index=19, uid=10511, uplink_srtt=0, uplink_packets=0, uplink_retrans_packets=0, uplink_retrans_rate=0, downlink_srtt=0, downlink_packets=0, downlink_retrans_packets=0, downlink_retrans_rate=0, downlink_rate=0, uplink_udp_packets=0, downlink_udp_packets=0, uplink_tcp_rate=0, uplink_udp_rate=0, downlink_tcp_rate=0, downlink_udp_rate=0}
03-30 14:19:21.524  4032  4455 D CommonScenarios-1722-10511: ActiveState process message 2
03-30 14:19:21.524  4032  4455 D CommonScenarios-1722-10511: ActiveState EVENT_NETWORK_KPI_CHANGE
03-30 14:19:21.524  4032  4455 D CommonScenarios-1722-10511: scenarios low package
03-30 14:19:21.524  4032  4455 D CommonScenarios-1722-10511: ActiveState EVENT_NETWORK_KPI_CHANGE score is invalid
03-30 14:19:21.524  4032  4455 D NetworkScoreModel: onTransportlayerQosChange: TransportLayerData{link_index=22, uid=10511, uplink_srtt=0, uplink_packets=0, uplink_retrans_packets=4, uplink_retrans_rate=100, downlink_srtt=105, downlink_packets=0, downlink_retrans_packets=0, downlink_retrans_rate=0, downlink_rate=0, uplink_udp_packets=0, downlink_udp_packets=0, uplink_tcp_rate=240, uplink_udp_rate=0, downlink_tcp_rate=0, downlink_udp_rate=0}
03-30 14:19:21.543  2053  3452 I [UAH_CLIENT_WRAPPER]: [UahNotifyWapper] inputflinger, src:1000, type:0
03-30 14:19:21.543  2053  3452 I [UAH_CLIENT]: uahRuleCtl, ruleId:1000, status:0
03-30 14:19:21.544  2053  3473 D system_server: addOrUpdateWindow: set 6b91671 com.kang.bravedns/com.kang.bravedns.ui.activity.ProxySettingsActivity firstDownTimeInTarget to 4548199928417000
03-30 14:19:21.544  2053  3473 D system_server: addOrUpdateWindow: set [Gesture Monitor] swipe-up firstDownTimeInTarget to 4548199928417000
03-30 14:19:21.544  2053  3473 D system_server: addOrUpdateWindow: set [Gesture Monitor] OplusExInputReceiver1 firstDownTimeInTarget to 4548199928417000
03-30 14:19:21.544  2053  3473 D system_server: addOrUpdateWindow: set [Gesture Monitor] edge-swipe firstDownTimeInTarget to 4548199928417000
03-30 14:19:21.545  2053  3452 I [UAH_CLIENT_WRAPPER]: [UahEventAcquireWrapper] eventId:OSENSE_ACTION_TOUCH_BOOST, scene:none, identity:inputflinger, timeout:150
03-30 14:19:21.545  2053  3452 I [UAH_CLIENT]: UahEventAcquire, cmdid:37, pkg:none, identity:inputflinger
03-30 14:19:21.545  2053  3473 W InputDispatcherExtImpl: MotionEvent action_down is in invalid region {[homegesture_displayid_0][0.000000,2346.000000][1080.000000,2412.000000],}, x: 563.250000, y: 2384.250000, key: homegesture_displayid_0, displayid: 0
03-30 14:19:21.547  3760  4621 I SystemUi--NavBar: NoBackGesture-->display_id_0 Start gesture: 
03-30 14:19:21.547  3760  4621 I SystemUi--NavBar: SideGestureDetector-->display_id_0 updateNavBarHidden  mNavBarHidden = false display id =0
03-30 14:19:21.547  3760  4621 I SystemUi--NavBar: NoBackGesture-->display_id_0 Not in side gesture area
03-30 14:19:21.548  2053  3473 D PowerManagerService: userActivityNoUpdateLocked: groupId=0, eventTime=4548199928, event=touch, flags=0x0, uid=1000
03-30 14:19:21.549  3760  3760 I SystemUi--NavBar: NoBackGesture-->gestureBar animation: gestureBarNotHide = true, isCorrectHomeHandle = true
03-30 14:19:21.549  3760  3760 I SystemUi--NavBar: NoBackGesture-->send down event to NavigationBarHandle
03-30 14:19:21.549  2053  3635 D OGG_Detector: D:done mCurrStatus: 0
03-30 14:19:21.551 21437 21437 D OplusBaseTouchInteractionService: onInputEvent-isReverseGestureAnimationRunning: false, null. null, isInheritForReverseAnim = false
03-30 14:19:21.556 21437 21437 D TracePrintUtil: asyncTraceBegin add 9
03-30 14:19:21.633 21437 21437 D OplusOtherActivityInputConsumer: startTouchTrackingForWindowAnimation(), isRecentsAnimRunning=false, isStarted=false
03-30 14:19:21.635  1331  1331 I [UAH_CLIENT]: UahPlatformResAcquire
03-30 14:19:21.636  1331  1331 I [UAH_CLIENT]: UahEventAcquire, cmdid:-3, pkg:2053 2701, identity:qcom-perfd
03-30 14:19:21.640  1331  1371 E ANDR-PERF-RESOURCEQS: Resource with major=15, minor=0 not supported
03-30 14:19:21.640  1331  1371 E ANDR-PERF-RESOURCEQS: Resource with major=15, minor=0 not supported
03-30 14:19:21.640  1331  1371 E ANDR-PERF-RESOURCEQS: Resource with major=15, minor=0 not supported
03-30 14:19:21.641  2053  3966 D OplusZoomWindowManagerService: isSupportZoomMode callPkg = com.android.launcher ,caller = 21437
03-30 14:19:21.642  2053  3966 D OplusZoomWindowRUSConfigManager: isSupportZoomModeWithPolicyLocked: target = com.kang.bravedns/.ui.activity.LauncherAliasAppLock
03-30 14:19:21.642  2053  3966 D OplusZoomWindowRUSConfigManager: targetPkg = com.kang.bravedns
03-30 14:19:21.643  2053  3966 D OplusZoomWindowManagerService: isSupportZoomMode callPkg = com.android.launcher ,caller = 21437
03-30 14:19:21.643  2053  3966 D OplusZoomWindowRUSConfigManager: isSupportZoomModeWithPolicyLocked: target = com.kang.bravedns/.ui.activity.ProxySettingsActivity
03-30 14:19:21.643  2053  3966 D OplusZoomWindowRUSConfigManager: targetPkg = com.kang.bravedns
03-30 14:19:21.646  1429  1472 E PerformanceService: Failed to open /proc/21437/task/69785/ux_state (2): No such file or directory, Linux version 5.4.254
03-30 14:19:21.647  2053  3473 D PowerManagerService: userActivityNoUpdateLocked: groupId=0, eventTime=4548200032, event=touch, flags=0x0, uid=1000
03-30 14:19:21.648 21437 21437 D MultiStateCallback: [136341062] Adding [STATE_LAUNCHER_PRESENT (1)] to [ (0)]
03-30 14:19:21.648  2053  3465 D WindowManager: request show transient bar, navigationBar already visible
03-30 14:19:21.649  2053  3966 D OplusAppListInterceptManager: shouldFilterTask
03-30 14:19:21.649 21437 21437 D DockIconView: onIconListVisibilityChanged: mTask = [id=5337 windowingMode=1 user=0 lastActiveTime=7632894408, displayId=0] Gemini,alpha=1.0,l=630,t=0,r=750,b=120
03-30 14:19:21.649  2053  3966 D OplusAppListInterceptManager: shouldFilterTask::packageName = com.kang.bravedns
03-30 14:19:21.649 21437 21437 D DockIconView: refresh: scale = 0.71428573,bm.width=168,icon.width=120,measureWidth=120
03-30 14:19:21.649 21437 21437 D DockIconView: updatePaintFilter: mBitmapShader = android.graphics.BitmapShader@af82534,mul=204,alpha=1.0,mDimAlpha=0.2
03-30 14:19:21.649  2053  3966 D ActivityTaskManager: Skipping, invisible task: Task{f4acbad #5 type=home I=com.android.launcher/.Launcher}
03-30 14:19:21.649  2053  3966 D OplusAppListInterceptManager: shouldFilterTask
03-30 14:19:21.649  2053  3966 D OplusAppListInterceptManager: shouldFilterTask::packageName = com.tencent.mm
03-30 14:19:21.650  2053  3966 D OplusAppListInterceptManager: shouldFilterTask
03-30 14:19:21.650  2053  3966 D OplusAppListInterceptManager: shouldFilterTask::packageName = com.android.settings
03-30 14:19:21.650  2053  3966 D OplusSplitScreenManagerService: com.android.settings unSupportsSplitScreen by blockList or ForbidActivityList
03-30 14:19:21.650  2053  3966 D OplusAppListInterceptManager: shouldFilterTask
03-30 14:19:21.650  2053  3966 D OplusAppListInterceptManager: shouldFilterTask::packageName = com.android.settings
03-30 14:19:21.650  2053  3966 D OplusSplitScreenManagerService: com.android.settings unSupportsSplitScreen by blockList or ForbidActivityList
03-30 14:19:21.650  2053  3966 D OplusSplitScreenManagerService: com.android.settings unSupportsSplitScreen by blockList or ForbidActivityList
03-30 14:19:21.650  2053  3966 D OplusAppListInterceptManager: shouldFilterTask
03-30 14:19:21.650  2053  3966 D OplusAppListInterceptManager: shouldFilterTask::packageName = com.qidian.QDReader
03-30 14:19:21.650  2053  3966 D OplusAppListInterceptManager: shouldFilterTask
03-30 14:19:21.650  2053  3966 D OplusAppListInterceptManager: shouldFilterTask::packageName = com.android.settings
03-30 14:19:21.650  2053  3966 D OplusSplitScreenManagerService: com.android.settings unSupportsSplitScreen by blockList or ForbidActivityList
03-30 14:19:21.651  2053  3966 D OplusAppListInterceptManager: shouldFilterTask
03-30 14:19:21.651  2053  3966 D OplusAppListInterceptManager: shouldFilterTask::packageName = ua.com.streamsoft.pingtools
03-30 14:19:21.651  2053  3966 D OplusAppListInterceptManager: shouldFilterTask
03-30 14:19:21.651  2053  3966 D OplusAppListInterceptManager: shouldFilterTask::packageName = com.tencent.wework
03-30 14:19:21.651  2053  3966 D OplusAppListInterceptManager: shouldFilterTask
03-30 14:19:21.651  2053  3966 D OplusAppListInterceptManager: shouldFilterTask::packageName = com.sankuai.meituan.takeoutnew
03-30 14:19:21.651  1429  1472 E PerformanceService: Failed to open /proc/21437/task/69785/ux_state (2): No such file or directory, Linux version 5.4.254
03-30 14:19:21.651  2053  3966 D OplusAppListInterceptManager: shouldFilterTask
03-30 14:19:21.651  2053  3966 D OplusAppListInterceptManager: shouldFilterTask::packageName = com.alibaba.android.rimet
03-30 14:19:21.651  2053  3966 D OplusAppListInterceptManager: shouldFilterTask
03-30 14:19:21.651  2053  3966 D OplusAppListInterceptManager: shouldFilterTask::packageName = com.github.kr328.clash
03-30 14:19:21.652  2053  3966 D OplusAppListInterceptManager: shouldFilterTask
03-30 14:19:21.652  2053  3966 D OplusAppListInterceptManager: shouldFilterTask::packageName = com.google.android.googlequicksearchbox
03-30 14:19:21.652  2053  3966 D OplusAppListInterceptManager: shouldFilterTask
03-30 14:19:21.652  2053  3966 D OplusAppListInterceptManager: shouldFilterTask::packageName = com.google.android.apps.bard
03-30 14:19:21.652 21437 21437 D MultiStateCallback: [136341062] Adding [STATE_LAUNCHER_BIND_TO_SERVICE (8)] to [STATE_LAUNCHER_PRESENT (1)]
03-30 14:19:21.652  2053  3966 D ActivityTaskManager: after skip size 13
03-30 14:19:21.654 21437 21437 D MultiStateCallback: [42754208] Adding [STATE_RECENTS_ANIMATION_INITIALIZED (4)] to [ (0)]
03-30 14:19:21.654 21437 21437 D MultiStateCallback: [136341062] Adding [STATE_GESTURE_STARTED (256)] to [STATE_LAUNCHER_PRESENT, STATE_LAUNCHER_BIND_TO_SERVICE (9)]
03-30 14:19:21.655 21437 23563 D SystemUiProxy: startRecentsActivity, true
03-30 14:19:21.656  3760  7116 I IPCThreadState: oneway function results for code 47 on binder at 0xb40000777c9134c0 will be dropped but finished with status UNKNOWN_TRANSACTION
03-30 14:19:21.656  3760  3920 V WindowManagerShell: RecentsTransitionHandler.startRecentsTransition
03-30 14:19:21.657  2053  4388 D OplusZoomWindowManagerService: hideZoomWindow flag = 12 ,caller = 21437
03-30 14:19:21.657  2053  4388 W OplusZoomTaskController: notifySystemEvent event = 1
03-30 14:19:21.657  3760  3920 V WindowManagerShell: Directly starting a new transition type=3 wct=WindowContainerTransaction { changes = {} hops = [{PendingIntent: options=Bundle[mParcelledData.dataSize=568]}] errorCallbackToken=null taskFragmentOrganizer=null } handler=com.android.wm.shell.recents.RecentsTransitionHandler@cbf3141
03-30 14:19:21.660  2053  3592 E UAH_JNI : uah_event_acquire ! cmdId: 0 ,strPkg: com.android.launcher, strIdent: com.android.server.wm, timeout: 100
03-30 14:19:21.661  2053  3592 I [UAH_CLIENT]: UahEventAcquire, cmdid:0, pkg:com.android.launcher, identity:com.android.server.wm
03-30 14:19:21.661  2053  3966 I OplusHansManager : front pkg: com.android.launcher, uid: 10105, prev pkg: com.kang.bravedns, prev uid: 10511
03-30 14:19:21.662  2053  3966 D ActivityTaskManager: setVisibility(Token{1b59ee2 ActivityRecord{5cb2283 u0 com.android.launcher/.Launcher t5}}, visible=true) defer commitVisibility for transition collecting
03-30 14:19:21.663 21437 22583 D VRI[Launcher]: dispatchAppVisibility visible:true
03-30 14:19:21.663  2012 12221 D VRI[]   : dispatchAppVisibility visible:true
03-30 14:19:21.663 21437 21437 D DockIconView: updatePaintFilter: mBitmapShader = null,mul=204,alpha=1.0,mDimAlpha=0.2
03-30 14:19:21.664 21437 21437 D DockIconView: updatePaintFilter: mBitmapShader = null,mul=204,alpha=1.0,mDimAlpha=0.2
03-30 14:19:21.664 21437 21437 D DockIconView: updatePaintFilter: mBitmapShader = null,mul=204,alpha=1.0,mDimAlpha=0.2
03-30 14:19:21.664 21437 21437 D DockIconView: updatePaintFilter: mBitmapShader = null,mul=204,alpha=1.0,mDimAlpha=0.2
03-30 14:19:21.664 21437 21437 D DockIconView: updatePaintFilter: mBitmapShader = null,mul=204,alpha=1.0,mDimAlpha=0.2
03-30 14:19:21.664 21437 21437 D DockIconView: updatePaintFilter: mBitmapShader = null,mul=204,alpha=1.0,mDimAlpha=0.2
03-30 14:19:21.664 21437 21437 D DockIconView: updatePaintFilter: mBitmapShader = null,mul=204,alpha=1.0,mDimAlpha=0.2
03-30 14:19:21.664 21437 21437 D DockIconView: updatePaintFilter: mBitmapShader = null,mul=204,alpha=1.0,mDimAlpha=0.2
03-30 14:19:21.664 21437 21437 D DockIconView: updatePaintFilter: mBitmapShader = null,mul=204,alpha=1.0,mDimAlpha=0.2
03-30 14:19:21.664 21437 21437 D DockIconView: updatePaintFilter: mBitmapShader = null,mul=204,alpha=1.0,mDimAlpha=0.2
03-30 14:19:21.664 21437 21437 D DockIconView: updatePaintFilter: mBitmapShader = null,mul=204,alpha=1.0,mDimAlpha=0.2
03-30 14:19:21.664 21437 21437 D DockIconView: updatePaintFilter: mBitmapShader = null,mul=204,alpha=1.0,mDimAlpha=0.2
03-30 14:19:21.665 21437 21437 D DockIconView: onIconListVisibilityChanged: mTask = [id=5381 windowingMode=1 user=0 lastActiveTime=7652742391, displayId=0] null,alpha=1.0,l=2280,t=0,r=2400,b=120
03-30 14:19:21.665 21437 21437 D DockIconView: onIconListVisibilityChanged: mTask = [id=5379 windowingMode=1 user=0 lastActiveTime=7652686106, displayId=0] null,alpha=1.0,l=2130,t=0,r=2250,b=120
03-30 14:19:21.665 21437 21437 D DockIconView: onIconListVisibilityChanged: mTask = [id=5380 windowingMode=1 user=0 lastActiveTime=7651734093, displayId=-1] null,alpha=1.0,l=1980,t=0,r=2100,b=120
03-30 14:19:21.665 21437 21437 D DockIconView: onIconListVisibilityChanged: mTask = [id=5346 windowingMode=1 user=0 lastActiveTime=7651309981, displayId=0] null,alpha=1.0,l=1830,t=0,r=1950,b=120
03-30 14:19:21.665 21437 21437 D DockIconView: onIconListVisibilityChanged: mTask = [id=5374 windowingMode=1 user=0 lastActiveTime=7646057635, displayId=0] null,alpha=1.0,l=1680,t=0,r=1800,b=120
03-30 14:19:21.665 21437 21437 D DockIconView: onIconListVisibilityChanged: mTask = [id=5373 windowingMode=1 user=0 lastActiveTime=7644741906, displayId=-1] null,alpha=1.0,l=1530,t=0,r=1650,b=120
03-30 14:19:21.665 21437 21437 D DockIconView: onIconListVisibilityChanged: mTask = [id=5371 windowingMode=1 user=0 lastActiveTime=7644116150, displayId=0] null,alpha=1.0,l=1380,t=0,r=1500,b=120
03-30 14:19:21.665 21437 21437 D DockIconView: onIconListVisibilityChanged: mTask = [id=5368 windowingMode=1 user=0 lastActiveTime=7643813616, displayId=0] null,alpha=1.0,l=1230,t=0,r=1350,b=120
03-30 14:19:21.665 21437 21437 D DockIconView: onIconListVisibilityChanged: mTask = [id=5354 windowingMode=1 user=0 lastActiveTime=7640592615, displayId=0] null,alpha=1.0,l=1080,t=0,r=1200,b=120
03-30 14:19:21.665 21437 21437 D DockIconView: onIconListVisibilityChanged: mTask = [id=5339 windowingMode=1 user=0 lastActiveTime=7634354622, displayId=0] null,alpha=1.0,l=930,t=0,r=1050,b=120
03-30 14:19:21.665 21437 21437 D DockIconView: onIconListVisibilityChanged: mTask = [id=5338 windowingMode=1 user=0 lastActiveTime=7633391021, displayId=0] null,alpha=1.0,l=780,t=0,r=900,b=120
03-30 14:19:21.665 21437 21437 D DockIconView: onIconListVisibilityChanged: mTask = [id=5337 windowingMode=1 user=0 lastActiveTime=7632894408, displayId=0] null,alpha=1.0,l=630,t=0,r=750,b=120
03-30 14:19:21.667  2053  3833 I Osense-BaseDecisionMaker: notifySceneToAthenaPolicy: SCENE_LAUNCHER, bundle: Bundle[{prevPkgName=com.kang.bravedns, curUid=10105, curPkgName=com.android.launcher, prevUid=10511}]
03-30 14:19:21.667  2053  4179 I OplusHansManager : uid=10511, pkg=com.kang.bravedns enter SM
03-30 14:19:21.667  2053  4179 I OplusHansManager : uid=10511, pkg=com.kang.bravedns R enter(), D stay=60
03-30 14:19:21.669 21437 21437 D DockIconView: updatePaintFilter: mBitmapShader = null,mul=204,alpha=1.0,mDimAlpha=0.0
03-30 14:19:21.669  2053  4259 I OplusResourcePreloadManager: resume pkg: com.android.launcher, uid:10105, prev pkg: com.kang.bravedns, prev uid: 10511
03-30 14:19:21.670 21437 21437 D OplusRecentsView: onPageBeginTransition
03-30 14:19:21.670  2053  3966 D FlexibleTaskController: onTaskFocusChanged prevTask:Task{7425c93 #5381 type=standard A=10511:com.kang.bravedns} ,currentTask:Task{f4acbad #5 type=home I=com.android.launcher/.Launcher}
