03-30 14:19:21.779  2053  2642 D OplusFlexibleWindowMinimizedManagerHelper: onTaskInfoChanged taskInfo:TaskInfo{userId=0 taskId=5381 displayId=0 isRunning=true baseIntent=Intent { act=android.intent.action.MAIN cat=[android.intent.category.LAUNCHER] flg=0x10200000 cmp=com.kang.bravedns/.ui.activity.LauncherAliasAppLock mCallingUid=10105 } baseActivity=ComponentInfo{com.kang.bravedns/com.kang.bravedns.ui.HomeScreenActivity} topActivity=ComponentInfo{com.kang.bravedns/com.kang.bravedns.ui.activity.ProxySettingsActivity} origActivity=ComponentInfo{com.kang.bravedns/com.kang.bravedns.ui.activity.LauncherAliasAppLock} realActivity=ComponentInfo{com.kang.bravedns/com.kang.bravedns.ui.activity.AppLockActivity} numActivities=2 lastActiveTime=7652742391 supportsSplitScreenMultiWindow=true supportsMultiWindow=true supportsPocketStudioMultiWindow=true isInFlexibleEmbedded = false uid = 10511 pid = 20346 resizeMode=1 isResizeable=true minWidth=-1 minHeight=-1 defaultMinSize=220 token=WCT{RemoteToken{860ae8a Task{7425c93 #5381 type=standard A=10511:com.kang.bravedns}}} topActivityType=1 pictureInPictureParams=null shouldDockBigOverlays=false launchIntoPipHostTaskId=-1 lastParentTaskIdBeforePip=-1 displayCutoutSafeInsets=Rect(0, 96 - 0, 0) topActivityInfo=ActivityInfo{fe7939 com.kang.bravedns.ui.activity.ProxySettingsActivity} launchCookies=[android.os.BinderProxy@94fdd7] positionInParent=Point(0, 0) parentTaskId=-1 isFocused=false isVisible=true isVisibleRequested=true isSleeping=false topActivityInSizeCompat=false topActivityInOplusCompatMode=false topActivityEligibleForLetterboxEducation= false topActivityLetterboxed= false isFromDoubleTap= false topActivityLetterboxVerticalPosition= -1 topActivityLetterboxHorizontalPosition= -1 topActivityLetterboxWidth=-1 topActivityLetterboxHeight=-1 locusId=null displayAreaFeatureId=1 cameraCompatControlState=hidden locusId= null topActivityLetterboxInsets=Rect(0, 0 - 0, 0)} task:Task{7425c93 #5381 type=standard A=10511:com.kang.bravedns}
03-30 14:19:21.779  2053  4388 D CompatibilityChangeReporter: Compat change id reported: 161252188; UID 1000; state: DISABLED
03-30 14:19:21.779  2053  2642 I TaskOrganizerController: onTaskInfoChanged taskid 1 config { mBounds=Rect(0, 0 - 1080, 2412) mAppBounds=Rect(0, 96 - 1080, 2364) mMaxBounds=Rect(0, 0 - 1080, 2412) mDisplayRotation=ROTATION_0 mWindowingMode=fullscreen mDisplayWindowingMode=fullscreen mActivityType=home mAlwaysOnTop=undefined mRotation=ROTATION_0}
03-30 14:19:21.779  2053  2642 D FlexibleWindowManager: onFlexibleWindowTaskInfoChanged: mTaskId = 1 oldIsTaskEmbedded = false   curIsTaskEmbedded = false  topActivity = ComponentInfo{com.android.launcher/com.android.launcher.Launcher}
03-30 14:19:21.779  2053  2642 D OplusFlexibleWindowMinimizedManagerHelper: onTaskInfoChanged taskInfo:TaskInfo{userId=0 taskId=1 displayId=0 isRunning=true baseIntent=Intent { act=android.intent.action.MAIN cat=[android.intent.category.HOME] flg=0x10000100 cmp=com.android.launcher/.Launcher mCallingUid=1000 } baseActivity=ComponentInfo{com.android.launcher/com.android.launcher.Launcher} topActivity=ComponentInfo{com.android.launcher/com.android.launcher.Launcher} origActivity=null realActivity=null numActivities=1 lastActiveTime=16216 supportsSplitScreenMultiWindow=false supportsMultiWindow=true supportsPocketStudioMultiWindow=true isInFlexibleEmbedded = false uid = 10105 pid = 21437 resizeMode=2 isResizeable=true minWidth=-1 minHeight=-1 defaultMinSize=220 token=WCT{RemoteToken{f667cc7 Task{cc17e23 #1 type=home}}} topActivityType=2 pictureInPictureParams=null shouldDockBigOverlays=false launchIntoPipHostTaskId=-1 lastParentTaskIdBeforePip=-1 displayCutoutSafeInsets=null topActivityInfo=ActivityInfo{21e1d0b com.android.launcher.Launcher} launchCookies=[] positionInParent=Point(0, 0) parentTaskId=-1 isFocused=true isVisible=true isVisibleRequested=true isSleeping=false topActivityInSizeCompat=false topActivityInOplusCompatMode=false topActivityEligibleForLetterboxEducation= false topActivityLetterboxed= false isFromDoubleTap= false topActivityLetterboxVerticalPosition= -1 topActivityLetterboxHorizontalPosition= -1 topActivityLetterboxWidth=-1 topActivityLetterboxHeight=-1 locusId=LocusId[17_chars] displayAreaFeatureId=1 cameraCompatControlState=hidden locusId= LocusId[17_chars] topActivityLetterboxInsets=Rect(0, 0 - 0, 0)} task:Task{cc17e23 #1 type=home}
03-30 14:19:21.779  4032  4530 D OplusDdsSwitchStrategy: Md,OplusCheckFeature,RETURN_TO_CUR_ACTION_DDS
03-30 14:19:21.780  3760  3920 D ShellTaskOrganizer: dispatchTaskEventToClientIfNeed, eventType:2, taskInfo:TaskInfo{userId=0 taskId=5381 displayId=0 isRunning=true baseIntent=Intent { act=android.intent.action.MAIN cat=[android.intent.category.LAUNCHER] flg=0x10200000 cmp=com.kang.bravedns/.ui.activity.LauncherAliasAppLock mCallingUid=10105 } baseActivity=ComponentInfo{com.kang.bravedns/com.kang.bravedns.ui.HomeScreenActivity} topActivity=ComponentInfo{com.kang.bravedns/com.kang.bravedns.ui.activity.ProxySettingsActivity} origActivity=ComponentInfo{com.kang.bravedns/com.kang.bravedns.ui.activity.LauncherAliasAppLock} realActivity=ComponentInfo{com.kang.bravedns/com.kang.bravedns.ui.activity.AppLockActivity} numActivities=2 lastActiveTime=7652742391 supportsSplitScreenMultiWindow=true supportsMultiWindow=true supportsPocketStudioMultiWindow=true isInFlexibleEmbedded = false uid = 10511 pid = 20346 resizeMode=1 isResizeable=true minWidth=-1 minHeight=-1 defaultMinSize=220 token=WCT{android.window.IWindowContainerToken$Stub$Proxy@876aa3c} topActivityType=1 pictureInPictureParams=null shouldDockBigOverlays=false launchIntoPipHostTaskId=-1 lastParentTaskIdBeforePip=-1 displayCutoutSafeInsets=Rect(0, 96 - 0, 0) topActivityInfo=ActivityInfo{8ccf3c5 com.kang.bravedns.ui.activity.ProxySettingsActivity} launchCookies=[android.os.BinderProxy@36566ac] positionInParent=Point(0, 0) parentTaskId=-1 isFocused=false isVisible=true isVisibleRequested=true isSleeping=false topActivityInSizeCompat=false topActivityInOplusCompatMode=false topActivityEligibleForLetterboxEducation= false topActivityLetterboxed= false isFromDoubleTap= false topActivityLetterboxVerticalPosition= -1 topActivityLetterboxHorizontalPosition= -1 topActivityLetterboxWidth=-1 topActivityLetterboxHeight=-1 locusId=null displayAreaFeatureId=1 cameraCompatControlState=hidden locusId= null topActivityLetterboxInsets=Rect(0, 0 - 0, 0)}, leash:null
03-30 14:19:21.780  3760  3920 D ShellTaskOrganizerExt: visibleFlexibleTaskInfos delete:5381
03-30 14:19:21.781  3760  3920 D ShellTaskOrganizer: dispatchTaskEventToClientIfNeed, eventType:2, taskInfo:TaskInfo{userId=0 taskId=1 displayId=0 isRunning=true baseIntent=Intent { act=android.intent.action.MAIN cat=[android.intent.category.HOME] flg=0x10000100 cmp=com.android.launcher/.Launcher mCallingUid=1000 } baseActivity=ComponentInfo{com.android.launcher/com.android.launcher.Launcher} topActivity=ComponentInfo{com.android.launcher/com.android.launcher.Launcher} origActivity=null realActivity=null numActivities=1 lastActiveTime=16216 supportsSplitScreenMultiWindow=false supportsMultiWindow=true supportsPocketStudioMultiWindow=true isInFlexibleEmbedded = false uid = 10105 pid = 21437 resizeMode=2 isResizeable=true minWidth=-1 minHeight=-1 defaultMinSize=220 token=WCT{android.window.IWindowContainerToken$Stub$Proxy@e8011a} topActivityType=2 pictureInPictureParams=null shouldDockBigOverlays=false launchIntoPipHostTaskId=-1 lastParentTaskIdBeforePip=-1 displayCutoutSafeInsets=null topActivityInfo=ActivityInfo{73a944b com.android.launcher.Launcher} launchCookies=[] positionInParent=Point(0, 0) parentTaskId=-1 isFocused=true isVisible=true isVisibleRequested=true isSleeping=false topActivityInSizeCompat=false topActivityInOplusCompatMode=false topActivityEligibleForLetterboxEducation= false topActivityLetterboxed= false isFromDoubleTap= false topActivityLetterboxVerticalPosition= -1 topActivityLetterboxHorizontalPosition= -1 topActivityLetterboxWidth=-1 topActivityLetterboxHeight=-1 locusId=LocusId[17_chars] displayAreaFeatureId=1 cameraCompatControlState=hidden locusId= LocusId[17_chars] topActivityLetterboxInsets=Rect(0, 0 - 0, 0)}, leash:null
03-30 14:19:21.781  3760  3920 D ShellTaskOrganizerExt: visibleFlexibleTaskInfos delete:1
03-30 14:19:21.781  1617  1617 D Layer   : reparent to null sequence=738710, seq[2], name=Surface(name=b2bf5e6 NavigationBar_displayId_0)/@0xb353f66 - animation-leash of insets_animation#738710
03-30 14:19:21.782  1617  1617 D OplusLayer: setGameMode bubble_surface#1578, gameMode 0, parentLayer StatusBar#88.
03-30 14:19:21.782  1617  1617 D Layer   : reparent to null sequence=738711, seq[1], name=Surface(name=63edb34 StatusBar)/@0xde142a7 - animation-leash of insets_animation#738711
03-30 14:19:21.782 21437 21437 D TracePrintUtil: isWindowAnimating 1 = true
03-30 14:19:21.783  1617  1617 I DispPerfService: updateLayerMask 9
03-30 14:19:21.787 10990 10990 W Service : setForeground: ignoring old API call on com.oplus.notification.NotificationCenterService
03-30 14:19:21.787 10990 10990 D NotificationCenterService: onBind:0
03-30 14:19:21.791 19322 19322 D ClockTag_ClockWidget.ClockWidgetWeatherService: ClockWidgetWeatherService onCreate:
03-30 14:19:21.792 19322 19322 D ClockTag_ClockWidget.ClockWidgetWeatherService: ClockWidgetWeatherService registerAll
03-30 14:19:21.795 19322 20200 D ClockTag_AlarmUtils: startFixAlarm nearly:1774850487821;1774851561795
03-30 14:19:21.795 19322 20200 D ClockTag_AlarmUtils: startFixAlarm return, result this period is fixed
03-30 14:19:21.799 21437 21437 D TracePrintUtil: isWindowAnimating 1 = true
03-30 14:19:21.800  1617  1939 D SurfaceFlinger: updateWinowInfo=1, setFocusedWindow timestamp=4548200167451351, windowName=recents_animation_input_consumer
03-30 14:19:21.802  2053  4388 I InputDispatcher: NFW_setFocusedWindow, recents_animation_input_consumer on display 0, same as the previous:0
03-30 14:19:21.802  2053  4388 I InputDispatcher: updateFocusedWindow, recents_animation_input_consumer on display 0, reason: setFocusedWindow, result:   FocusedWindows:
03-30 14:19:21.802  2053  4388 I InputDispatcher:     displayId=0, name='recents_animation_input_consumer'
03-30 14:19:21.803 20346 20346 D VRI[ProxySettingsActivity]: onFocusEvent false
03-30 14:19:21.804 19322 19322 I WeatherS_WeatherServiceVersionUtils: serviceVersionCode16018000
03-30 14:19:21.804 19322 19322 D ClockTag_ClockWidget.ClockWidgetWeatherService: registerWeatherCityObserver
03-30 14:19:21.808 19322 19322 I WeatherS_WeatherServiceVersionUtils: serviceVersionCode16018000
03-30 14:19:21.812 19322 19322 D ClockTag_ClockWidget.ClockWidgetWeatherService: ClockWidgetWeatherService onStartCommand
03-30 14:19:21.812 19322 19322 D ClockTag_ClockWidget.ClockWidgetWeatherService: checkConfigChanged:true
03-30 14:19:21.812 19322 19322 D ClockTag_ClockWidgetState: system config, dual clock:1, split screen:0, color:-1/false, screenDisplayModel:0
03-30 14:19:21.813 19322 19322 D ClockTag_ClockWidgetState: systemDualClock:1
03-30 14:19:21.813 19322 19322 D ClockTag_ClockWidgetState: systemSplitScreenMode:false
03-30 14:19:21.813 19322 19322 D ClockTag_ClockWidgetState: systemWallpaperColor:-1/false
03-30 14:19:21.814 19322 19322 D ClockTag_CompatUtils: support osdk true > sdk = 14, sub sdk = 6
03-30 14:19:21.814 19322 19322 I ClockTag_ClockWidget.ClockWidgetManager: isRPlus = false
03-30 14:19:21.814 19322 19322 I WeatherS_WeatherServiceVersionUtils: serviceVersionCode16018000
03-30 14:19:21.814 19322 19322 D ClockTag_ClockWidget.BaseWidgetViewHelper: getLocalWeatherInfo isCommonWeatherServiceExist is true
03-30 14:19:21.814 19322 19322 I WeatherS_WeatherServiceVersionUtils: serviceVersionCode16018000
03-30 14:19:21.814 19322 19322 D ClockTag_ClockWidget.BaseWidgetViewHelper: getResidentWeatherInfo isCommonWeatherServiceExist=true 
03-30 14:19:21.814 19322 19322 D ClockTag_ClockWidget.BaseWidgetViewHelper: getCurClockType isDoubleClockOpened:true,localWeatherEntity:WeatherEntity{mDegree='27', mType='58', mDescription='Partly cloudy', mCentigrade='°', mTimeZone='8.0', mParentCityCode=''},residentWeatherEntity:null
03-30 14:19:21.814 19322 19322 D ClockTag_ClockWidget.BaseWidgetViewHelper: getCurClockType resident is null
03-30 14:19:21.814 19322 19322 D ClockTag_ClockWidget.ClockWidgetManager: init clock type:1->1
03-30 14:19:21.814 19322 19322 I WeatherS_WeatherServiceVersionUtils: serviceVersionCode16018000
03-30 14:19:21.814 19322 19322 D ClockTag_ClockWidget.BaseWidgetViewHelper: getLocalWeatherInfo isCommonWeatherServiceExist is true
03-30 14:19:21.815 19322 19322 D ClockTag_OplusDateUtils: isTimeMillisDayTime -- hour = 14
03-30 14:19:21.815 19322 19322 I WeatherS_WeatherServiceVersionUtils: serviceVersionCode16018000
03-30 14:19:21.815 19322 19322 D ClockTag_WeatherResUtil: getOpWeatherIcon -- index:58 OP_WEATHER_ICON_LENGTH:71 correctWeatherIndex:58
03-30 14:19:21.815 19322 19322 D ClockTag_ClockWidget.ClockWidgetManager: mLocalWeatherInfo = Partly cloudy  ‎27‎°‎
03-30 14:19:21.815 19322 19322 D ClockTag_ClockWidget.ClockWidgetManager: updateTimeAndDateInfo
03-30 14:19:21.815 21437 21437 D TracePrintUtil: isWindowAnimating 1 = true
03-30 14:19:21.818 19322 19322 D ClockTag_ClockWidget.TimeInfoBuilder: getTimeInfo  hour = 14 -- minutes =19     -- ampm =  date:Mon, Mar 30,fullTime:14:19,weekDay:Monday,monthDay:March 30
03-30 14:19:21.818 19322 19322 D ClockTag_ClockWidget.ClockWidgetManager: updateLocalData type:false weather:false time:true force:false
03-30 14:19:21.819 19322 19322 D ClockTag_WidgetUpdateHelper: start update all widgets
03-30 14:19:21.819 19322 19322 D ClockTag_WidgetUpdateHelper: getWidgetIds: class com.coloros.widget.smallweather.OppoWeather
03-30 14:19:21.819 19322 19322 D ClockTag_WidgetUpdateHelper: updateWidget: [I@1cc47fb class com.coloros.widget.smallweather.OppoWeather
03-30 14:19:21.819 19322 19322 D ClockTag_WidgetUpdateHelper: relayoutAllWidget :1
03-30 14:19:21.819 19322 19322 D ClockTag_ClockWidget.BaseClockWidget: relayoutWidget mLastClockType = 1 isClockAllOverTheme =false
03-30 14:19:21.819 19322 19322 D ClockTag_ClockWidgetUtils: supportLandWidget false
03-30 14:19:21.820 19322 19322 D ClockTag_ClockWidget.ClockWidgetManager: getIntentToStartApp action=com.oplus.alarmclock.AlarmClock category=null
03-30 14:19:21.824 19322 19322 D ClockTag_ClockWidgetState: systemWallpaperColor:-1/false
03-30 14:19:21.824 19322 19322 D ClockTag_ClockWidget.ClockWidgetManager: updateTextColor -- str = -1/false, colors size = 2
03-30 14:19:21.824 19322 19322 D ClockTag_ClockWidget.ClockWidgetManager: updateTextColor, color: ffffffff, mDrawTextShadow = false, mCurDividerLineColor = 4dffffff
03-30 14:19:21.825 19322 19322 D ClockTag_CommonUtil: isAddZero language:en
03-30 14:19:21.825 19322 19322 D ClockTag_ClockWidget.BaseClockWidget: updateTimeFormat:HH
03-30 14:19:21.825 19322 19322 D ClockTag_ClockWidget.OppoWeather: update colon default font
03-30 14:19:21.825 19322 19322 D ClockTag_ClockWidget.BaseClockWidget: updateDataFormat:EEE, MMM d
03-30 14:19:21.828 19322 19322 D ClockTag_DeviceUtils: isDisableWeatherTemperature false
03-30 14:19:21.828 19322 19322 D ClockTag_ClockWidget.BaseClockWidget: localWeatherInfo = 27‎°‎
03-30 14:19:21.832 21437 21437 D TracePrintUtil: isWindowAnimating 1 = true
03-30 14:19:21.836  1318 13935 D IRIS_LOG_SERV: video start playing, layer228784 z-order 1 at fps: 30251
03-30 14:19:21.839 19322 19322 D ClockTag_ClockWidget.BaseClockWidget: updateAllChildTextViewColor color = -1
03-30 14:19:21.839 19322 19322 D ClockTag_CommonUtil: is S model   screenDensityId==2
03-30 14:19:21.839 19322 19322 D ClockTag_CommonUtil: getDisplayDpiRatio, screenDensityId: 2
03-30 14:19:21.839 19322 19322 D ClockTag_CompatUtils: support osdk true > sdk = 14, sub sdk = 6
03-30 14:19:21.840 19322 19322 D ClockTag_CommonUtil: curDpi: 480 defDpi: 480 fontScale: 1.0
03-30 14:19:21.840 19322 19322 D ClockTag_ClockWidget.BaseClockWidget: TextSize ratio:1.0;false
03-30 14:19:21.840 19322 19322 D ClockTag_WidgetUpdateHelper: relayoutAllWidgets widgetIds: [I@1cc47fb remoteView:android.widget.RemoteViews@68d68d7
03-30 14:19:21.843 19322 19322 D ClockTag_WidgetUpdateHelper: relayoutAllWidgets finished
03-30 14:19:21.843 19322 19322 D ClockTag_WidgetUpdateHelper: getWidgetIds: class com.coloros.widget.smallweather.OppoWeatherSingle
03-30 14:19:21.843 19322 19322 D ClockTag_WidgetUpdateHelper: updateWidget: null class com.coloros.widget.smallweather.OppoWeatherSingle
03-30 14:19:21.843 19322 19322 D ClockTag_WidgetUpdateHelper: getWidgetIds: class com.coloros.widget.smallweather.OppoWeatherMultiVertical
03-30 14:19:21.843 19322 19322 D ClockTag_WidgetUpdateHelper: updateWidget: null class com.coloros.widget.smallweather.OppoWeatherMultiVertical
03-30 14:19:21.843 19322 19322 D ClockTag_WidgetUpdateHelper: getWidgetIds: class com.coloros.widget.smallweather.OppoWeatherVertical
03-30 14:19:21.843 19322 19322 D ClockTag_WidgetUpdateHelper: updateWidget: null class com.coloros.widget.smallweather.OppoWeatherVertical
03-30 14:19:21.843 19322 19322 D ClockTag_WidgetUpdateHelper: getWidgetIds: class com.coloros.widget.smallweather.OnePlusWidget
03-30 14:19:21.844 19322 19322 D ClockTag_WidgetUpdateHelper: updateWidget: [I@d7155c4 class com.coloros.widget.smallweather.OnePlusWidget
03-30 14:19:21.844 19322 19322 D ClockTag_WidgetUpdateHelper: relayoutAllWidget :1
03-30 14:19:21.844 19322 19322 D ClockTag_ClockWidget.BaseClockWidget: relayoutWidget mLastClockType = 1 isClockAllOverTheme =false
03-30 14:19:21.844 19322 19322 D ClockTag_ClockWidgetUtils: supportLandWidget false
03-30 14:19:21.844 19322 19322 D ClockTag_ClockWidget.ClockWidgetManager: getIntentToStartApp action=com.oplus.alarmclock.AlarmClock category=null
03-30 14:19:21.846 19322 19322 D ClockTag_ClockWidgetState: systemWallpaperColor:-1/false
03-30 14:19:21.846 19322 19322 D ClockTag_ClockWidget.ClockWidgetManager: updateTextColor -- str = -1/false, colors size = 2
03-30 14:19:21.846 19322 19322 D ClockTag_ClockWidget.ClockWidgetManager: updateTextColor, color: ffffffff, mDrawTextShadow = false, mCurDividerLineColor = 4dffffff
03-30 14:19:21.846 19322 19322 D ClockTag_CommonUtil: isAddZero language:en
03-30 14:19:21.846 19322 19322 D ClockTag_ClockWidget.BaseClockWidget: updateTimeFormat:HH
03-30 14:19:21.846 19322 19322 D ClockTag_ClockWidget.1PlusWidget: update colon default font
03-30 14:19:21.848 19322 19322 D ClockTag_ClockWidget.BaseClockWidget: updateDataFormat:EEE, MMM d
03-30 14:19:21.848 19322 19322 D ClockTag_ClockWidget.BaseClockWidget: updateDataFormat:MMM d
03-30 14:19:21.848 19322 19322 D ClockTag_ClockWidget.BaseClockWidget: updateDataFormat:EEEE
03-30 14:19:21.849 21437 21437 D TracePrintUtil: isWindowAnimating 1 = true
03-30 14:19:21.853  1318 13935 D IRIS_LOG_SERV: video stop playing
03-30 14:19:21.856 19322 19322 D ClockTag_DeviceUtils: isDisableWeatherTemperature false
03-30 14:19:21.856 19322 19322 D ClockTag_ClockWidget.BaseClockWidget: localWeatherInfo = 27‎°‎
03-30 14:19:21.856 19322 19322 D ClockTag_ClockWidget.BaseClockWidget: updateAllChildTextViewColor color = -1
03-30 14:19:21.857 19322 19322 D ClockTag_CommonUtil: is S model   screenDensityId==2
03-30 14:19:21.857 19322 19322 D ClockTag_CommonUtil: getDisplayDpiRatio, screenDensityId: 2
03-30 14:19:21.857 19322 19322 D ClockTag_CompatUtils: support osdk true > sdk = 14, sub sdk = 6
03-30 14:19:21.858 19322 19322 D ClockTag_CommonUtil: curDpi: 480 defDpi: 480 fontScale: 1.0
03-30 14:19:21.858 19322 19322 D ClockTag_ClockWidget.BaseClockWidget: TextSize ratio:1.0;false
03-30 14:19:21.858 19322 19322 D ClockTag_WidgetUpdateHelper: relayoutAllWidgets widgetIds: [I@d7155c4 remoteView:android.widget.RemoteViews@afb6cad
03-30 14:19:21.859 19322 19322 D ClockTag_WidgetUpdateHelper: relayoutAllWidgets finished
03-30 14:19:21.859 19322 19322 D ClockTag_WidgetUpdateHelper: getWidgetIds: class com.coloros.widget.smallweather.RealmeWeather
03-30 14:19:21.859 19322 19322 D ClockTag_WidgetUpdateHelper: updateWidget: null class com.coloros.widget.smallweather.RealmeWeather
03-30 14:19:21.859 19322 19322 D ClockTag_WidgetUpdateHelper: end update all widgets
03-30 14:19:21.860 19322 19322 D ClockTag_ClockWidgetUtils: supportLandWidget false
03-30 14:19:21.860 19322 19322 D ClockTag_FoldScreenUtils: haveFold:false
03-30 14:19:21.860 19322 19322 D ClockTag_ClockWidgetUtils: supportMultiWallpaper: false
03-30 14:19:21.860 19322 20231 I WeatherS_WeatherServiceVersionUtils: serviceVersionCode16018000
03-30 14:19:21.860 19322 20231 I WeatherS_WeatherServiceVersionUtils: serviceVersionCode16018000
03-30 14:19:21.860 19322 20231 D ClockTag_ClockWidget.BaseWidgetViewHelper: requestLctWeatherInfo methodName=getLocationCityDataAndUpdateWeatherInfoIfNeeded isNeed=false
03-30 14:19:21.861 19322 20231 I WeatherS_WeatherBaseDataTask: Service has not started, bind update Service.
03-30 14:19:21.861 19322 20231 I WeatherS_WeatherServiceManager: bindUpdateService false
03-30 14:19:21.864  2053  4345 D CompatibilityChangeReporter: Compat change id reported: 135634846; UID 10230; state: DISABLED
03-30 14:19:21.864  2053  4345 D CompatibilityChangeReporter: Compat change id reported: 177438394; UID 10230; state: DISABLED
03-30 14:19:21.864  2053  4345 D CompatibilityChangeReporter: Compat change id reported: 135772972; UID 10230; state: DISABLED
03-30 14:19:21.864  2053  4345 D CompatibilityChangeReporter: Compat change id reported: 135754954; UID 10230; state: ENABLED
03-30 14:19:21.864 21476 31075 E StartupManager: loadPreventRecordAppLabel: not found package com.coloros.weather.service
03-30 14:19:21.864  2053  2708 D CompatibilityChangeReporter: Compat change id reported: 143937733; UID 10230; state: ENABLED
03-30 14:19:21.865 19322 20231 I WeatherS_WeatherBaseDataTask: Service has not started, bind update Service.
03-30 14:19:21.865 19322 20231 I WeatherS_WeatherServiceManager: bindUpdateService false
03-30 14:19:21.865 21437 21437 D TracePrintUtil: isWindowAnimating 1 = true
03-30 14:19:21.878  1100  1100 D Zygote  : Forked child process 23494
03-30 14:19:21.878  2053  2708 I ActivityManager: Start proc 23494:com.coloros.weather.service/u0a230 for service {com.coloros.weather.service/com.oplus.weather.external.WeatherCommonService}
03-30 14:19:21.883 21437 21437 D TracePrintUtil: isWindowAnimating 1 = true
03-30 14:19:21.893 23494 23494 E weather.service: Unknown bits set in runtime_flags: 0x40000000
03-30 14:19:21.894 23494 23494 I weather.service: Using CollectorTypeCC GC.
03-30 14:19:21.896 23494 23494 E weather.service: Not starting debugger since process cannot load the jdwp agent.
03-30 14:19:21.899 21437 21437 D TracePrintUtil: isWindowAnimating 1 = true
03-30 14:19:21.904 23494 23494 W libc    : Access denied finding property "persist.vendor.sys.activitylog"
03-30 14:19:21.904 23494 23494 I OneTrace: Mark active for pid=23494? true
03-30 14:19:21.904 23494 23494 D cutils-dev: otrace_set_tracing_enabled? true tag:0
03-30 14:19:21.905 23494 23494 D cutils-dev: properties changed in otrace_seq_number_changed!
03-30 14:19:21.910  2053  4345 D CompatibilityChangeReporter: Compat change id reported: 168419799; UID 10230; state: DISABLED
03-30 14:19:21.910  2053  4345 D CompatibilityChangeReporter: Compat change id reported: 273564678; UID 10230; state: DISABLED
03-30 14:19:21.910  2053  4345 D ActivityTaskManagerServiceExtImpl: preBindApplication record is null
03-30 14:19:21.911  2053  4345 D RGBNormalizeServer: OplusRGBNormalize feature enabled ? false
03-30 14:19:21.911  2053  4345 D ResourcesManagerCache: For package com.coloros.weather.service we got cacheList [null] appInfoExt is null ? false hasFeature ? false
03-30 14:19:21.913  4032 17012 D OplusUidPurStatsSerivce-NAS: onUidImportance: 10230, 300
03-30 14:19:21.914  2053  3218 D CompatibilityChangeReporter: Compat change id reported: 265195908; UID 10230; state: ENABLED
03-30 14:19:21.916 21437 21437 D TracePrintUtil: isWindowAnimating 1 = true
03-30 14:19:21.918 23494 23494 D OplusActivityManager: get AMS extension: android.os.BinderProxy@3923ed4
03-30 14:19:21.921 23494 23514 D CompatibilityInfo: setOverrideInvertedScale  1.0 to 1.0
03-30 14:19:21.922 23494 23514 W OplusExSystemServiceHelper: checkOplusExSystemService intent getComponent is null
03-30 14:19:21.926 23494 23494 D CompatibilityChangeReporter: Compat change id reported: 171979766; UID 10230; state: ENABLED
03-30 14:19:21.932 21437 21437 D TracePrintUtil: isWindowAnimating 1 = true
03-30 14:19:21.947 23494 23494 I OplusFeatureCache: Milliseconds spent on init(): 21
03-30 14:19:21.948 23494 23494 D CompactWindowAppManager: initCompactApplicationInfo CompactMode: , NormalMode: 
03-30 14:19:21.949 21437 21437 D TracePrintUtil: isWindowAnimating 1 = true
03-30 14:19:21.950  2053  4345 D CompatibilityChangeReporter: Compat change id reported: 170503758; UID 10230; state: ENABLED
03-30 14:19:21.953 23494 23494 D OplusScrollToTopManager: setIsInWhiteList false
03-30 14:19:21.954 23494 23494 D OplusViewDebugManager: OplusViewDebugManager Constructor android.view.debug.OplusViewDebugManager@13e7440 [mHasViewDebugProperty true] [mHasMsgDebugProperty false] [DEBUG false] [EXTRAINFOENABLE false] [LIGHT_OS false]
03-30 14:19:21.955 23494 23494 D CompatibilityChangeReporter: Compat change id reported: 242716250; UID 10230; state: ENABLED
03-30 14:19:21.965 23494 23494 W libc    : Access denied finding property "ro.odm.prev.product.name"
03-30 14:19:21.965 21437 21437 D TracePrintUtil: isWindowAnimating 1 = true
03-30 14:19:21.974 23494 23494 D nativeloader: Configuring clns-4 for other apk /system/system_ext/framework/vendor.oplus.hardware.cryptoeng-V1.0-java.jar. target_sdk_version=36, uses_libraries=ALL, library_path=/data/app/~~rj-Z8k5eF7kI8V0rbkFuDA==/com.coloros.weather.service-3IbeFMVjx0Y_CVNgd94Ldw==/lib/arm64, permitted_path=/data:/mnt/expand:/data/user_de/0/com.coloros.weather.service
03-30 14:19:21.975 23494 23494 D nativeloader: Extending system_exposed_libraries: libbinauralrenderer_wrapper.qti.so:libhoaeffects.qti.so:libSloganJni.oplus.so:libsuperNight.oplus.so:libAPSClient-cmd-jni-extension.oplus.so:libupdateprof.qti.so:libQOC.qti.so:libthermalclient.qti.so:libqape.qti.so:libqesdk_ndk_platform.qti.so:liblistenjni.qti.so
03-30 14:19:21.980 23494 23494 D nativeloader: Configuring clns-5 for other apk /system_ext/framework/androidx.window.extensions.jar. target_sdk_version=36, uses_libraries=ALL, library_path=/data/app/~~rj-Z8k5eF7kI8V0rbkFuDA==/com.coloros.weather.service-3IbeFMVjx0Y_CVNgd94Ldw==/lib/arm64, permitted_path=/data:/mnt/expand:/data/user_de/0/com.coloros.weather.service
03-30 14:19:21.980 23494 23494 D nativeloader: Extending system_exposed_libraries: libbinauralrenderer_wrapper.qti.so:libhoaeffects.qti.so:libSloganJni.oplus.so:libsuperNight.oplus.so:libAPSClient-cmd-jni-extension.oplus.so:libupdateprof.qti.so:libQOC.qti.so:libthermalclient.qti.so:libqape.qti.so:libqesdk_ndk_platform.qti.so:liblistenjni.qti.so
03-30 14:19:21.983 21437 21437 D TracePrintUtil: isWindowAnimating 1 = true
03-30 14:19:21.985 23494 23494 D nativeloader: Configuring clns-6 for other apk /system_ext/framework/androidx.window.sidecar.jar. target_sdk_version=36, uses_libraries=ALL, library_path=/data/app/~~rj-Z8k5eF7kI8V0rbkFuDA==/com.coloros.weather.service-3IbeFMVjx0Y_CVNgd94Ldw==/lib/arm64, permitted_path=/data:/mnt/expand:/data/user_de/0/com.coloros.weather.service
03-30 14:19:21.985 23494 23494 D nativeloader: Extending system_exposed_libraries: libbinauralrenderer_wrapper.qti.so:libhoaeffects.qti.so:libSloganJni.oplus.so:libsuperNight.oplus.so:libAPSClient-cmd-jni-extension.oplus.so:libupdateprof.qti.so:libQOC.qti.so:libthermalclient.qti.so:libqape.qti.so:libqesdk_ndk_platform.qti.so:liblistenjni.qti.so
03-30 14:19:21.999 21437 21437 D TracePrintUtil: isWindowAnimating 1 = true
03-30 14:19:22.000 23494 23494 W ziparchive: Unable to open '/data/app/~~rj-Z8k5eF7kI8V0rbkFuDA==/com.coloros.weather.service-3IbeFMVjx0Y_CVNgd94Ldw==/split_config.en.dm': No such file or directory
03-30 14:19:22.000 23494 23494 W ziparchive: Unable to open '/data/app/~~rj-Z8k5eF7kI8V0rbkFuDA==/com.coloros.weather.service-3IbeFMVjx0Y_CVNgd94Ldw==/split_config.en.dm': No such file or directory
03-30 14:19:22.001 23494 23494 W weather.service: Entry not found
03-30 14:19:22.002 23494 23494 W ziparchive: Unable to open '/data/app/~~rj-Z8k5eF7kI8V0rbkFuDA==/com.coloros.weather.service-3IbeFMVjx0Y_CVNgd94Ldw==/split_config.xxhdpi.dm': No such file or directory
03-30 14:19:22.002 23494 23494 W ziparchive: Unable to open '/data/app/~~rj-Z8k5eF7kI8V0rbkFuDA==/com.coloros.weather.service-3IbeFMVjx0Y_CVNgd94Ldw==/split_config.xxhdpi.dm': No such file or directory
03-30 14:19:22.003 23494 23494 W weather.service: Entry not found
03-30 14:19:22.004 23494 23494 W ziparchive: Unable to open '/data/app/~~rj-Z8k5eF7kI8V0rbkFuDA==/com.coloros.weather.service-3IbeFMVjx0Y_CVNgd94Ldw==/split_config.zh.dm': No such file or directory
03-30 14:19:22.004 23494 23494 W ziparchive: Unable to open '/data/app/~~rj-Z8k5eF7kI8V0rbkFuDA==/com.coloros.weather.service-3IbeFMVjx0Y_CVNgd94Ldw==/split_config.zh.dm': No such file or directory
03-30 14:19:22.005 23494 23494 W weather.service: Entry not found
03-30 14:19:22.008 23494 23494 D nativeloader: Configuring clns-7 for other apk /data/app/~~rj-Z8k5eF7kI8V0rbkFuDA==/com.coloros.weather.service-3IbeFMVjx0Y_CVNgd94Ldw==/base.apk:/data/app/~~rj-Z8k5eF7kI8V0rbkFuDA==/com.coloros.weather.service-3IbeFMVjx0Y_CVNgd94Ldw==/split_config.en.apk:/data/app/~~rj-Z8k5eF7kI8V0rbkFuDA==/com.coloros.weather.service-3IbeFMVjx0Y_CVNgd94Ldw==/split_config.xxhdpi.apk:/data/app/~~rj-Z8k5eF7kI8V0rbkFuDA==/com.coloros.weather.service-3IbeFMVjx0Y_CVNgd94Ldw==/split_config.zh.apk. target_sdk_version=36, uses_libraries=, library_path=/data/app/~~rj-Z8k5eF7kI8V0rbkFuDA==/com.coloros.weather.service-3IbeFMVjx0Y_CVNgd94Ldw==/lib/arm64, permitted_path=/data:/mnt/expand:/data/user_de/0/com.coloros.weather.service
03-30 14:19:22.015 21437 21437 D TracePrintUtil: isWindowAnimating 1 = true
03-30 14:19:22.028  5881  6239 V MSF.C.MSFCore[@PS]: [Event] MSFPacketStatistics.cpp(300)::DoCheckRequestTimeout->current rtts:37.776
03-30 14:19:22.032 23494 23494 V GraphicsEnvironment: Currently set values for:
03-30 14:19:22.032 23494 23494 V GraphicsEnvironment:   angle_gl_driver_selection_pkgs=[]
03-30 14:19:22.032 23494 23494 V GraphicsEnvironment:   angle_gl_driver_selection_values=[]
03-30 14:19:22.032 21437 21437 D TracePrintUtil: isWindowAnimating 1 = true
03-30 14:19:22.032 23494 23494 V GraphicsEnvironment: ANGLE GameManagerService for com.coloros.weather.service: false
03-30 14:19:22.032 23494 23494 V GraphicsEnvironment: com.coloros.weather.service is not listed in per-application setting
03-30 14:19:22.033 23494 23494 V GraphicsEnvironment: App is not on the allowlist for updatable production driver.
03-30 14:19:22.036 23494 23494 W weather.service: start reset regions. 3072 4096
03-30 14:19:22.044 23494 23494 D ResourcesManagerExtImpl: applyConfigurationToAppResourcesLocked app.getDisplayId() return callback.displayId:-1
03-30 14:19:22.048 23494 23494 I SwitchesProvider: com.oplus.weather.service.provider.WeatherSwitchProvider
03-30 14:19:22.049 21437 21437 D TracePrintUtil: isWindowAnimating 1 = true
03-30 14:19:22.052 23494 23494 D CompatibilityChangeReporter: Compat change id reported: 183155436; UID 10230; state: ENABLED
03-30 14:19:22.055 23494 23494 E WeatherS_AccuUtilsExp: exp -> true
03-30 14:19:22.065 21437 21437 D TracePrintUtil: isWindowAnimating 1 = true
03-30 14:19:22.074 23494 23494 I SwitchesProvider: com.oplus.weather.service.provider.ColorWeatherSwitchProvider
03-30 14:19:22.082 21437 21437 D TracePrintUtil: isWindowAnimating 1 = true
03-30 14:19:22.089 23494 23494 E IDHelper: 1078:com.oplus.stdid
03-30 14:19:22.099 21437 21437 D TracePrintUtil: isWindowAnimating 1 = true
03-30 14:19:22.104 23494 23494 I WeatherS_WeatherApplication: registerWeatherUIAppChangedReceiver
03-30 14:19:22.107  2053  4388 D CompatibilityChangeReporter: Compat change id reported: 161145287; UID 10230; state: ENABLED
03-30 14:19:22.108 23494 23494 I WeatherS_WeatherApplication: registerExternalUpdateWeatherReceiver
03-30 14:19:22.114  2053  3509 D ConnectivityService: NetReassign [no changes] [c 5] [a 3] [i 2]
03-30 14:19:22.116 21437 21437 D TracePrintUtil: isWindowAnimating 1 = true
03-30 14:19:22.123 23494 23525 I CardRequestSDK.Utils: isUmsRunCardService,[sdk:v3000000]
03-30 14:19:22.124 23494 23525 I CardRequestSDK.Utils: isUmsRunCardService, isUmsCardService=true,isUmsSupportCardService=true, isAboveOSVersion14=true,[sdk:v3000000]
03-30 14:19:22.124 23494 23525 I CardRequestSDK.CardReqFacade: init,ums run cardService,[sdk:v3000000]
03-30 14:19:22.126  2053  4388 I ActivityManager: Flag disabled. Ignoring finishAttachApplication from uid: 10230. pid: 23494
03-30 14:19:22.132 19322 19322 I WeatherS_WeatherServiceManager: onServiceConnected
03-30 14:19:22.132 21437 21437 D TracePrintUtil: isWindowAnimating 1 = true
03-30 14:19:22.133 19322 19322 I WeatherS_WeatherServiceManager: onServiceConnected
03-30 14:19:22.133 19322 20230 I WeatherS_WeatherBaseDataTask: executeRequest getResidentSecureSettingsData
03-30 14:19:22.134 19322 22466 I WeatherS_WeatherBaseDataTask: executeRequest getLocationCityDataAndUpdateWeatherInfoIfNeeded
03-30 14:19:22.136 23494 23513 W WeatherS_LocalUtils: No Weather App
03-30 14:19:22.136 23494 23516 W WeatherS_LocalUtils: No Weather App
03-30 14:19:22.136 23494 23513 E WeatherS_PrivacyStatementExport: exp version old version  not support export privacy return false
03-30 14:19:22.136 23494 23516 E WeatherS_PrivacyStatementExport: exp version old version  not support export privacy return false
03-30 14:19:22.142 23494 23516 D WeatherS_PoolManager:  thread: Thread[pool-1-thread-1,5,main]
03-30 14:19:22.142 23494 23513 E WeatherS_WeatherCommonServiceProxy: getLocationCityInfo
03-30 14:19:22.142 23494 23513 D WeatherS_PoolManager:  thread: Thread[pool-1-thread-2,5,main]
03-30 14:19:22.143 23494 23531 E WeatherS_StatisticsUtils: recordLocateInterfaceCalled err:java.lang.NumberFormatException: For input string: "com.coloros.alarmclock"
03-30 14:19:22.148 10202 10240 W [0]DCS  : Common Record event failed. DCS reject event: [appId=21000,logTag=210001,eventId=bg_app_custom_launch] . Pls check server config.
03-30 14:19:22.149 21437 21437 D TracePrintUtil: isWindowAnimating 1 = true
03-30 14:19:22.163 23494 23534 I WeatherS_WeatherCommonServiceProxy: getResidentCity list size: 0
03-30 14:19:22.164 23494 23513 I WeatherS_WeatherCommonServiceProxy: getLocationCityAndUpdate id = 15 cityId:0
03-30 14:19:22.164 23494 23513 E WeatherS_WeatherCommonServiceProxy: getTimeZoneOfAttendCity
03-30 14:19:22.164 23494 23513 D WeatherS_PoolManager:  thread: Thread[pool-1-thread-3,5,main]
03-30 14:19:22.165 23494 23513 E WeatherS_WeatherCommonServiceProxy: getOneAttentCityWeatherInfoList
03-30 14:19:22.165 23494 23513 D WeatherS_PoolManager:  thread: Thread[pool-1-thread-4,5,main]
03-30 14:19:22.166 21437 21437 D TracePrintUtil: isWindowAnimating 1 = true
03-30 14:19:22.166 19322 20230 I WeatherS_WeatherBaseDataTask: after doRequestFromWeatherService getResidentSecureSettingsData result true
03-30 14:19:22.166 19322 20230 D ClockTag_ClockWidget.BaseWidgetViewHelper: requestNewResidentWeatherInfo,secureSettingsData:null
03-30 14:19:22.166 19322 20230 I WeatherS_WeatherServiceManager: unBindUpdateService true
03-30 14:19:22.169  2053  4388 W ProcessStats: Tracking association SourceState{49b8685 com.android.launcher/10105 BTop #9601111} whose proc state 2 is better than process ProcessState{bb05f50 com.oplus.pantanal.ums/10186 pkg=com.oplus.pantanal.ums} proc state 4 (168 skipped)
03-30 14:19:22.171 20346 20440 D BatchLogger: console; signal wait over, sz(b: 4, u: 0) / cur(37), track(37)
03-30 14:19:22.173 23494 23539 I WeatherS_WeatherCommonServiceProxy: parseWeatherToAttentWeatherInfo currentTemp: 27
03-30 14:19:22.174 20346 20440 D BatchLogger: console; txswap (38) b: 4, u: 0, lsn -> 38, reason: signal-timeout
03-30 14:19:22.176 23494 23539 I WeatherS_SharedUtil: send load sLastSendResult sp cache 202
03-30 14:19:22.177 23494 23539 I WeatherS_SharedUtil: send not force send and lastSendResult is 202
03-30 14:19:22.177 23494 23513 I WeatherS_WeatherCommonServiceProxy: getLocationCityAndUpdate  temp = 27 Partly cloudy 58
03-30 14:19:22.178 23494 23513 E WeatherS_WeatherCommonServiceProxy: getLocationCityAndUpdate  needUpdateWeatherInfo = false, isCallFromWeatherApp = false
03-30 14:19:22.178 23494 23513 D WeatherS_PoolManager:  thread: Thread[pool-2-thread-1,5,main]
03-30 14:19:22.179 23494 23513 D WeatherS_PoolManager:  thread: Thread[pool-2-thread-2,5,main]
03-30 14:19:22.180 19322 22466 I WeatherS_WeatherBaseDataTask: after doRequestFromWeatherService getLocationCityDataAndUpdateWeatherInfoIfNeeded result true
03-30 14:19:22.180 19322 22466 I WeatherS_WeatherBaseDataTask:  doRequestFromWeatherService getLocationCityDataAndUpdateWeatherInfoIfNeeded response data true
03-30 14:19:22.180 19322 22466 D ClockTag_ClockWidget.BaseWidgetViewHelper: requestLctWeatherInfo secureSettingsData=27::58::Partly cloudy::°::00229360113363::Panyu District::Panyu District::8.0::null
03-30 14:19:22.181 19322 22466 I WeatherS_WeatherServiceManager: unBindUpdateService true
03-30 14:19:22.183 21437 21437 D TracePrintUtil: isWindowAnimating 1 = true
03-30 14:19:22.188 10202 10240 W [0]DCS  : Common Record event failed. DCS reject event: [appId=20013,logTag=push,eventId=push_send] . Pls check server config.
03-30 14:19:22.199 21437 21437 D TracePrintUtil: isWindowAnimating 1 = true
03-30 14:19:22.216 21437 21437 D TracePrintUtil: isWindowAnimating 1 = true
03-30 14:19:22.232 21437 21437 D TracePrintUtil: isWindowAnimating 1 = true
03-30 14:19:22.249 21437 21437 D TracePrintUtil: isWindowAnimating 1 = true
03-30 14:19:22.264 20346 20432 D BatchLogger: ip; txswap (73) b: 2, u: 6, lsn -> 73, reason: signal-timeout
03-30 14:19:22.264 20346 20432 D BatchLogger: ip; expired signal skip 72 < 73
03-30 14:19:22.265 21437 21437 D TracePrintUtil: isWindowAnimating 1 = true
03-30 14:19:22.282 21437 21437 D TracePrintUtil: isWindowAnimating 1 = true
03-30 14:19:22.299 21437 21437 D TracePrintUtil: isWindowAnimating 1 = true
03-30 14:19:22.316 21437 21437 D TracePrintUtil: isWindowAnimating 1 = true
03-30 14:19:22.332 21437 21437 D TracePrintUtil: isWindowAnimating 1 = true
03-30 14:19:22.349 21437 21437 D TracePrintUtil: isWindowAnimating 1 = true
03-30 14:19:22.366 21437 21437 D TracePrintUtil: isWindowAnimating 1 = true
03-30 14:19:22.384 21437 21437 D TracePrintUtil: isWindowAnimating 1 = true
03-30 14:19:22.399 21437 21437 D TracePrintUtil: isWindowAnimating 1 = true
03-30 14:19:22.416 21437 21437 D TracePrintUtil: isWindowAnimating 1 = true
03-30 14:19:22.433 21437 21437 D TracePrintUtil: isWindowAnimating 1 = true
03-30 14:19:22.450 21437 21437 D TracePrintUtil: isWindowAnimating 1 = true
03-30 14:19:22.466 21437 21437 D TracePrintUtil: isWindowAnimating 1 = true
03-30 14:19:22.483 21437 21437 D TracePrintUtil: isWindowAnimating 1 = true
03-30 14:19:22.500 21437 21437 D TracePrintUtil: isWindowAnimating 1 = true
03-30 14:19:22.516 21437 21437 D TracePrintUtil: isWindowAnimating 1 = true
03-30 14:19:22.533 21437 21437 D TracePrintUtil: isWindowAnimating 1 = true
03-30 14:19:22.542  4032  4455 D WeChatScenarios-1722-10302: link=19,uid=10302 and not match current link:22 uid:10302
03-30 14:19:22.543  4032  4455 D WeChatScenarios-1723-10302: transportLayerQosChange TransportLayerData{link_index=19, uid=10302, uplink_srtt=0, uplink_packets=0, uplink_retrans_packets=0, uplink_retrans_rate=0, downlink_srtt=0, downlink_packets=0, downlink_retrans_packets=0, downlink_retrans_rate=0, downlink_rate=0, uplink_udp_packets=0, downlink_udp_packets=0, uplink_tcp_rate=0, uplink_udp_rate=0, downlink_tcp_rate=0, downlink_udp_rate=0}
03-30 14:19:22.543  4032  4455 D CommonScenarios-1722-10511: link=19,uid=10302 and not match current link:22 uid:10511
03-30 14:19:22.543  4032  4455 D CommonScenarios-1723-10511: link=19,uid=10302 and not match current link:19 uid:10511
03-30 14:19:22.543  4032  4455 D WeChatScenarios-1723-10302: ActiveState process message 2
03-30 14:19:22.543  4032  4455 D WeChatScenarios-1723-10302: ActiveState EVENT_NETWORK_KPI_CHANGE
03-30 14:19:22.543  4032  4455 D WeChatScenarios-1723-10302: scenarios low package or rtt is 0
03-30 14:19:22.543  4032  4455 D WeChatScenarios-1723-10302: ActiveState EVENT_NETWORK_KPI_CHANGE score 100 scenarioslow package
03-30 14:19:22.543  4032  4455 D WeChatScenarios-1723-10302: notifyScoreChange 100
03-30 14:19:22.543  4032  4455 D WeChatScenarios-1723-10302: needNotify lastScore=100 score=100
03-30 14:19:22.543  4032  4455 D WeChatScenarios-1723-10302: score diff < 5
03-30 14:19:22.543  4032  4455 D WeChatScenarios-1723-10302: not need notify score change, return
03-30 14:19:22.543  4032  4455 D NetworkScoreModel: onTransportlayerQosChange: TransportLayerData{link_index=19, uid=10302, uplink_srtt=0, uplink_packets=0, uplink_retrans_packets=0, uplink_retrans_rate=0, downlink_srtt=0, downlink_packets=0, downlink_retrans_packets=0, downlink_retrans_rate=0, downlink_rate=0, uplink_udp_packets=0, downlink_udp_packets=0, uplink_tcp_rate=0, uplink_udp_rate=0, downlink_tcp_rate=0, downlink_udp_rate=0}
03-30 14:19:22.543  4032  4455 D WeChatScenarios-1722-10302: transportLayerQosChange TransportLayerData{link_index=22, uid=10302, uplink_srtt=0, uplink_packets=0, uplink_retrans_packets=0, uplink_retrans_rate=0, downlink_srtt=0, downlink_packets=0, downlink_retrans_packets=0, downlink_retrans_rate=0, downlink_rate=0, uplink_udp_packets=0, downlink_udp_packets=0, uplink_tcp_rate=0, uplink_udp_rate=0, downlink_tcp_rate=0, downlink_udp_rate=0}
03-30 14:19:22.543  4032  4455 D WeChatScenarios-1723-10302: link=22,uid=10302 and not match current link:19 uid:10302
03-30 14:19:22.544  4032  4455 D CommonScenarios-1722-10511: link=22,uid=10302 and not match current link:22 uid:10511
03-30 14:19:22.544  4032  4455 D CommonScenarios-1723-10511: link=22,uid=10302 and not match current link:19 uid:10511
03-30 14:19:22.544  4032  4455 D WeChatScenarios-1722-10302: link=19,uid=10511 and not match current link:22 uid:10302
03-30 14:19:22.544  4032  4455 D WeChatScenarios-1723-10302: link=19,uid=10511 and not match current link:19 uid:10302
03-30 14:19:22.544  4032  4455 D CommonScenarios-1722-10511: link=19,uid=10511 and not match current link:22 uid:10511
03-30 14:19:22.544  4032  4455 D CommonScenarios-1723-10511: transportLayerQosChange TransportLayerData{link_index=19, uid=10511, uplink_srtt=0, uplink_packets=0, uplink_retrans_packets=0, uplink_retrans_rate=0, downlink_srtt=0, downlink_packets=0, downlink_retrans_packets=0, downlink_retrans_rate=0, downlink_rate=0, uplink_udp_packets=0, downlink_udp_packets=0, uplink_tcp_rate=0, uplink_udp_rate=0, downlink_tcp_rate=0, downlink_udp_rate=0}
03-30 14:19:22.544  4032  4455 D WeChatScenarios-1722-10302: link=22,uid=10511 and not match current link:22 uid:10302
03-30 14:19:22.544  4032  4455 D WeChatScenarios-1723-10302: link=22,uid=10511 and not match current link:19 uid:10302
03-30 14:19:22.544  4032  4455 D CommonScenarios-1722-10511: transportLayerQosChange TransportLayerData{link_index=22, uid=10511, uplink_srtt=29, uplink_packets=1, uplink_retrans_packets=0, uplink_retrans_rate=0, downlink_srtt=105, downlink_packets=1, downlink_retrans_packets=0, downlink_retrans_rate=0, downlink_rate=0, uplink_udp_packets=0, downlink_udp_packets=0, uplink_tcp_rate=40, uplink_udp_rate=0, downlink_tcp_rate=40, downlink_udp_rate=0}
03-30 14:19:22.544  4032  4455 D CommonScenarios-1723-10511: link=22,uid=10511 and not match current link:19 uid:10511
03-30 14:19:22.544  4032  4455 D WeChatScenarios-1722-10302: ActiveState process message 2
03-30 14:19:22.544  4032  4455 D WeChatScenarios-1722-10302: ActiveState EVENT_NETWORK_KPI_CHANGE
03-30 14:19:22.544  4032  4455 D WeChatScenarios-1722-10302: scenarios low package or rtt is 0
03-30 14:19:22.544  4032  4455 D WeChatScenarios-1722-10302: ActiveState EVENT_NETWORK_KPI_CHANGE score 100 scenarioslow package
03-30 14:19:22.544  4032  4455 D WeChatScenarios-1722-10302: notifyScoreChange 100
03-30 14:19:22.544  4032  4455 D WeChatScenarios-1722-10302: needNotify lastScore=100 score=100
03-30 14:19:22.544  4032  4455 D WeChatScenarios-1722-10302: score diff < 5
03-30 14:19:22.544  4032  4455 D WeChatScenarios-1722-10302: not need notify score change, return
03-30 14:19:22.544  4032  4455 D NetworkScoreModel: onTransportlayerQosChange: TransportLayerData{link_index=22, uid=10302, uplink_srtt=0, uplink_packets=0, uplink_retrans_packets=0, uplink_retrans_rate=0, downlink_srtt=0, downlink_packets=0, downlink_retrans_packets=0, downlink_retrans_rate=0, downlink_rate=0, uplink_udp_packets=0, downlink_udp_packets=0, uplink_tcp_rate=0, uplink_udp_rate=0, downlink_tcp_rate=0, downlink_udp_rate=0}
03-30 14:19:22.545  4032  4455 D CommonScenarios-1723-10511: ActiveState process message 2
03-30 14:19:22.545  4032  4455 D CommonScenarios-1723-10511: ActiveState EVENT_NETWORK_KPI_CHANGE
03-30 14:19:22.545  4032  4455 D CommonScenarios-1723-10511: transport layer data is invalid
03-30 14:19:22.545  4032  4455 D CommonScenarios-1723-10511: ActiveState EVENT_NETWORK_KPI_CHANGE score is invalid
03-30 14:19:22.545  4032  4455 D NetworkScoreModel: onTransportlayerQosChange: TransportLayerData{link_index=19, uid=10511, uplink_srtt=0, uplink_packets=0, uplink_retrans_packets=0, uplink_retrans_rate=0, downlink_srtt=0, downlink_packets=0, downlink_retrans_packets=0, downlink_retrans_rate=0, downlink_rate=0, uplink_udp_packets=0, downlink_udp_packets=0, uplink_tcp_rate=0, uplink_udp_rate=0, downlink_tcp_rate=0, downlink_udp_rate=0}
03-30 14:19:22.545  4032  4455 D CommonScenarios-1722-10511: ActiveState process message 2
03-30 14:19:22.545  4032  4455 D CommonScenarios-1722-10511: ActiveState EVENT_NETWORK_KPI_CHANGE
03-30 14:19:22.545  4032  4455 D CommonScenarios-1722-10511: scenarios low package
03-30 14:19:22.545  4032  4455 D CommonScenarios-1722-10511: ActiveState EVENT_NETWORK_KPI_CHANGE score is invalid
03-30 14:19:22.545  4032  4455 D NetworkScoreModel: onTransportlayerQosChange: TransportLayerData{link_index=22, uid=10511, uplink_srtt=29, uplink_packets=1, uplink_retrans_packets=0, uplink_retrans_rate=0, downlink_srtt=105, downlink_packets=1, downlink_retrans_packets=0, downlink_retrans_rate=0, downlink_rate=0, uplink_udp_packets=0, downlink_udp_packets=0, uplink_tcp_rate=40, uplink_udp_rate=0, downlink_tcp_rate=40, downlink_udp_rate=0}
03-30 14:19:22.550 21437 21437 D TracePrintUtil: isWindowAnimating 1 = true
03-30 14:19:22.564 21437 21437 D TracePrintUtil: isWindowAnimating 10 = false
03-30 14:19:22.564 21437 21437 D TracePrintUtil: isWorkspaceAnimating 10 = false
03-30 14:19:22.564 21437 21437 D TracePrintUtil: isRecentsAnimating 10 = false
03-30 14:19:22.564 21437 21437 D TracePrintUtil: isWindowAnimating 101 = false
03-30 14:19:22.564 21437 21437 D TracePrintUtil: isWorkspaceAnimating 101 = false
03-30 14:19:22.564 21437 21437 D TracePrintUtil: isRecentsAnimating 101 = false
03-30 14:19:22.564 21437 21437 D TracePrintUtil: isWindowAnimating 1 = true
03-30 14:19:22.565 21437 21437 D b/223498680: LRV setIsForceSkipSetCurrentTask, finalState=Normal; isGestureActive: true; isHandlingConfigurationChanged: false
03-30 14:19:22.566 21437 21437 D b/223498680: LRV setIsForceSkipSetCurrentTask, finalState=null; isGestureActive: true; isHandlingConfigurationChanged: false
03-30 14:19:22.566 21437 21437 D b/223498680: LRV onStateTransitionComplete setFreezeVisibility=false, finalState=Normal
03-30 14:19:22.566 21437 21437 D b/223498680: RAAF createStateElementAnimation alpha=[0.0]
03-30 14:19:22.566 21437 21437 D b/223498680: RAAF createStateElementAnimation onStart
03-30 14:19:22.566  1617  1617 I BpBinder: onLastStrongRef automatically unlinking death recipients: 
03-30 14:19:22.566 21437 21437 D TracePrintUtil: asyncTraceEnd remove 1,windAnimTagArray.size = 0
03-30 14:19:22.566 21437 21437 D TracePrintUtil: onWindowAnimationEnd
03-30 14:19:22.566 21437 21437 D TracePrintUtil: isWindowAnimating 10 = false
03-30 14:19:22.566 21437 21437 D TracePrintUtil: isWorkspaceAnimating 10 = false
03-30 14:19:22.567 21437 21437 D TracePrintUtil: isRecentsAnimating 10 = false
03-30 14:19:22.567 21437 21437 D TracePrintUtil: isWindowAnimating 101 = false
03-30 14:19:22.567 21437 21437 D TracePrintUtil: isWorkspaceAnimating 101 = false
03-30 14:19:22.567 21437 21437 D TracePrintUtil: isRecentsAnimating 101 = false
03-30 14:19:22.567 21437 21437 D TracePrintUtil: isWindowAnimating 1 = false
03-30 14:19:22.567 21437 21437 D TracePrintUtil: isWorkspaceAnimating 1 = false
03-30 14:19:22.567 21437 21437 D TracePrintUtil: isRecentsAnimating 1 = false
03-30 14:19:22.567 21437 21437 D TracePrintUtil: isWindowAnimating 204 = false
03-30 14:19:22.567 21437 21437 D TracePrintUtil: isWorkspaceAnimating 204 = false
03-30 14:19:22.567 21437 21437 D TracePrintUtil: isRecentsAnimating 204 = false
03-30 14:19:22.567 21437 21437 D TracePrintUtil: isWindowAnimating 503 = false
03-30 14:19:22.567 21437 21437 D TracePrintUtil: isWorkspaceAnimating 503 = false
03-30 14:19:22.567 21437 21437 D TracePrintUtil: isRecentsAnimating 503 = false
03-30 14:19:22.567 21437 21437 D TracePrintUtil: isWindowAnimating 504 = false
03-30 14:19:22.567 21437 21437 D TracePrintUtil: isWorkspaceAnimating 504 = false
03-30 14:19:22.567 21437 21437 D TracePrintUtil: isRecentsAnimating 504 = false
03-30 14:19:22.567 21437 21437 D TracePrintUtil: isWindowAnimating 2 = false
03-30 14:19:22.567 21437 21437 D TracePrintUtil: isWorkspaceAnimating 2 = false
03-30 14:19:22.567 21437 21437 D TracePrintUtil: isRecentsAnimating 2 = false
03-30 14:19:22.567 21437 21437 D TracePrintUtil: isWindowAnimating 103 = false
