03-30 14:19:17.865 20346 23375 I GoLog   : E pdial.go:29@dialers.proxyConnect>client.go:36@socks5.(*Client).Dial>client.go:60@socks5.(*Client).DialWithLocalAddr>client.go:202@socks5.(*Client).Negotiate>socks5.go:187: : proxy: socks5: S5 dial(tcp) from 192.160.220.219:8889 => 192.160.220.219:8889 (via S5); err? dial tcp 192.160.220.219:8889: i/
03-30 14:19:17.865 20346 23375 I GoLog   : E o timeout
03-30 14:19:17.865 20346 23375 I GoLog   : W socks5.go:222@ipn.(*socks5).dial>pdial.go:50@dialers.ProxyDials>pdial.go:38@dialers.ProxyDial>cdial.go:59@dialers.commondial[...]>cdial.go:122: : rdial: commondial: confirmed 117.62.240.80 for 117.62.240.80:8080 failed; err dial tcp 192.160.220.219:8889: i/o timeout
03-30 14:19:17.865 20346 23375 I GoLog   : W pdial.go:55: spammy... 9 msgs; dropped? true
03-30 14:19:17.866 20346 23285 I GoLog   : W tcp.go:273@intra.(*tcpHandler).Proxy>tcp.go:323@intra.(*tcpHandler).handle>socks5.go:203@ipn.(*socks5).Dial>socks5.go:222@ipn.(*socks5).dial>pdial.go:55: : pdial: trying tcp dialer of 0 / 1 to 117.62.240.80:8080
03-30 14:19:17.866 20346 23285 I GoLog   : W tcp.go:273@intra.(*tcpHandler).Proxy>tcp.go:323@intra.(*tcpHandler).handle>socks5.go:203@ipn.(*socks5).Dial>socks5.go:222@ipn.(*socks5).dial>pdial.go:63: : pdial: no dialer (sz: 1) could connect to 117.62.240.80:8080
03-30 14:19:17.866 20346 23375 I GoLog   : W tcp.go:139@netstack.tcpForwarder.func1>tcp.go:273@intra.(*tcpHandler).Proxy>tcp.go:323@intra.(*tcpHandler).handle>socks5.go:203@ipn.(*socks5).Dial>socks5.go:244: : proxy: socks5: S5 dial(tcp) failed 192.160.220.219:8889 => 117.62.240.80:8080: dial tcp 192.160.220.219:8889: i/o timeout
03-30 14:19:17.866 20346 23375 I GoLog   : W tcp.go:139@netstack.tcpForwarder.func1>tcp.go:273@intra.(*tcpHandler).Proxy>tcp.go:352: : tcp: err dialing 4050f7d9858f872e proxy(S5) to dst(117.62.240.80) for 10303: dial tcp 192.160.220.219:8889: i/o timeout
03-30 14:19:17.866 20346 23285 I GoLog   : W tcp.go:139@netstack.tcpForwarder.func1>tcp.go:277: : tcp: dial: #0: 4050f7d9858f872e failed; addr(117.62.240.80:8080) / fallback? false / cont? true / he? false; for uid 10303 (10s); w err(dial tcp 192.160.220.219:8889: i/o timeout)
03-30 14:19:17.893  2053  3452 I [UAH_CLIENT_WRAPPER]: [UahNotifyWapper] inputflinger, src:1000, type:0
03-30 14:19:17.894  2053  3452 I [UAH_CLIENT]: uahRuleCtl, ruleId:1000, status:0
03-30 14:19:17.894  2053  3473 D system_server: addOrUpdateWindow: set 6b91671 com.kang.bravedns/com.kang.bravedns.ui.activity.ProxySettingsActivity firstDownTimeInTarget to 4548196278783000
03-30 14:19:17.894  2053  3473 D system_server: addOrUpdateWindow: set [Gesture Monitor] swipe-up firstDownTimeInTarget to 4548196278783000
03-30 14:19:17.894  2053  3473 D system_server: addOrUpdateWindow: set [Gesture Monitor] OplusExInputReceiver1 firstDownTimeInTarget to 4548196278783000
03-30 14:19:17.894  2053  3473 D system_server: addOrUpdateWindow: set [Gesture Monitor] edge-swipe firstDownTimeInTarget to 4548196278783000
03-30 14:19:17.895  2053  3452 I [UAH_CLIENT_WRAPPER]: [UahEventAcquireWrapper] eventId:OSENSE_ACTION_TOUCH_BOOST, scene:none, identity:inputflinger, timeout:150
03-30 14:19:17.895  2053  3452 I [UAH_CLIENT]: UahEventAcquire, cmdid:37, pkg:none, identity:inputflinger
03-30 14:19:17.896  2053  3473 D PowerManagerService: userActivityNoUpdateLocked: groupId=0, eventTime=4548196278, event=touch, flags=0x0, uid=1000
03-30 14:19:17.897  2053  3635 D OGG_Detector: D:done mCurrStatus: 0
03-30 14:19:17.897  3760  4621 I SystemUi--NavBar: NoBackGesture-->display_id_0 Start gesture: 
03-30 14:19:17.898  3760  4621 I SystemUi--NavBar: SideGestureDetector-->display_id_0 updateNavBarHidden  mNavBarHidden = false display id =0
03-30 14:19:17.898  3760  4621 I SystemUi--NavBar: NoBackGesture-->display_id_0 Not in side gesture area
03-30 14:19:17.939   788   788 D lowmemorykiller: medium pressure event polling check
03-30 14:19:17.940   788   788 D lowmemorykiller: Ignoring medium pressure event; system is not in reclaim or compaction and no refaults
03-30 14:19:18.028  5881  6239 V MSF.C.MSFCore[@PS]: [Event] MSFPacketStatistics.cpp(300)::DoCheckRequestTimeout->current rtts:37.776
03-30 14:19:18.031  5881  6255 V MSF.C.MSFCore[@DD]: [Event] MSFDDNetworkEngine.cpp(179)::onTcpInfoUpdate->onTcpInfoUpdate:
03-30 14:19:18.031  5881  6255 V MSF.C.MSFCore[@DD]:                      tcpi_state = 1;
03-30 14:19:18.031  5881  6255 V MSF.C.MSFCore[@DD]:                      tcpi_ca_state = 0;
03-30 14:19:18.031  5881  6255 V MSF.C.MSFCore[@DD]:                      tcpi_rto = 204 ms;
03-30 14:19:18.031  5881  6255 V MSF.C.MSFCore[@DD]:                      tcpi_unacked = 0;
03-30 14:19:18.031  5881  6255 V MSF.C.MSFCore[@DD]:                      tcpi_rttcur = 1 ms;
03-30 14:19:18.031  5881  6255 V MSF.C.MSFCore[@DD]:                      tcpi_rttvar = 0 ms;
03-30 14:19:18.031  5881  6255 V MSF.C.MSFCore[@DD]:                      tcpi_bytes_retrans = 0 bytes;
03-30 14:19:18.031  5881  6255 V MSF.C.MSFCore[@DD]:                      tcpi_notsent_bytes = 0 bytes;
03-30 14:19:18.031  5881  6255 V MSF.C.MSFCore[@DD]:                      tcpi_bytes_received = 5200 bytes;
03-30 14:19:18.031  5881  6255 V MSF.C.MSFCore[@DD]:                      tcpi_bytes_sent = 1451 bytes 
03-30 14:19:18.031  5881  6255 V MSF.C.MSFCore[@DD]:                      tcpi_last_data_sent = 1492 ms 
03-30 14:19:18.031  5881  6255 V MSF.C.MSFCore[@DD]:                      tcpi_last_data_recv = 1248 ms 
03-30 14:19:18.032  2053  3473 D PowerManagerService: userActivityNoUpdateLocked: groupId=0, eventTime=4548196415, event=touch, flags=0x0, uid=1000
03-30 14:19:18.040   788   788 D lowmemorykiller: medium pressure event polling check
03-30 14:19:18.041   788   788 D lowmemorykiller: Ignoring medium pressure event; system is not in reclaim or compaction and no refaults
03-30 14:19:18.044  2053  3452 I [UAH_CLIENT_WRAPPER]: [UahNotifyWapper] inputflinger, src:1000, type:1
03-30 14:19:18.044  2053  3452 I [UAH_CLIENT]: uahRuleCtl, ruleId:1000, status:1
03-30 14:19:18.051 20346 20346 D ViewRootImplExtImpl: the up motion event handled by client, just return
03-30 14:19:18.091 20346 20346 I oplus.android.OplusFrameworkFactoryImpl: get feature:IOplusDynamicVsyncFeature
03-30 14:19:18.091 20346 20346 I oplus.android.OplusFrameworkFactoryImpl: get feature:IOplusDynamicVsyncFeature
03-30 14:19:18.091 20346 20346 I oplus.android.OplusFrameworkFactoryImpl: get feature:IOplusDynamicVsyncFeature
03-30 14:19:18.095 20346 20346 D OplusOverScrollerExtImpl: Success to read Oplus Scroll Rus list, com.kang.bravedns is enabled? false
03-30 14:19:18.095 20346 20346 D OplusSpringOverScroller: set MIN_VELOCITY_ADJUST_FRICTION 1000.0
03-30 14:19:18.095 20346 20346 D OplusSpringOverScroller: set MIN_VELOCITY_ADJUST_FRICTION 1000.0
03-30 14:19:18.095 20346 20346 D OplusSpringOverScroller: set MID_VELOCITY_ADJUST_FRICTION 4000.0
03-30 14:19:18.095 20346 20346 D OplusSpringOverScroller: set MID_VELOCITY_ADJUST_FRICTION 4000.0
03-30 14:19:18.095 20346 20346 D OplusSpringOverScroller: set MAX_VELOCITY_ADJUST_FRICTION 10000.0
03-30 14:19:18.095 20346 20346 D OplusSpringOverScroller: set MAX_VELOCITY_ADJUST_FRICTION 10000.0
03-30 14:19:18.095 20346 20346 D OplusSpringOverScroller: set OPLUS_FLING_FRICTION_NORMAL 0.12
03-30 14:19:18.095 20346 20346 D OplusSpringOverScroller: set MID_FLING_BASE_FRICTION 2.5
03-30 14:19:18.096 20346 20346 D OplusSpringOverScroller: set MID_FLING_BASE_FRICTION 2.5
03-30 14:19:18.096 20346 20346 D OplusSpringOverScroller: set SLOW_FLING_BASE_FRICTION 2.5
03-30 14:19:18.096 20346 20346 D OplusSpringOverScroller: set SLOW_FLING_BASE_FRICTION 2.5
03-30 14:19:18.141   788   788 D lowmemorykiller: medium pressure event polling check
03-30 14:19:18.141   788   788 D lowmemorykiller: Ignoring medium pressure event; system is not in reclaim or compaction and no refaults
03-30 14:19:18.182  2053  4345 W OplusNavigationBarUtil: color navigation bar util isn't init.
03-30 14:19:18.199 20346 20346 I oplus.android.OplusFrameworkFactoryImpl: get feature:IOplusDynamicVsyncFeature
03-30 14:19:18.199 20346 20346 I oplus.android.OplusFrameworkFactoryImpl: get feature:IOplusDynamicVsyncFeature
03-30 14:19:18.199 20346 20346 I oplus.android.OplusFrameworkFactoryImpl: get feature:IOplusDynamicVsyncFeature
03-30 14:19:18.202 20346 20346 D OplusOverScrollerExtImpl: Success to read Oplus Scroll Rus list, com.kang.bravedns is enabled? false
03-30 14:19:18.202 20346 20346 D OplusSpringOverScroller: set MIN_VELOCITY_ADJUST_FRICTION 1000.0
03-30 14:19:18.202 20346 20346 D OplusSpringOverScroller: set MIN_VELOCITY_ADJUST_FRICTION 1000.0
03-30 14:19:18.202 20346 20346 D OplusSpringOverScroller: set MID_VELOCITY_ADJUST_FRICTION 4000.0
03-30 14:19:18.202 20346 20346 D OplusSpringOverScroller: set MID_VELOCITY_ADJUST_FRICTION 4000.0
03-30 14:19:18.202 20346 20346 D OplusSpringOverScroller: set MAX_VELOCITY_ADJUST_FRICTION 10000.0
03-30 14:19:18.202 20346 20346 D OplusSpringOverScroller: set MAX_VELOCITY_ADJUST_FRICTION 10000.0
03-30 14:19:18.202 20346 20346 D OplusSpringOverScroller: set OPLUS_FLING_FRICTION_NORMAL 0.12
03-30 14:19:18.202 20346 20346 D OplusSpringOverScroller: set MID_FLING_BASE_FRICTION 2.5
03-30 14:19:18.202 20346 20346 D OplusSpringOverScroller: set MID_FLING_BASE_FRICTION 2.5
03-30 14:19:18.202 20346 20346 D OplusSpringOverScroller: set SLOW_FLING_BASE_FRICTION 2.5
03-30 14:19:18.202 20346 20346 D OplusSpringOverScroller: set SLOW_FLING_BASE_FRICTION 2.5
03-30 14:19:18.209 20346 20346 I oplus.android.OplusFrameworkFactoryImpl: get feature:IOplusDynamicVsyncFeature
03-30 14:19:18.209 20346 20346 I oplus.android.OplusFrameworkFactoryImpl: get feature:IOplusDynamicVsyncFeature
03-30 14:19:18.209 20346 20346 I oplus.android.OplusFrameworkFactoryImpl: get feature:IOplusDynamicVsyncFeature
03-30 14:19:18.211 20346 20346 D OplusOverScrollerExtImpl: Success to read Oplus Scroll Rus list, com.kang.bravedns is enabled? false
03-30 14:19:18.211 20346 20346 D OplusSpringOverScroller: set MIN_VELOCITY_ADJUST_FRICTION 1000.0
03-30 14:19:18.211 20346 20346 D OplusSpringOverScroller: set MIN_VELOCITY_ADJUST_FRICTION 1000.0
03-30 14:19:18.211 20346 20346 D OplusSpringOverScroller: set MID_VELOCITY_ADJUST_FRICTION 4000.0
03-30 14:19:18.211 20346 20346 D OplusSpringOverScroller: set MID_VELOCITY_ADJUST_FRICTION 4000.0
03-30 14:19:18.211 20346 20346 D OplusSpringOverScroller: set MAX_VELOCITY_ADJUST_FRICTION 10000.0
03-30 14:19:18.211 20346 20346 D OplusSpringOverScroller: set MAX_VELOCITY_ADJUST_FRICTION 10000.0
03-30 14:19:18.212 20346 20346 D OplusSpringOverScroller: set OPLUS_FLING_FRICTION_NORMAL 0.12
03-30 14:19:18.212 20346 20346 D OplusSpringOverScroller: set MID_FLING_BASE_FRICTION 2.5
03-30 14:19:18.212 20346 20346 D OplusSpringOverScroller: set MID_FLING_BASE_FRICTION 2.5
03-30 14:19:18.212 20346 20346 D OplusSpringOverScroller: set SLOW_FLING_BASE_FRICTION 2.5
03-30 14:19:18.212 20346 20346 D OplusSpringOverScroller: set SLOW_FLING_BASE_FRICTION 2.5
03-30 14:19:18.220  1617  1970 I SurfaceFlinger: [SF client] NEW(0xb400007d0cfa2b80) for (20346:com.kang.bravedns)
03-30 14:19:18.223 20346 20346 D WindowManager: Add to mViews: DecorView@33d21b5[ProxySettingsActivity],pkg= com.kang.bravedns
03-30 14:19:18.227  2053  3966 V WindowManager: Changing focus from Window{6b91671 u0 com.kang.bravedns/com.kang.bravedns.ui.activity.ProxySettingsActivity} to Window{36b0a58 u0 com.kang.bravedns/com.kang.bravedns.ui.activity.ProxySettingsActivity},diplayid=0
03-30 14:19:18.230  2053  3966 D Theia.NoFocusWindow: FocusWindowErrorScene cancelCheckFreezeScreen
03-30 14:19:18.230  2053  3966 D Theia.TransparentWindow: TransparentWindow cancelCheckFreezeScreen
03-30 14:19:18.230  2053  3966 W TheiaWindowMonitor: [check] focusedWindow is null or enable is false
03-30 14:19:18.230  2053  3966 I WindowManager: addWindow: New client android.os.BinderProxy@1c9833b : window=Window{36b0a58 u0 com.kang.bravedns/com.kang.bravedns.ui.activity.ProxySettingsActivity}
03-30 14:19:18.233 20346 20346 D InputEventReceiver: Input log is disabled in InputEventReceiver.
03-30 14:19:18.234 20346 20346 I Quality : Skipped: false 8 cost 138.72325 refreshRate 16679342 bit true processName com.kang.bravedns
03-30 14:19:18.235  2053  3592 E OplusUIFirst_WS: unknown window type: -1
03-30 14:19:18.236  2053  3592 E SchedAssist: failed to open /proc/32480/task/15495/ux_state (2): No such file or directory
03-30 14:19:18.236  2053  3592 E SchedAssist: failed to open /proc/32480/task/15958/ux_state (2): No such file or directory
03-30 14:19:18.236  2053  3592 E SchedAssist: failed to open /proc/32480/task/18797/ux_state (2): No such file or directory
03-30 14:19:18.236  2053  3592 E SchedAssist: failed to open /proc/32480/task/22561/ux_state (2): No such file or directory
03-30 14:19:18.239  2053  2887 D VRR [OPlusRefreshRateService]: Receive multi scene changed eventId = 5 bundleList.size = 4
03-30 14:19:18.239 20346 20346 E OplusBracketLog: [OplusViewMirrorManager] updateHostViewRootIfNeeded, not support android.view.ViewRootImpl@b5ee8d8
03-30 14:19:18.239 21106 29906 D ShellSubscriberWorkerThread: the first 8 bytes empty, and RestData length > 8 
03-30 14:19:18.239  2053  3592 E SchedAssist: failed to open /proc/21437/task/11633/ux_state (2): No such file or directory
03-30 14:19:18.240  2053  3592 E UAH_JNI : uah_event_acquire ! cmdId: 301 ,strPkg: pkgName:com.tencent.mm,type:2,activityName:null,isFocused:false|pkgName:com.kang.bravedns,type:1,activityName:com.kang.bravedns/.ui.activity.ProxySettingsActivity,isFocused:false|pkgName:com.android.launcher,type:1,activityName:com.android.launcher/.Launcher,isFocused:false|pkgName:com.kang.bravedns,type:-1,activityName:com.kang.bravedns/.ui.activity.ProxySettingsActivity,isFocused:true, strIdent: OplusUAwareService, timeout: -1
03-30 14:19:18.240  2053  3592 I [UAH_CLIENT]: UahEventAcquire, cmdid:301, pkg:pkgName:com.tencent.mm,type:2,activityName:null,isFocused:false|pkgName:com.kang.bravedns,type:1,activityName:com.kang.bravedns/.ui.activity.ProxySettingsActivity,isFocused:false|pkgName:com.android.launcher,type:1,activityName:com.android.launcher/.Launcher,isFocused:false|pkgName:com.kang.bravedns,type:-1,activityName:com.kang.bravedns/.ui.activity.ProxySettingsActivity,isFocused:true, identity:OplusUAwareService
03-30 14:19:18.241   788   788 D lowmemorykiller: medium pressure event polling check
03-30 14:19:18.242   788   788 D lowmemorykiller: Ignoring medium pressure event; system is not in reclaim or compaction and no refaults
03-30 14:19:18.247  1617  1617 D OplusLayer: setGameMode NavigationBar_displayId_0#84, gameMode 0, parentLayer b2bf5e6 NavigationBar_displayId_0#69.
03-30 14:19:18.247  1617  1617 D Layer   : reparent to null sequence=738692, seq[2], name=Surface(name=b2bf5e6 NavigationBar_displayId_0)/@0xb353f66 - animation-leash of insets_animation#738692
03-30 14:19:18.247  1617  1617 D Layer   : reparent to null sequence=738693, seq[1], name=Surface(name=63edb34 StatusBar)/@0xde142a7 - animation-leash of insets_animation#738693
03-30 14:19:18.248  2053  3966 D CoreBackPreview: Window{36b0a58 u0 com.kang.bravedns/com.kang.bravedns.ui.activity.ProxySettingsActivity}: Setting back callback OnBackInvokedCallbackInfo{mCallback=android.window.IOnBackInvokedCallback$Stub$Proxy@1601422, mPriority=0, mIsAnimationCallback=false}
03-30 14:19:18.273  2053  3966 V WindowManager: Relayout Window{36b0a58 u0 com.kang.bravedns/com.kang.bravedns.ui.activity.ProxySettingsActivity}: viewVisibility=0, oldvis=0, req=1080x2168, vsysui=
03-30 14:19:18.273  2053  3966 I WindowManager: Window{36b0a58 u0 com.kang.bravedns/com.kang.bravedns.ui.activity.ProxySettingsActivity} state from NO_SURFACE to DRAW_PENDING; reason: resetDrawState
03-30 14:19:18.274  1617  1970 D OplusLayer: setProcInfo (738706,com.kang.bravedns/com.kang.bravedns.ui.activity.ProxySettingsActivity#738706,com.kang.bravedns)
03-30 14:19:18.286 20346 20346 D BufferQueueConsumer: [](id:4f7a00000010,api:0,p:-1,c:20346) connect: controlledByApp=false
03-30 14:19:18.291 20346 20389 D BufferQueueProducer: [VRI[ProxySettingsActivity]#16(BLAST Consumer)16](id:4f7a00000010,api:1,p:20346,c:20346) connect: api=1 producerControlledByApp=true
03-30 14:19:18.291 20346 20389 E OpenGLRenderer: Unable to match the desired swap behavior.
03-30 14:19:18.312 20346 20346 I SurfaceControl:  setExtendedRangeBrightness sc=Surface(name=com.kang.bravedns/com.kang.bravedns.ui.activity.ProxySettingsActivity)/@0xe380b4d,currentBufferRatio=1.0,desiredRatio=1.0
03-30 14:19:18.313  1617  1617 D SurfaceFlinger: Find Focus windowName=36b0a58 com.kang.bravedns/com.kang.bravedns.ui.activity.ProxySettingsActivity, notVisible=1
03-30 14:19:18.313  1617  1617 D Layer   : Focus: com.kang.bravedns/com.kang.bravedns.ui.activity.ProxySettingsActivity#738706 isHiddenByPolicy s.flags&layer_state_t::eLayerHidden=1
03-30 14:19:18.314  1617  1617 D SurfaceFlinger: Focus inVisible Reason:isVisibleForInput(){hasInputInfo()?canReceiveInput():isVisible()}=0 has=1 can{!isHiddenByPolicy()&&(mBuffer==nullptr||getAlpha()>0.0f)}=0 Hidden=1 Buf=1 getA=1
03-30 14:19:18.315  1617  1939 D SurfaceFlinger: updateWinowInfo=1, setFocusedWindow timestamp=4548196666685467, windowName=36b0a58 com.kang.bravedns/com.kang.bravedns.ui.activity.ProxySettingsActivity
03-30 14:19:18.315  2053  4022 I InputDispatcher: NFW_setFocusedWindow, 36b0a58 com.kang.bravedns/com.kang.bravedns.ui.activity.ProxySettingsActivity on display 0, same as the previous:0
03-30 14:19:18.315  2053  4022 I InputDispatcher: updateFocusedWindow,  on display 0, reason: Waiting for window because NOT_VISIBLE, result:   FocusedWindows: <none>
03-30 14:19:18.324 20346 20389 D BLASTBufferQueue: [VRI[ProxySettingsActivity]#16](f:0,a:1) acquireNextBufferLocked size=1272x2360 mFrameNumber=1 applyTransaction=true mTimestamp=4548196709579894(auto) mPendingTransactions.size=0 graphicBufferId=87385404604483 transform=0
03-30 14:19:18.324 20346 20389 D VRI[ProxySettingsActivity]: Received frameCommittedCallback lastAttemptedDrawFrameNum=1 didProduceBuffer=true syncBuffer=false
03-30 14:19:18.324 20346 20346 D VRI[ProxySettingsActivity]: draw finished.
03-30 14:19:18.324 20346 20346 D VRI[ProxySettingsActivity]: reportDrawFinished
03-30 14:19:18.325 20346 20346 D ViewRootImplExtImpl: setMaxDequeuedBufferCount: 2
03-30 14:19:18.325  2053  4022 I WindowManager: Window{36b0a58 u0 com.kang.bravedns/com.kang.bravedns.ui.activity.ProxySettingsActivity} state from DRAW_PENDING to COMMIT_DRAW_PENDING; reason: finishDrawingLocked
03-30 14:19:18.325 20346 20346 D VRI[ProxySettingsActivity]: onFocusEvent false
03-30 14:19:18.327  2053  2642 I WindowManager: Window{36b0a58 u0 com.kang.bravedns/com.kang.bravedns.ui.activity.ProxySettingsActivity} state from COMMIT_DRAW_PENDING to READY_TO_SHOW; reason: commitFinishDrawingLocked
03-30 14:19:18.327  2053  2642 D ActivityTaskManager: Clearing startingData for token=null
03-30 14:19:18.328 20346 20346 I Quality : Skipped: false 4 cost 81.55381 refreshRate 16678657 bit true processName com.kang.bravedns
03-30 14:19:18.333  2053  2642 I SurfaceAnimationRunner: startAnimation requiresEdgeExtension=false, animationLeash=Surface(name=Surface(name=36b0a58 com.kang.bravedns/com.kang.bravedns.ui.activity.ProxySettingsActivity)/@0x1e4cc70 - animation-leash of window_animation)/@0x3555be9, runningAnim=com.android.server.wm.SurfaceAnimationRunner$RunningAnimation@c8f506e, mPreProcessingAnimations={}
03-30 14:19:18.334  2053  2642 I WindowManager: Window{36b0a58 u0 com.kang.bravedns/com.kang.bravedns.ui.activity.ProxySettingsActivity} state from READY_TO_SHOW to HAS_DRAWN; reason: performShowLocked
03-30 14:19:18.342   788   788 D lowmemorykiller: medium pressure event polling check
03-30 14:19:18.344   788   788 D lowmemorykiller: Ignoring medium pressure event; system is not in reclaim or compaction and no refaults
03-30 14:19:18.347  2053  2645 D SurfaceAnimationRunner: onAnimationStart:Surface(name=Surface(name=36b0a58 com.kang.bravedns/com.kang.bravedns.ui.activity.ProxySettingsActivity)/@0x1e4cc70 - animation-leash of window_animation)/@0x3555be9
03-30 14:19:18.347  2053  2642 D ActivityTaskManager: Clearing startingData for token=null
03-30 14:19:18.348  2053  2642 D ActivityTaskManager: Clearing startingData for token=null
03-30 14:19:18.356 20346 20389 D VRI[ProxySettingsActivity]: Received frameCommittedCallback lastAttemptedDrawFrameNum=3 didProduceBuffer=true syncBuffer=false
03-30 14:19:18.356 20346 20346 D VRI[ProxySettingsActivity]: draw finished.
03-30 14:19:18.356 20346 20346 D VRI[ProxySettingsActivity]: reportDrawFinished
03-30 14:19:18.383  2053  4022 I InputDispatcher: updateFocusedWindow, 36b0a58 com.kang.bravedns/com.kang.bravedns.ui.activity.ProxySettingsActivity on display 0, reason: Window became focusable. Previous reason: NOT_VISIBLE, result:   FocusedWindows:
03-30 14:19:18.383  2053  4022 I InputDispatcher:     displayId=0, name='36b0a58 com.kang.bravedns/com.kang.bravedns.ui.activity.ProxySettingsActivity'
03-30 14:19:18.389 20346 20346 D VRI[ProxySettingsActivity]: onFocusEvent true
03-30 14:19:18.391 20346 23376 I GoLog   : E pdial.go:29@dialers.proxyConnect>client.go:36@socks5.(*Client).Dial>client.go:60@socks5.(*Client).DialWithLocalAddr>client.go:202@socks5.(*Client).Negotiate>socks5.go:187: : proxy: socks5: S5 dial(tcp) from 192.160.220.219:8889 => 192.160.220.219:8889 (via S5); err? dial tcp 192.160.220.219:8889: i/
03-30 14:19:18.391 20346 23376 I GoLog   : E o timeout
03-30 14:19:18.391 20346 23376 I GoLog   : W socks5.go:222@ipn.(*socks5).dial>pdial.go:50@dialers.ProxyDials>pdial.go:38@dialers.ProxyDial>cdial.go:59@dialers.commondial[...]>cdial.go:122: : rdial: commondial: confirmed 101.227.132.63 for 101.227.132.63:443 failed; err dial tcp 192.160.220.219:8889: i/o timeout
03-30 14:19:18.391 20346 23376 I GoLog   : W tcp.go:273@intra.(*tcpHandler).Proxy>tcp.go:323@intra.(*tcpHandler).handle>socks5.go:203@ipn.(*socks5).Dial>socks5.go:222@ipn.(*socks5).dial>pdial.go:55: : pdial: trying tcp dialer of 0 / 1 to 101.227.132.63:443
03-30 14:19:18.391 20346 23376 I GoLog   : W tcp.go:273@intra.(*tcpHandler).Proxy>tcp.go:323@intra.(*tcpHandler).handle>socks5.go:203@ipn.(*socks5).Dial>socks5.go:222@ipn.(*socks5).dial>pdial.go:63: : pdial: no dialer (sz: 1) could connect to 101.227.132.63:443
03-30 14:19:18.391 20346 23376 I GoLog   : W tcp.go:139@netstack.tcpForwarder.func1>tcp.go:273@intra.(*tcpHandler).Proxy>tcp.go:323@intra.(*tcpHandler).handle>socks5.go:203@ipn.(*socks5).Dial>socks5.go:244: : proxy: socks5: S5 dial(tcp) failed 192.160.220.219:8889 => 101.227.132.63:443: dial tcp 192.160.220.219:8889: i/o timeout
03-30 14:19:18.391 20346 23376 I GoLog   : W tcp.go:352: spammy... 9 msgs; dropped? true
03-30 14:19:18.391 20346 23376 I GoLog   : W tcp.go:139@netstack.tcpForwarder.func1>tcp.go:273@intra.(*tcpHandler).Proxy>tcp.go:352: : tcp: err dialing 4bb12a4641239b9b proxy(S5) to dst(101.227.132.63) for 10302: dial tcp 192.160.220.219:8889: i/o timeout
03-30 14:19:18.391 20346 23376 I GoLog   : W tcp.go:139@netstack.tcpForwarder.func1>tcp.go:277: : tcp: dial: #0: 4bb12a4641239b9b failed; addr(101.227.132.63:443) / fallback? false / cont? true / he? false; for uid 10302 (10s); w err(dial tcp 192.160.220.219:8889: i/o timeout)
03-30 14:19:18.395  2053  4022 D InputMethodManagerService: isSecurity: attribute.packageName = com.kang.bravedns mCurMethodId = com.sohu.inputmethod.sogouoem/.SogouIME isSecurity = false ( enable = true needShow = false inBlackList = false isExist = true )
03-30 14:19:18.395  2053  4022 I ImeTracker: com.kang.bravedns:3f15cf7e: onRequestHide at ORIGIN_SERVER_HIDE_INPUT reason HIDE_UNSPECIFIED_WINDOW
03-30 14:19:18.395  2053  4022 I ImeTracker: com.kang.bravedns:3f15cf7e: onCancelled at PHASE_SERVER_SHOULD_HIDE
03-30 14:19:18.402 23440 23440 D OppoLogUtils: isDebug: false  DEBUG： false  isChanged: false
03-30 14:19:18.413  1617  1617 D Layer   : reparent to null sequence=738702, seq[3], name=Surface(name=de45c98 InputMethod)/@0x80eaa44 - animation-leash of insets_animation#738702
03-30 14:19:18.444   788   788 D lowmemorykiller: medium pressure event polling check
03-30 14:19:18.445   788   788 D lowmemorykiller: Ignoring medium pressure event; system is not in reclaim or compaction and no refaults
03-30 14:19:18.446  4032  4455 D WeChatScenarios-1722-10302: link=19,uid=10302 and not match current link:22 uid:10302
03-30 14:19:18.447  4032  4455 D WeChatScenarios-1723-10302: transportLayerQosChange TransportLayerData{link_index=19, uid=10302, uplink_srtt=0, uplink_packets=0, uplink_retrans_packets=0, uplink_retrans_rate=0, downlink_srtt=0, downlink_packets=0, downlink_retrans_packets=0, downlink_retrans_rate=0, downlink_rate=0, uplink_udp_packets=0, downlink_udp_packets=0, uplink_tcp_rate=0, uplink_udp_rate=0, downlink_tcp_rate=0, downlink_udp_rate=0}
03-30 14:19:18.447  4032  4455 D CommonScenarios-1722-10511: link=19,uid=10302 and not match current link:22 uid:10511
03-30 14:19:18.448  4032  4455 D CommonScenarios-1723-10511: link=19,uid=10302 and not match current link:19 uid:10511
03-30 14:19:18.448  4032  4455 D WeChatScenarios-1723-10302: ActiveState process message 2
03-30 14:19:18.448  4032  4455 D WeChatScenarios-1723-10302: ActiveState EVENT_NETWORK_KPI_CHANGE
03-30 14:19:18.448  4032  4455 D WeChatScenarios-1723-10302: scenarios low package or rtt is 0
03-30 14:19:18.448  4032  4455 D WeChatScenarios-1723-10302: ActiveState EVENT_NETWORK_KPI_CHANGE score 100 scenarioslow package
03-30 14:19:18.448  4032  4455 D WeChatScenarios-1723-10302: notifyScoreChange 100
03-30 14:19:18.448  4032  4455 D WeChatScenarios-1723-10302: needNotify lastScore=100 score=100
03-30 14:19:18.448  4032  4455 D WeChatScenarios-1723-10302: score diff < 5
03-30 14:19:18.448  4032  4455 D WeChatScenarios-1723-10302: not need notify score change, return
03-30 14:19:18.448  4032  4455 D NetworkScoreModel: onTransportlayerQosChange: TransportLayerData{link_index=19, uid=10302, uplink_srtt=0, uplink_packets=0, uplink_retrans_packets=0, uplink_retrans_rate=0, downlink_srtt=0, downlink_packets=0, downlink_retrans_packets=0, downlink_retrans_rate=0, downlink_rate=0, uplink_udp_packets=0, downlink_udp_packets=0, uplink_tcp_rate=0, uplink_udp_rate=0, downlink_tcp_rate=0, downlink_udp_rate=0}
03-30 14:19:18.448  4032  4455 D WeChatScenarios-1722-10302: transportLayerQosChange TransportLayerData{link_index=22, uid=10302, uplink_srtt=0, uplink_packets=0, uplink_retrans_packets=0, uplink_retrans_rate=0, downlink_srtt=0, downlink_packets=0, downlink_retrans_packets=0, downlink_retrans_rate=0, downlink_rate=0, uplink_udp_packets=0, downlink_udp_packets=0, uplink_tcp_rate=0, uplink_udp_rate=0, downlink_tcp_rate=0, downlink_udp_rate=0}
03-30 14:19:18.448  4032  4455 D WeChatScenarios-1723-10302: link=22,uid=10302 and not match current link:19 uid:10302
03-30 14:19:18.448  4032  4455 D CommonScenarios-1722-10511: link=22,uid=10302 and not match current link:22 uid:10511
03-30 14:19:18.448  4032  4455 D CommonScenarios-1723-10511: link=22,uid=10302 and not match current link:19 uid:10511
03-30 14:19:18.448  4032  4455 D WeChatScenarios-1722-10302: link=19,uid=10511 and not match current link:22 uid:10302
03-30 14:19:18.448  4032  4455 D WeChatScenarios-1723-10302: link=19,uid=10511 and not match current link:19 uid:10302
03-30 14:19:18.448  4032  4455 D CommonScenarios-1722-10511: link=19,uid=10511 and not match current link:22 uid:10511
03-30 14:19:18.448  4032  4455 D CommonScenarios-1723-10511: transportLayerQosChange TransportLayerData{link_index=19, uid=10511, uplink_srtt=0, uplink_packets=0, uplink_retrans_packets=0, uplink_retrans_rate=0, downlink_srtt=0, downlink_packets=0, downlink_retrans_packets=0, downlink_retrans_rate=0, downlink_rate=0, uplink_udp_packets=0, downlink_udp_packets=0, uplink_tcp_rate=0, uplink_udp_rate=0, downlink_tcp_rate=0, downlink_udp_rate=0}
03-30 14:19:18.448  4032  4455 D WeChatScenarios-1722-10302: link=22,uid=10511 and not match current link:22 uid:10302
03-30 14:19:18.448  4032  4455 D WeChatScenarios-1723-10302: link=22,uid=10511 and not match current link:19 uid:10302
03-30 14:19:18.448  4032  4455 D CommonScenarios-1722-10511: transportLayerQosChange TransportLayerData{link_index=22, uid=10511, uplink_srtt=0, uplink_packets=0, uplink_retrans_packets=1, uplink_retrans_rate=100, downlink_srtt=93, downlink_packets=0, downlink_retrans_packets=0, downlink_retrans_rate=0, downlink_rate=0, uplink_udp_packets=0, downlink_udp_packets=0, uplink_tcp_rate=60, uplink_udp_rate=0, downlink_tcp_rate=0, downlink_udp_rate=0}
03-30 14:19:18.448  4032  4455 D CommonScenarios-1723-10511: link=22,uid=10511 and not match current link:19 uid:10511
03-30 14:19:18.448  4032  4455 D WeChatScenarios-1722-10302: ActiveState process message 2
03-30 14:19:18.448  4032  4455 D WeChatScenarios-1722-10302: ActiveState EVENT_NETWORK_KPI_CHANGE
03-30 14:19:18.448  4032  4455 D WeChatScenarios-1722-10302: scenarios low package or rtt is 0
03-30 14:19:18.448  4032  4455 D WeChatScenarios-1722-10302: ActiveState EVENT_NETWORK_KPI_CHANGE score 100 scenarioslow package
03-30 14:19:18.448  4032  4455 D WeChatScenarios-1722-10302: notifyScoreChange 100
03-30 14:19:18.448  4032  4455 D WeChatScenarios-1722-10302: needNotify lastScore=100 score=100
03-30 14:19:18.448  4032  4455 D WeChatScenarios-1722-10302: score diff < 5
03-30 14:19:18.449  4032  4455 D WeChatScenarios-1722-10302: not need notify score change, return
03-30 14:19:18.449  4032  4455 D CommonScenarios-1723-10511: ActiveState process message 2
03-30 14:19:18.449  4032  4455 D CommonScenarios-1723-10511: ActiveState EVENT_NETWORK_KPI_CHANGE
03-30 14:19:18.449  4032  4455 D CommonScenarios-1723-10511: transport layer data is invalid
03-30 14:19:18.449  4032  4455 D CommonScenarios-1723-10511: ActiveState EVENT_NETWORK_KPI_CHANGE score is invalid
03-30 14:19:18.449  4032  4455 D CommonScenarios-1722-10511: ActiveState process message 2
03-30 14:19:18.449  4032  4455 D CommonScenarios-1722-10511: ActiveState EVENT_NETWORK_KPI_CHANGE
03-30 14:19:18.449  4032  4455 D CommonScenarios-1722-10511: scenarios low package
03-30 14:19:18.449  4032  4455 D CommonScenarios-1722-10511: ActiveState EVENT_NETWORK_KPI_CHANGE score is invalid
03-30 14:19:18.449  4032  4455 D NetworkScoreModel: onTransportlayerQosChange: TransportLayerData{link_index=22, uid=10302, uplink_srtt=0, uplink_packets=0, uplink_retrans_packets=0, uplink_retrans_rate=0, downlink_srtt=0, downlink_packets=0, downlink_retrans_packets=0, downlink_retrans_rate=0, downlink_rate=0, uplink_udp_packets=0, downlink_udp_packets=0, uplink_tcp_rate=0, uplink_udp_rate=0, downlink_tcp_rate=0, downlink_udp_rate=0}
03-30 14:19:18.449  4032  4455 D NetworkScoreModel: onTransportlayerQosChange: TransportLayerData{link_index=19, uid=10511, uplink_srtt=0, uplink_packets=0, uplink_retrans_packets=0, uplink_retrans_rate=0, downlink_srtt=0, downlink_packets=0, downlink_retrans_packets=0, downlink_retrans_rate=0, downlink_rate=0, uplink_udp_packets=0, downlink_udp_packets=0, uplink_tcp_rate=0, uplink_udp_rate=0, downlink_tcp_rate=0, downlink_udp_rate=0}
03-30 14:19:18.449  4032  4455 D NetworkScoreModel: onTransportlayerQosChange: TransportLayerData{link_index=22, uid=10511, uplink_srtt=0, uplink_packets=0, uplink_retrans_packets=1, uplink_retrans_rate=100, downlink_srtt=93, downlink_packets=0, downlink_retrans_packets=0, downlink_retrans_rate=0, downlink_rate=0, uplink_udp_packets=0, downlink_udp_packets=0, uplink_tcp_rate=60, uplink_udp_rate=0, downlink_tcp_rate=0, downlink_udp_rate=0}
03-30 14:19:18.498  2053  2645 D SurfaceAnimationRunner: onAnimationEnd:Surface(name=Surface(name=36b0a58 com.kang.bravedns/com.kang.bravedns.ui.activity.ProxySettingsActivity)/@0x1e4cc70 - animation-leash of window_animation)/@0x3555be9
03-30 14:19:18.499  1318 13935 D IRIS_LOG_SERV: video start playing, layer228783 z-order 1 at fps: 45109
03-30 14:19:18.504  2053  2852 D OplusSmartBrightnessController: handleMessage MSG_LUX_CHANGED, mLux:177.3032 luxQueue=[173.0, 176.0, 180.0, 178.0, 179.0, 180.0, 175.0]
03-30 14:19:18.513  1617  1617 D Layer   : reparent to null sequence=738707, seq[14], name=Surface(name=36b0a58 com.kang.bravedns/com.kang.bravedns.ui.activity.ProxySettingsActivity)/@0x1e4cc70 - animation-leash of window_animation#738707
03-30 14:19:18.523  7644  7785 I NTKernel: [I] upsert_deduce_command.cc(80)::RunInternal [data_base]->task[409] upsert /key_value_storage.h:OnTimeout:464 records[2]
03-30 14:19:18.733 21106 21578 D ScreenStatusProducer: Current queue status: isIdle = true, isPolling = true
03-30 14:19:18.751 20346 20432 D BatchLogger: ip; signal wait over, sz(b: 4, u: 5) / cur(71), track(71)
03-30 14:19:18.890  2053  4179 I OplusHansManager : uid=10145, pkg=com.google.android.gsf F enter(), M stay=5
03-30 14:19:18.903  2053  4179 I OplusHansManager : freeze uid: 10145 com.google.android.gsf pids: [21576, 19792] scene: LcdOn
03-30 14:19:18.904  2053  4212 I OplusHansManager : p_BC uid=10145 pkg=com.google.android.gsf
03-30 14:19:18.904 20346 23376 I GoLog   : E pdial.go:29@dialers.proxyConnect>client.go:36@socks5.(*Client).Dial>client.go:60@socks5.(*Client).DialWithLocalAddr>client.go:202@socks5.(*Client).Negotiate>socks5.go:187: : proxy: socks5: S5 dial(tcp) from 192.160.220.219:8889 => 192.160.220.219:8889 (via S5); err? dial tcp 192.160.220.219:8889: i/
03-30 14:19:18.905 20346 23376 I GoLog   : E o timeout
03-30 14:19:18.905  2053  4212 I OplusBinderProxy: proxyBinder uid: 10145 pkg: com.google.android.gsf proxy: true calling: OFreezer
03-30 14:19:18.905  2053  4212 I OplusHansManager : p_alarm 10145
03-30 14:19:18.905  2053  4212 D OplusAlarmAdjustment: proxyAlarmsByUid(), uid=10145, pkgName=com.google.android.gsf, requester=1
03-30 14:19:18.905  1099 28394 E netd    : destroyAllSocketForUid:10145
03-30 14:19:18.906 20346 23376 I GoLog   : W socks5.go:222@ipn.(*socks5).dial>pdial.go:50@dialers.ProxyDials>pdial.go:38@dialers.ProxyDial>cdial.go:59@dialers.commondial[...]>cdial.go:122: : rdial: commondial: confirmed 216.239.32.223 for 216.239.32.223:443 failed; err dial tcp 192.160.220.219:8889: i/o timeout
03-30 14:19:18.906 20346 23376 I GoLog   : W tcp.go:273@intra.(*tcpHandler).Proxy>tcp.go:323@intra.(*tcpHandler).handle>socks5.go:203@ipn.(*socks5).Dial>socks5.go:222@ipn.(*socks5).dial>pdial.go:55: : pdial: trying tcp dialer of 0 / 1 to 216.239.32.223:443
03-30 14:19:18.906 20346 23376 I GoLog   : W tcp.go:273@intra.(*tcpHandler).Proxy>tcp.go:323@intra.(*tcpHandler).handle>socks5.go:203@ipn.(*socks5).Dial>socks5.go:222@ipn.(*socks5).dial>pdial.go:63: : pdial: no dialer (sz: 1) could connect to 216.239.32.223:443
03-30 14:19:18.906 20346 23376 I GoLog   : W tcp.go:139@netstack.tcpForwarder.func1>tcp.go:273@intra.(*tcpHandler).Proxy>tcp.go:323@intra.(*tcpHandler).handle>socks5.go:203@ipn.(*socks5).Dial>socks5.go:244: : proxy: socks5: S5 dial(tcp) failed 192.160.220.219:8889 => 216.239.32.223:443: dial tcp 192.160.220.219:8889: i/o timeout
03-30 14:19:18.906 20346 23376 I GoLog   : W tcp.go:139@netstack.tcpForwarder.func1>tcp.go:273@intra.(*tcpHandler).Proxy>tcp.go:352: : tcp: err dialing 0be377a1c615dec9 proxy(S5) to dst(216.239.32.223) for 10145: dial tcp 192.160.220.219:8889: i/o timeout
03-30 14:19:18.906 20346 23376 I GoLog   : W tcp.go:139@netstack.tcpForwarder.func1>tcp.go:277: : tcp: dial: #0: 0be377a1c615dec9 failed; addr(216.239.32.223:443) / fallback? false / cont? true / he? false; for uid 10145 (10s); w err(dial tcp 192.160.220.219:8889: i/o timeout)
03-30 14:19:18.908  1099 28394 E OplusNetd: DestroyAllSocket 1 sockets for uids{ 10145 } skip={0} in 3186us
03-30 14:19:18.908  2053  2846 D OplusAlarmAdjustMap: addProxyUid, uid=10145, pkgName=com.google.android.gsf, requester=1
03-30 14:19:18.909  2053  3687 D OAppNetControlService: Close socket:[10145] cause:App bg(IMMEDIATELY) success!
03-30 14:19:18.909  2053  3687 D OAppNetControlService: Hans update:[10145=true][0|0] blackList:[99910145, 10145]
03-30 14:19:18.926  8637  8637 D IHansComunication: HANS sendMessageToKernel: threadId = 521102408880, netLinkSetup = 1, type = FROZEN_TRANS, targetUid = 10145, pkgCmd = PKG_CMD_MAX
03-30 14:19:18.931  2053  3687 D OAppNetControlService: Hans update:[10145=false][0|0] blackList:[99910145]
03-30 14:19:18.937 19792   643 E chromium: [0330/141918.937633:ERROR:net/socket/ssl_client_socket_impl.cc:918] handshake failed; returned -1, SSL error code 1, net_error -103
03-30 14:19:18.941 19792 27045 W Auth    : [TokenResponseCallback] TokenResponse failed with exception [CONTEXT service_id=343 ]
03-30 14:19:18.941 19792 27045 W Auth    : cuwa: Failed to process request
03-30 14:19:18.941 19792 27045 W Auth    : 	at cuwh.a(:com.google.android.gms@261133029@26.11.33 (190400-887465546):23)
03-30 14:19:18.941 19792 27045 W Auth    : 	at cvae.b(:com.google.android.gms@261133029@26.11.33 (190400-887465546):15)
03-30 14:19:18.941 19792 27045 W Auth    : 	at cvav.onFailed(:com.google.android.gms@261133029@26.11.33 (190400-887465546):15)
03-30 14:19:18.941 19792 27045 W Auth    : 	at m1.nj.onFailed(:com.google.android.gms.dynamite_cronetdynamite@261133029@26.11.33 (190400-0):3)
03-30 14:19:18.941 19792 27045 W Auth    : 	at m1.mf.run(:com.google.android.gms.dynamite_cronetdynamite@261133029@26.11.33 (190400-0):16)
03-30 14:19:18.941 19792 27045 W Auth    : 	at bhsz.c(:com.google.android.gms@261133029@26.11.33 (190400-887465546):50)
03-30 14:19:18.941 19792 27045 W Auth    : 	at bhsz.run(:com.google.android.gms@261133029@26.11.33 (190400-887465546):73)
03-30 14:19:18.941 19792 27045 W Auth    : 	at java.util.concurrent.ThreadPoolExecutor.runWorker(ThreadPoolExecutor.java:1145)
03-30 14:19:18.941 19792 27045 W Auth    : 	at java.util.concurrent.ThreadPoolExecutor$Worker.run(ThreadPoolExecutor.java:644)
03-30 14:19:18.941 19792 27045 W Auth    : 	at bhyq.run(:com.google.android.gms@261133029@26.11.33 (190400-887465546):8)
03-30 14:19:18.941 19792 27045 W Auth    : 	at java.lang.Thread.run(Thread.java:1012)
03-30 14:19:18.941 19792 27045 W Auth    : Caused by: m1.ms: Exception in CronetUrlRequest: net::ERR_CONNECTION_ABORTED, ErrorCode=11, InternalErrorCode=-103, Retryable=false
03-30 14:19:18.941 19792 27045 W Auth    : 	at org.chromium.net.impl.CronetUrlRequest.onError(:com.google.android.gms.dynamite_cronetdynamite@261133029@26.11.33 (190400-0):3)
03-30 14:19:18.941  2053  4183 I OplusHansManager : unfreeze uid: 10145 com.google.android.gsf pids: [21576, 19792] reason: TransBinder scene: LcdOn
03-30 14:19:18.942  2053  4179 I OplusHansManager : uid=10145, pkg=com.google.android.gsf F exit(), F stay=0, reason=TransBinder
03-30 14:19:18.943  2053  4212 I OplusHansManager : up_BC uid=10145 pkg=com.google.android.gsf
03-30 14:19:18.943  2053  4212 I OplusHansManager : up_alarm 10145
03-30 14:19:18.943  2053  4212 D OplusAlarmAdjustment: unproxyAlarmsByUid(), uid=10145, pkgName=com.google.android.gsf, requester=1
03-30 14:19:18.943  2053  2846 D OplusAlarmAdjustMap: removeProxyUid, uid=10145, requester=1
03-30 14:19:18.943  2053  4212 I OplusBinderProxy: proxyBinder uid: 10145 pkg: com.google.android.gsf proxy: false calling: OFreezer
03-30 14:19:18.943 19792 15859 E AuthPII : [RequestTokenManager] getToken() -> NETWORK_ERROR. App: com.google.android.gms, Service: oauth2:https://www.googleapis.com/auth/cryptauth
03-30 14:19:18.943 19792 15859 E AuthPII : bgmn: Error when calling server using GmsNetworkStack.
03-30 14:19:18.943 19792 15859 E AuthPII : 	at agtg.b(:com.google.android.gms@261133029@26.11.33 (190400-887465546):1606)
03-30 14:19:18.943 19792 15859 E AuthPII : 	at agte.a(:com.google.android.gms@261133029@26.11.33 (190400-887465546):738)
03-30 14:19:18.943 19792 15859 E AuthPII : 	at agtd.b(:com.google.android.gms@261133029@26.11.33 (190400-887465546):145)
03-30 14:19:18.943 19792 15859 E AuthPII : 	at aajf.d(:com.google.android.gms@261133029@26.11.33 (190400-887465546):107)
03-30 14:19:18.943 19792 15859 E AuthPII : 	at aajf.dispatchTransaction(:com.google.android.gms@261133029@26.11.33 (190400-887465546):153)
03-30 14:19:18.943 19792 15859 E AuthPII : 	at bysn.a(:com.google.android.gms@261133029@26.11.33 (190400-887465546):72)
03-30 14:19:18.943 19792 15859 E AuthPII : 	at zoo.onTransact(:com.google.android.gms@261133029@26.11.33 (190400-887465546):23)
03-30 14:19:18.943 19792 15859 E AuthPII : 	at android.os.Binder.transact(Binder.java:1207)
03-30 14:19:18.943 19792 15859 E AuthPII : 	at ckrk.onTransact(:com.google.android.gms@261133029@26.11.33 (190400-887465546):10)
03-30 14:19:18.943 19792 15859 E AuthPII : 	at android.os.Binder.transact(Binder.java:1207)
03-30 14:19:18.943 19792 15859 E AuthPII : 	at bytb.onTransact(:com.google.android.gms@261133029@26.11.33 (190400-887465546):161)
03-30 14:19:18.943 19792 15859 E AuthPII : 	at android.os.Binder.execTransactInternal(Binder.java:1387)
03-30 14:19:18.943 19792 15859 E AuthPII : 	at android.os.Binder.execTransact(Binder.java:1299)
03-30 14:19:18.943 19792 15859 E AuthPII : Caused by: bgmn: Error requesting token.
03-30 14:19:18.943 19792 15859 E AuthPII : 	at agtg.d(:com.google.android.gms@261133029@26.11.33 (190400-887465546):212)
03-30 14:19:18.943 19792 15859 E AuthPII : 	at agtg.b(:com.google.android.gms@261133029@26.11.33 (190400-887465546):48)
03-30 14:19:18.943 19792 15859 E AuthPII : 	... 12 more
03-30 14:19:18.943 19792 15859 E AuthPII : Caused by: java.util.concurrent.ExecutionException: cuwa: Failed to process request
03-30 14:19:18.943 19792 15859 E AuthPII : 	at heim.j(:com.google.android.gms@261133029@26.11.33 (190400-887465546):21)
03-30 14:19:18.943 19792 15859 E AuthPII : 	at heiv.v(:com.google.android.gms@261133029@26.11.33 (190400-887465546):107)
03-30 14:19:18.943 19792 15859 E AuthPII : 	at agtg.d(:com.google.android.gms@261133029@26.11.33 (190400-887465546):197)
03-30 14:19:18.943 19792 15859 E AuthPII : 	... 13 more
03-30 14:19:18.943 19792 15859 E AuthPII : Caused by: cuwa: Failed to process request
03-30 14:19:18.943 19792 15859 E AuthPII : 	at cuwh.a(:com.google.android.gms@261133029@26.11.33 (190400-887465546):23)
03-30 14:19:18.943 19792 15859 E AuthPII : 	at cvae.b(:com.google.android.gms@261133029@26.11.33 (190400-887465546):15)
03-30 14:19:18.943 19792 15859 E AuthPII : 	at cvav.onFailed(:com.google.android.gms@261133029@26.11.33 (190400-887465546):15)
03-30 14:19:18.943 19792 15859 E AuthPII : 	at m1.nj.onFailed(:com.google.android.gms.dynamite_cronetdynamite@261133029@26.11.33 (190400-0):3)
03-30 14:19:18.943 19792 15859 E AuthPII : 	at m1.mf.run(:com.google.android.gms.dynamite_cronetdynamite@261133029@26.11.33 (190400-0):16)
03-30 14:19:18.943 19792 15859 E AuthPII : 	at bhsz.c(:com.google.android.gms@261133029@26.11.33 (190400-887465546):50)
03-30 14:19:18.943 19792 15859 E AuthPII : 	at bhsz.run(:com.google.android.gms@261133029@26.11.33 (190400-887465546):73)
03-30 14:19:18.943 19792 15859 E AuthPII : 	at java.util.concurrent.ThreadPoolExecutor.runWorker(ThreadPoolExecutor.java:1145)
03-30 14:19:18.943 19792 15859 E AuthPII : 	at java.util.concurrent.ThreadPoolExecutor$Worker.run(ThreadPoolExecutor.java:644)
03-30 14:19:18.943 19792 15859 E AuthPII : 	at bhyq.run(:com.google.android.gms@261133029@26.11.33 (190400-887465546):8)
03-30 14:19:18.943 19792 15859 E AuthPII : 	at java.lang.Thread.run(Thread.java:1012)
03-30 14:19:18.943 19792 15859 E AuthPII : Caused by: m1.ms: Exception in CronetUrlRequest: net::ERR_CONNECTION_ABORTED, ErrorCode=11, InternalErrorCode=-103, Retryable=false
03-30 14:19:18.943 19792 15859 E AuthPII : 	at org.chromium.net.impl.CronetUrlRequest.onError(:com.google.android.gms.dynamite_cronetdynamite@261133029@26.11.33 (190400-0):3)
03-30 14:19:18.944 19792 15859 E AuthPII : Message is Error when calling server using GmsNetworkStack.
03-30 14:19:18.944 19792 15859 E AuthPII : bgmn: Error when calling server using GmsNetworkStack.
03-30 14:19:18.944 19792 15859 E AuthPII : 	at agtg.b(:com.google.android.gms@261133029@26.11.33 (190400-887465546):1606)
03-30 14:19:18.944 19792 15859 E AuthPII : 	at agte.a(:com.google.android.gms@261133029@26.11.33 (190400-887465546):738)
03-30 14:19:18.944 19792 15859 E AuthPII : 	at agtd.b(:com.google.android.gms@261133029@26.11.33 (190400-887465546):145)
03-30 14:19:18.944 19792 15859 E AuthPII : 	at aajf.d(:com.google.android.gms@261133029@26.11.33 (190400-887465546):107)
03-30 14:19:18.944 19792 15859 E AuthPII : 	at aajf.dispatchTransaction(:com.google.android.gms@261133029@26.11.33 (190400-887465546):153)
03-30 14:19:18.944 19792 15859 E AuthPII : 	at bysn.a(:com.google.android.gms@261133029@26.11.33 (190400-887465546):72)
03-30 14:19:18.944 19792 15859 E AuthPII : 	at zoo.onTransact(:com.google.android.gms@261133029@26.11.33 (190400-887465546):23)
03-30 14:19:18.944 19792 15859 E AuthPII : 	at android.os.Binder.transact(Binder.java:1207)
03-30 14:19:18.944 19792 15859 E AuthPII : 	at ckrk.onTransact(:com.google.android.gms@261133029@26.11.33 (190400-887465546):10)
03-30 14:19:18.944 19792 15859 E AuthPII : 	at android.os.Binder.transact(Binder.java:1207)
03-30 14:19:18.944 19792 15859 E AuthPII : 	at bytb.onTransact(:com.google.android.gms@261133029@26.11.33 (190400-887465546):161)
03-30 14:19:18.944 19792 15859 E AuthPII : 	at android.os.Binder.execTransactInternal(Binder.java:1387)
03-30 14:19:18.944 19792 15859 E AuthPII : 	at android.os.Binder.execTransact(Binder.java:1299)
03-30 14:19:18.944 19792 15859 E AuthPII : Caused by: bgmn: Error requesting token.
03-30 14:19:18.944 19792 15859 E AuthPII : 	at agtg.d(:com.google.android.gms@261133029@26.11.33 (190400-887465546):212)
03-30 14:19:18.944 19792 15859 E AuthPII : 	at agtg.b(:com.google.android.gms@261133029@26.11.33 (190400-887465546):48)
03-30 14:19:18.944 19792 15859 E AuthPII : 	... 12 more
03-30 14:19:18.944 19792 15859 E AuthPII : Caused by: java.util.concurrent.ExecutionException: cuwa: Failed to process request
03-30 14:19:18.944 19792 15859 E AuthPII : 	at heim.j(:com.google.android.gms@261133029@26.11.33 (190400-887465546):21)
03-30 14:19:18.944 19792 15859 E AuthPII : 	at heiv.v(:com.google.android.gms@261133029@26.11.33 (190400-887465546):107)
03-30 14:19:18.944 19792 15859 E AuthPII : 	at agtg.d(:com.google.android.gms@261133029@26.11.33 (190400-887465546):197)
03-30 14:19:18.944 19792 15859 E AuthPII : 	... 13 more
03-30 14:19:18.944 19792 15859 E AuthPII : Caused by: cuwa: Failed to process request
03-30 14:19:18.944 19792 15859 E AuthPII : 	at cuwh.a(:com.google.android.gms@261133029@26.11.33 (190400-887465546):23)
03-30 14:19:18.944 19792 15859 E AuthPII : 	at cvae.b(:com.google.android.gms@261133029@26.11.33 (190400-887465546):15)
03-30 14:19:18.944 19792 15859 E AuthPII : 	at cvav.onFailed(:com.google.android.gms@261133029@26.11.33 (190400-887465546):15)
03-30 14:19:18.944 19792 15859 E AuthPII : 	at m1.nj.onFailed(:com.google.android.gms.dynamite_cronetdynamite@261133029@26.11.33 (190400-0):3)
03-30 14:19:18.944 19792 15859 E AuthPII : 	at m1.mf.run(:com.google.android.gms.dynamite_cronetdynamite@261133029@26.11.33 (190400-0):16)
03-30 14:19:18.944 19792 15859 E AuthPII : 	at bhsz.c(:com.google.android.gms@261133029@26.11.33 (190400-887465546):50)
03-30 14:19:18.944 19792 15859 E AuthPII : 	at bhsz.run(:com.google.android.gms@261133029@26.11.33 (190400-887465546):73)
03-30 14:19:18.944 19792 15859 E AuthPII : 	at java.util.concurrent.ThreadPoolExecutor.runWorker(ThreadPoolExecutor.java:1145)
03-30 14:19:18.944 19792 15859 E AuthPII : 	at java.util.concurrent.ThreadPoolExecutor$Worker.run(ThreadPoolExecutor.java:644)
03-30 14:19:18.944 19792 15859 E AuthPII : 	at bhyq.run(:com.google.android.gms@261133029@26.11.33 (190400-887465546):8)
03-30 14:19:18.944 19792 15859 E AuthPII : 	at java.lang.Thread.run(Thread.java:1012)
03-30 14:19:18.944 19792 15859 E AuthPII : Caused by: m1.ms: Exception in CronetUrlRequest: net::ERR_CONNECTION_ABORTED, ErrorCode=11, InternalErrorCode=-103, Retryable=false
03-30 14:19:18.944 19792 15859 E AuthPII : 	at org.chromium.net.impl.CronetUrlRequest.onError(:com.google.android.gms.dynamite_cronetdynamite@261133029@26.11.33 (190400-0):3)
03-30 14:19:18.944 19792 15859 I Auth    : (REDACTED) [GetToken] GetToken failed for app=%s with non recoverable status code: %s 
03-30 14:19:18.945 19792 15859 W Auth    : [ChimeraGetToken] exception while trying to fetch auth tokens for app=com.google.android.gms, scope=oauth2:https://www.googleapis.com/auth/cryptauth [CONTEXT service_id=153 ]
03-30 14:19:18.945 19792 15859 W Auth    : agsy: GetToken failed with status code: NetworkError
03-30 14:19:18.945 19792 15859 W Auth    : 	at agtd.b(:com.google.android.gms@261133029@26.11.33 (190400-887465546):349)
03-30 14:19:18.945 19792 15859 W Auth    : 	at aajf.d(:com.google.android.gms@261133029@26.11.33 (190400-887465546):107)
03-30 14:19:18.945 19792 15859 W Auth    : 	at aajf.dispatchTransaction(:com.google.android.gms@261133029@26.11.33 (190400-887465546):153)
03-30 14:19:18.945 19792 15859 W Auth    : 	at bysn.a(:com.google.android.gms@261133029@26.11.33 (190400-887465546):72)
03-30 14:19:18.945 19792 15859 W Auth    : 	at zoo.onTransact(:com.google.android.gms@261133029@26.11.33 (190400-887465546):23)
03-30 14:19:18.945 19792 15859 W Auth    : 	at android.os.Binder.transact(Binder.java:1207)
03-30 14:19:18.945 19792 15859 W Auth    : 	at ckrk.onTransact(:com.google.android.gms@261133029@26.11.33 (190400-887465546):10)
03-30 14:19:18.945 19792 15859 W Auth    : 	at android.os.Binder.transact(Binder.java:1207)
03-30 14:19:18.945 19792 15859 W Auth    : 	at bytb.onTransact(:com.google.android.gms@261133029@26.11.33 (190400-887465546):161)
03-30 14:19:18.945 19792 15859 W Auth    : 	at android.os.Binder.execTransactInternal(Binder.java:1387)
03-30 14:19:18.945 19792 15859 W Auth    : 	at android.os.Binder.execTransact(Binder.java:1299)
