03-30 14:19:21.670  2053  3592 E UAH_JNI : uah_event_acquire ! cmdId: 0 ,strPkg: com.android.launcher, strIdent: com.android.server.wm, timeout: 600
03-30 14:19:21.671  2053  3592 I [UAH_CLIENT]: UahEventAcquire, cmdid:0, pkg:com.android.launcher, identity:com.android.server.wm
03-30 14:19:21.671 21437 21437 D OpenGLRenderer: RenderProxy::destroy: this=0xb4000077fd720480, mContext=0xb40000776bcb4700
03-30 14:19:21.671 21437 23690 D OpenGLRenderer: SkiaOpenGLPipeline::setSurface: this=0xb40000780789a240, surface=NULL
03-30 14:19:21.671 21437 21437 D ViewRootImplExtImpl: wrapConfigInfoIntoFlags rotation=0, smallestScreenWidthDp=360, relayoutAsync=false, newFlags=23592960, title=com.android.launcher/com.android.launcher.Launcher
03-30 14:19:21.672  2053  3966 D WindowManager: updateOrientation: mLastOrientation = SCREEN_ORIENTATION_UNSPECIFIED(-1) newOrientation = SCREEN_ORIENTATION_NOSENSOR(5) forceUpdate = true LastOrientationSource = ActivityRecord{5cb2283 u0 com.android.launcher/.Launcher t5}
03-30 14:19:21.672  2053  3966 D WindowManager: rotation(ROTATION_0) no changed.
03-30 14:19:21.672  2053  3966 I TaskFragmentExtImpl: hookSetBinderUxFlag:true prev:ActivityRecord{5cb2283 u0 com.android.launcher/.Launcher t5}
03-30 14:19:21.672  2053  3966 D TaskFragmentExtImpl: addColorModeOnResume resume=true pkg = com.android.launcher
03-30 14:19:21.672  2053  3966 D OplusFeatureColorMode: ColorMode getColorMode =0
03-30 14:19:21.672  2053  3966 D ColorDisplayServiceExtImpl: getWCGVersion1App, packageName=com.android.launcher, sSupportWCG1 = true, nRet = 0
03-30 14:19:21.672  2053  3966 I TaskFragmentExtImpl: hookSetBinderUxFlag:false prev:ActivityRecord{5cb2283 u0 com.android.launcher/.Launcher t5}
03-30 14:19:21.672  2053  3966 D ActivityTaskManager: setVisibility(Token{1b59ee2 ActivityRecord{5cb2283 u0 com.android.launcher/.Launcher t5}}, visible=true) defer commitVisibility for transition collecting
03-30 14:19:21.675 21437 22583 D ColorModeChangeItem: preExecute mColorMode=0,token=android.os.BinderProxy@e273bf2
03-30 14:19:21.676  3760  3920 D OplusShellTransition: requestStartTransition by WMShell, startNewTransition type: 3, handler: com.android.wm.shell.recents.RecentsTransitionHandler@cbf3141, active: android.os.BinderProxy@893abe0@-1, mPendingTransitions: [android.os.BinderProxy@d02011c@-1, mToken null@-1, mToken null@-1, mToken null@-1]
03-30 14:19:21.676  3760  3920 V WindowManagerShell: [39917027] RecentsController.setTransition: id=android.os.BinderProxy@893abe0
03-30 14:19:21.676  3760  3920 D ZoomController: onRecentHomeClicked
03-30 14:19:21.676  3760  3920 D ZoomController: forAllRootTaskManagers  managerSize = 0
03-30 14:19:21.676  2053  4022 I OplusJoystickManager: handleApplicationSwitch deprecated!
03-30 14:19:21.677  2053  2739 E OplusThermalStats: Error getting package info: com.android.launcher
03-30 14:19:21.677  2053  4388 D WindowManagerServiceExtImpl: extractConfigInfoAndRealFlags rotation=0, screenDp=360, win=Window{879da8d u0 com.android.launcher/com.android.launcher.Launcher}
03-30 14:19:21.677  2053  4388 V WindowManager: Relayout Window{879da8d u0 com.android.launcher/com.android.launcher.Launcher}: viewVisibility=4, oldvis=8, req=1080x2412, vsysui=LAYOUT_STABLE LAYOUT_HIDE_NAVIGATION LAYOUT_FULLSCREEN
03-30 14:19:21.679  2053  4485 D OplusAppSwitchListener: Detect com.kang.bravedns switch to background
03-30 14:19:21.679  2053  4485 D OplusFeatureReduceBrightness: onAppExit , info = com.kang.bravedns
03-30 14:19:21.679  2053  2640 E SchedAssist: failed to open /proc/21437/task/11633/ux_state (2): No such file or directory
03-30 14:19:21.680  2053  4485 D OplusEapManager: mTargetExitName :com.kang.bravedns
03-30 14:19:21.680  3686  3704 V DCSEX-AppSwitchManager: OnAppSwitchObserver: onAppExit, resuming = com.android.launcher, target = com.kang.bravedns, is ResumingFirstStart =  false, is ResumingMultiApp =  false, extensionInfo =  Bundle[mParcelledData.dataSize=84]
03-30 14:19:21.680  2053  4388 W WindowManager: Current transition prevents automatic focus change, currentFocus:Window{6b91671 u0 com.kang.bravedns/com.kang.bravedns.ui.activity.ProxySettingsActivity} focusedApp:ActivityRecord{5f2b7e u0 com.kang.bravedns/.ui.activity.ProxySettingsActivity t5381}
03-30 14:19:21.680  3686 11418 D DCSEX-AppLaunchEventRecorder: onAppSwitch from = com.kang.bravedns to = com.android.launcher
03-30 14:19:21.680  3686 11418 D DCSEX-AppLaunchEventRecorder: recordExitApp = com.kang.bravedns
03-30 14:19:21.681 21437 21437 D VRI[Launcher]: relayoutWindow result, sizeChanged:false, surfaceControlChanged:false, transformHintChanged:false, mSurfaceSize:Point(1080, 2412), mLastSurfaceSize:Point(1080, 2412), mWidth:1080, mHeight:2412, requestedWidth:1080, requestedHeight:2412, transformHint:0, lastTransformHint:0, installOrientation:0, displayRotation:0, isSurfaceValid:false, attr.flag:-2121203456, useBlast:true, tmpFrames:ClientWindowFrames{frame=[0,0][1080,2412] display=[0,0][1080,2412] parentFrame=[0,0][0,0]}
03-30 14:19:21.681 21437 21437 D VRI[Launcher]: setWindowStopped stopped:false
03-30 14:19:21.682 21437 21437 D b/223498680: LRV onStateTransitionStart setFreezeVisibility=true, toState=Background
03-30 14:19:21.682  2053  2887 D VRR [OPlusRefreshRateService]: handleFrontAppChange pkgName: null
03-30 14:19:21.682  1617  1617 I BpBinder: onLastStrongRef automatically unlinking death recipients: 
03-30 14:19:21.682  4032 17012 D OplusUidPurStatsSerivce-NAS: onUidImportance: 10105, 100
03-30 14:19:21.682  2053  4485 D OplusAppSwitchListener: Detect com.android.launcher switch to foreground
03-30 14:19:21.683  2053  4485 D OplusEapManager: mTargetEnterName :com.android.launcher
03-30 14:19:21.683  2053  4485 D OplusLatencyOptimizerManager: enter pkg: com.android.launcher isPrevBlackAppTop: false mIsBlackAppTop: false
03-30 14:19:21.683 21437 21437 D TracePrintUtil: isWindowAnimating 1 = false
03-30 14:19:21.683 21437 21437 D TracePrintUtil: isWindowAnimating 101 = false
03-30 14:19:21.683  2053  3222 I Athena  : RecordAppChangeAction: updateRecentlyUsedApp bgAppRecord=packageName:com.kang.bravedns, uid:10511, userId:0, isTop=false, fgElapsedTime=7652690293, bgElapsedTime=7652750649, fgElapsedDur=60356, bgElapsedDur=0
03-30 14:19:21.683  2053  3222 I Athena  : RecordAppChangeAction: updateRecentlyUsedApp fgAppRecord=packageName:com.android.launcher, uid:10105, userId:0, isTop=true, fgElapsedTime=7652750649, bgElapsedTime=0, fgElapsedDur=7652750649, bgElapsedDur=0
03-30 14:19:21.684 21437 21437 D OplusDragLayer: setAlpha to 0f; caller = com.android.launcher3.DragLayerStateTranslationAnimation.setState:17 com.android.launcher3.DragLayerStateTranslationAnimation.setState:1 com.android.launcher3.statemanager.StateManager.goToState:28 com.android.launcher3.statemanager.StateManager.goToState:2 com.android.quickstep.BaseActivityInterface$DefaultAnimationFactory.initBackgroundStateUI:6 com.android.quickstep.LauncherActivityInterface.prepareRecentsUI:3 com.oplus.quickstep.gesture.OplusBaseSwipeUpHandler.onLauncherStart$lambda$9:1 com.oplus.quickstep.gesture.OplusBaseSwipeUpHandler.D0:0 com.oplus.quickstep.gesture.d.run:14 com.oplus.quickstep.gesture.OplusBaseSwipeUpHandler.onLauncherStart:20 
03-30 14:19:21.684 21437 21437 E SideSlipGesturesGuideHelper[u0]: canShowSwipeUpGuide launcher is null
03-30 14:19:21.684 21437 21437 D b/223498680: LRV onStateTransitionComplete setFreezeVisibility=false, finalState=Background
03-30 14:19:21.684 21476 15152 W Battery : ThermalControlUtils: mForegroundPkg=com.android.launcher
03-30 14:19:21.684  2053  4485 D VRR [OPlusFrontAppManager]: OnAppSwitchObserver: onAppEnter , info.targetName = com.android.launcher
03-30 14:19:21.684  2053  4022 D VRR [OPlusRefreshRateService]:  setFrameRateTargetControl [ 0.0 , com.kang.bravedns , false , com.oplus.battery ]
03-30 14:19:21.684  2053  4022 D VRR [OPlusExternalRefreshRateManager]:  [FRTC] FrameRate : 0 com.kang.bravedns false com.oplus.battery 0 1000
03-30 14:19:21.684 21437 21437 D b/223498680: RAAF createStateElementAnimation alpha=[0.0]
03-30 14:19:21.684 21437 21437 D b/223498680: RAAF createStateElementAnimation onStart
03-30 14:19:21.684 21437 21437 D OplusRecentsView: setVisibility: oplusCleanStorageFrameLayout?.visibility = INVISIBLE
03-30 14:19:21.685 21437 21437 D MultiStateCallback: [136341062] Adding [STATE_LAUNCHER_STARTED (2)] to [STATE_LAUNCHER_PRESENT, STATE_LAUNCHER_BIND_TO_SERVICE, STATE_GESTURE_STARTED (265)]
03-30 14:19:21.685  3686 11057 V DCSEX-AppSwitchManager: OnAppSwitchObserver: onAppEnter, launchedFrom =  null, target =  com.android.launcher, is firstStart =  false, is multiApp =  false, extensionInfo =  Bundle[mParcelledData.dataSize=140]
03-30 14:19:21.685 21437 21437 D ScrollOptim [SceneManager]: updateCurrentActivity: mCurrentActivityName=com.android.launcher.Launcher, isOptEnable=true, isAnimAheadEnable=true, isFrameInsertEnable=true, InsertNum=1, isEnabledForScrollChanged=false
03-30 14:19:21.685 21437 21437 D ActivityThread: ComponentInfo{com.android.launcher/com.android.launcher.Launcher} checkFinished=false 2
03-30 14:19:21.685  2053  2887 D VRR [OPlusRefreshRateService]: handleFrontAppChange pkgName: com.android.launcher
03-30 14:19:21.685 21437 21437 D ResourcesManagerExtImpl: applyConfigurationToAppResourcesLocked app.getDisplayId() return callback.displayId:-1
03-30 14:19:21.686 21437 21437 E SideSlipGesturesGuideHelper[u0]: canShowSwipeUpGuide launcher is null
03-30 14:19:21.686 21437 21437 W WidgetCardStatisticsManager[u0]: statBreenoExposureEvent currentState is not normal or spring loading.
03-30 14:19:21.686 21437 21437 D ResourcesManagerExtImpl: applyConfigurationToAppResourcesLocked app.getDisplayId() return callback.displayId:-1
03-30 14:19:21.687  1617  1773 I VRR [FRTC]: setFrameRateTarget with [0, com.kang.bravedns, 0, com.oplus.battery, 1, 0, 1000]
03-30 14:19:21.687 21437 21437 D b/223498680: RAAF createStateElementAnimation onEnd
03-30 14:19:21.687  2053  2887 D VRR [OPlusSAManager]: updateAutoMinfps with nits: 105.4285, mHistOK true, mAmbientOK true, mCctOK true, mIrOK true, mBrightnessOK true, isPkgOK true, SA min fps: 3
03-30 14:19:21.688  3760  6877 I SystemUi--Keyguard: ChargingAnimationImpl-->onAppEnter , oplusAppEnterInfo : OplusAppEnterInfo = {  windowMode = 1 targetName = com.android.launcher multiApp = false firstStart = false launchedFromPackage = null intent = Intent { act=android.intent.action.MAIN cat=[android.intent.category.HOME] flg=0x10000100 cmp=com.android.launcher/.Launcher (has extras) mCallingUid=1000 } extension = Bundle[mParcelledData.dataSize=140]}
03-30 14:19:21.688 21437 21437 D ViewRootImplExtImpl: wrapConfigInfoIntoFlags rotation=0, smallestScreenWidthDp=360, relayoutAsync=false, newFlags=23592960, title=com.android.launcher/com.android.launcher.Launcher
03-30 14:19:21.691  2053  4345 D WindowManagerServiceExtImpl: extractConfigInfoAndRealFlags rotation=0, screenDp=360, win=Window{879da8d u0 com.android.launcher/com.android.launcher.Launcher}
03-30 14:19:21.691  4085  4139 I Athena  : AthenaDynamicReceiver: pre_app:com.kang.bravedns, next_app:com.android.launcher(10105|21437)
03-30 14:19:21.692  2053  4345 V WindowManager: Relayout Window{879da8d u0 com.android.launcher/com.android.launcher.Launcher}: viewVisibility=0, oldvis=4, req=1080x2412, vsysui=LAYOUT_STABLE LAYOUT_HIDE_NAVIGATION LAYOUT_FULLSCREEN
03-30 14:19:21.692  2053  4345 I WindowManager: Window{879da8d u0 com.android.launcher/com.android.launcher.Launcher} state from NO_SURFACE to DRAW_PENDING; reason: resetDrawState
03-30 14:19:21.692 21476 15152 W Battery : ThermalControllHandler: tempLevel=4,userMode=2,gameUserMode=7,appType=-1,envTempType=1,appStates=[],appSwitchSafetyMode=false
03-30 14:19:21.692  1617  1773 D OplusLayer: setProcInfo (738713,com.android.launcher/com.android.launcher.Launcher#738713,com.android.launcher)
03-30 14:19:21.692  5674 23735 D OplusAtlas.OplusAtlasEventDispatch: setEvent:atlas_event_on_foreground_activities_changed info:pid:21437,uid:10105,hasForegroundActivities:1
03-30 14:19:21.693 21476 15152 W Battery : ThermalControllHandler: tempGear=4,configItemName=common_config
03-30 14:19:21.693 21476 22461 W Battery : ThermalControllHandler: MSG_THERMAL_CONTROL_CATEGORY_CHANGED
03-30 14:19:21.693 21476 22461 E Battery : ThermalControlConfig: TsensorPolicy featureConfig is null
03-30 14:19:21.693 21476 22461 W Battery : ThermalControllerCenter: stopCollingMethods
03-30 14:19:21.693 21476 22461 D UAH-UahAdaptHelper: adaptSetNotification identity = ThermalControlUtilssrc = 4 , type 0 ,p1 = 0 ,p2 = 35 ,p3 = 4 ,p4 =com.android.launcher
03-30 14:19:21.693 21476 22461 E UAH-UahAdaptHelper: Unknown notify src: 4 - 0
03-30 14:19:21.693  5674  8155 D OplusAtlas.OplusAudioScene: callback success event:atlas_event_on_foreground_activities_changed eventInfo:pid:21437,uid:10105,hasForegroundActivities:1
03-30 14:19:21.693 21476 22461 E UAH_JNI : uah_rule_ctrl ! ruleId  =  4 , ruleState =  0 , jresources = 0x780a7e7450
03-30 14:19:21.693 21476 22461 E UAH_JNI : uah_rule_ctrl ! info list_size  =  1
03-30 14:19:21.693 21476 22461 E UAH_JNI : uah_rule_ctrl id = 0x1051fd0   ,value = 0
03-30 14:19:21.693 21476 22461 E UAH_JNI : uah_rule_ctrl call resources size 1
03-30 14:19:21.693 21476 22461 I [UAH_CLIENT]: uahRuleCtl, ruleId:4, status:0
03-30 14:19:21.693  5674  8462 D OplusAtlas.OplusMessageHandler: handleMessage: Msg { when=0 what=2 obj=com.oplus.atlas.OplusAtlasEvent@5fc1118 target=com.oplus.atlas.OplusMessageHandler$MyHandler }
03-30 14:19:21.693 21476 22461 E UAH_JNI : uah_rule_ctrl ret 0
03-30 14:19:21.693  5674  8493 D OplusAtlas.OplusMessageHandler: handleMessage: Msg { when=-1ms what=0 obj=com.oplus.atlas.OplusAtlasEvent@5fc1118 target=com.oplus.atlas.OplusMessageHandler$MyHandler }
03-30 14:19:21.697  3760  3920 D ZoomController: onTaskMovedToFront, task id:5
03-30 14:19:21.697  3760  3920 I ZoomUiController: FloatHandle-isFloatHandleShow mPackageName = null
03-30 14:19:21.698  2053  4345 W WindowManager: Current transition prevents automatic focus change, currentFocus:Window{6b91671 u0 com.kang.bravedns/com.kang.bravedns.ui.activity.ProxySettingsActivity} focusedApp:ActivityRecord{5f2b7e u0 com.kang.bravedns/.ui.activity.ProxySettingsActivity t5381}
03-30 14:19:21.698  6919  6933 D SceneSDK.1.0.4-SNAPSHOT.6919.DeepThinkerAppSwitchAbility: onAppSwitchEvent: AppSwitchEvent(timeStamp=1774851561694, eventType=2, targetName=com.kang.bravedns, firstStart=false, multiApp=false, windowMode=0, resumingPackageName=com.android.launcher, resumingActivityName=com.android.launcher.Launcher, isResumingMultiApp=false, isResumingFirstStart=false)
03-30 14:19:21.698  6919  6933 I metis_v2_AppSwitchDataCollector: AppExitEvent =  com.kang.bravedns, NextAppName = com.android.launcher [Metis|com.oplus.metis|1.4.30-7ec9ae5]
03-30 14:19:21.698  6919  6953 W metis_v2_OifaceBindUtils: bindTask [7f0000011774850891282451819773|p_19773_ddebcda@3|p_6919_8b32846@137|com.oplus.metis]
03-30 14:19:21.699 21437 21437 D VRI[Launcher]: relayoutWindow result, sizeChanged:false, surfaceControlChanged:true, transformHintChanged:false, mSurfaceSize:Point(1080, 2412), mLastSurfaceSize:Point(1080, 2412), mWidth:1080, mHeight:2412, requestedWidth:1080, requestedHeight:2412, transformHint:0, lastTransformHint:0, installOrientation:0, displayRotation:0, isSurfaceValid:true, attr.flag:-2121203456, useBlast:true, tmpFrames:ClientWindowFrames{frame=[0,0][1080,2412] display=[0,0][1080,2412] parentFrame=[0,0][0,0]}
03-30 14:19:21.699 21437 21437 W VRI[Launcher]: updateBlastSurfaceIfNeeded, surfaceSize:Point(1080, 2412), lastSurfaceSize:Point(1080, 2412), format:-2, blastBufferQueue:null
03-30 14:19:21.699 21437 21437 D BufferQueueConsumer: [](id:53bd00000091,api:0,p:-1,c:21437) connect: controlledByApp=false
03-30 14:19:21.701 21437 23690 D BufferQueueProducer: [VRI[Launcher]#135(BLAST Consumer)135](id:53bd00000091,api:1,p:21437,c:21437) connect: api=1 producerControlledByApp=true
03-30 14:19:21.701 21437 23690 E OpenGLRenderer: Unable to match the desired swap behavior.
03-30 14:19:21.702 21437 21437 D OplusRecentsView: onLayout, 13, true, false
03-30 14:19:21.702 21437 21437 D OplusRecentsView: getLastViewIndex() :12
03-30 14:19:21.702  2053  3452 I [UAH_CLIENT_WRAPPER]: [UahNotifyWapper] inputflinger, src:1000, type:1
03-30 14:19:21.702  2053  3452 I [UAH_CLIENT]: uahRuleCtl, ruleId:1000, status:1
03-30 14:19:21.703 21437 21437 D MultiStateCallback: [136341062] Adding [STATE_LAUNCHER_DRAWN (4)] to [STATE_LAUNCHER_PRESENT, STATE_LAUNCHER_STARTED, STATE_LAUNCHER_BIND_TO_SERVICE, STATE_GESTURE_STARTED (267)]
03-30 14:19:21.703 21437 21437 D b/223498680: RAAF createStateElementAnimation alpha=[0.0]
03-30 14:19:21.703 21437 21437 D b/223498680: RAAF createStateElementAnimation onStart
03-30 14:19:21.704 21437 21437 I SurfaceControl:  setExtendedRangeBrightness sc=Surface(name=com.android.launcher/com.android.launcher.Launcher)/@0xf48bc86,currentBufferRatio=1.0,desiredRatio=1.0
03-30 14:19:21.704  2053  4345 W SurfaceFlingerPuller: Failed to pull atom 150134 from surfaceflinger. Success is 0, binder status is EX_NONE
03-30 14:19:21.704  1331  1331 I [UAH_CLIENT]: UahRelease, handle:5395579
03-30 14:19:21.704  1098  1123 E statsd  : Gauge Stats puller failed for tag: 150134 at 7652750663435954
03-30 14:19:21.704  1098  1123 I statsd  : An anomaly (104240000001) (42)0x10000->10105[I] (42)0x20000->com.android.launcher[S] (42)0x30000->.Launcher[S]  has occurred! Informing subscribers.
03-30 14:19:21.707 21106 21199 I OplusObrain: OplusObrainClientInvoke.getAllTopAppInfos
03-30 14:19:21.707  5774  9670 W midasd  : getUfsPower:230: initUfsNode failed. ret: -1
03-30 14:19:21.707  5774  9670 E midasd  : deliverUfsMsg:158 getUfsPower failed. ret: -1
03-30 14:19:21.707  5774  9668 D midasd  : PowerFactors is null 
03-30 14:19:21.708  1471  1471 I CameraMidasService: getExplorerInfo The size of ExplorerInfo is 240 ,The size of ExplorerInfo is 0, The memory size of ExplorerInfo is 0
03-30 14:19:21.708  1370  1370 E android.hardware.power.stats-impl.oplus: HandleFactory::read open charge_technology(/sys/devices/virtual/oplus_chg/battery/charge_technology) failed! fd: -1 errno: 2
03-30 14:19:21.708  1370  1370 W android.hardware.power.stats-impl.oplus: PruneException: Unknown binder exception (2) pruned into EX_TRANSACTION_FAILED
03-30 14:19:21.709  5774  9664 W midasd  : handleFactory read failed.
03-30 14:19:21.709  1370  1370 E android.hardware.power.stats-impl.oplus: HandleFactory::read open fast_chg_type(/sys/devices/virtual/oplus_chg/usb/fast_chg_type) failed! fd: -1 errno: 2
03-30 14:19:21.709  1370  1370 W android.hardware.power.stats-impl.oplus: PruneException: Unknown binder exception (2) pruned into EX_TRANSACTION_FAILED
03-30 14:19:21.709  5774  9664 W midasd  : handleFactory read failed.
03-30 14:19:21.709 21437 23690 D BLASTBufferQueue: [VRI[Launcher]#135](f:0,a:1) acquireNextBufferLocked size=1080x2412 mFrameNumber=1 applyTransaction=true mTimestamp=4548200095518955(auto) mPendingTransactions.size=0 graphicBufferId=92071213925689 transform=0
03-30 14:19:21.709 21437 23690 D VRI[Launcher]: Received frameCommittedCallback lastAttemptedDrawFrameNum=1 didProduceBuffer=true syncBuffer=false
03-30 14:19:21.709 21437 21437 D VRI[Launcher]: draw finished.
03-30 14:19:21.709 21437 21437 D VRI[Launcher]: reportDrawFinished
03-30 14:19:21.709  6919  6933 D SceneSDK.1.0.4-SNAPSHOT.6919.DeepThinkerAppSwitchAbility: onAppSwitchEvent: AppSwitchEvent(timeStamp=1774851561695, eventType=1, targetName=com.android.launcher, firstStart=false, multiApp=false, windowMode=1, resumingPackageName=, resumingActivityName=, isResumingMultiApp=false, isResumingFirstStart=false)
03-30 14:19:21.709  5774  9668 D midasd  : getExplorerInfo is null 
03-30 14:19:21.709  6919  6933 I metis_v2_AppSwitchDataCollector: AppEnterEvent =  com.android.launcher, windowMode = 1,firstStart = false
03-30 14:19:21.709  6919  6933 I metis_v2_AppSwitchDataCollector:  set isNotifiedTVCast
03-30 14:19:21.710 21437 21437 D ViewRootImplExtImpl: setMaxDequeuedBufferCount: 2
03-30 14:19:21.710 21437 21437 D TracePrintUtil: asyncTraceEnd remove 9,windAnimTagArray.size = 0
03-30 14:19:21.710 21437 21437 D TracePrintUtil: onWindowAnimationEnd
03-30 14:19:21.710 21437 21437 D MultiStateCallback: [136341062] Adding [STATE_GESTURE_COMPLETED (1024)] to [STATE_LAUNCHER_PRESENT, STATE_LAUNCHER_STARTED, STATE_LAUNCHER_DRAWN, STATE_LAUNCHER_BIND_TO_SERVICE, STATE_GESTURE_STARTED (271)]
03-30 14:19:21.711 21437 21437 D MultiStateCallback: [42754208] Adding [STATE_END_TARGET_SET (1)] to [STATE_RECENTS_ANIMATION_INITIALIZED (4)]
03-30 14:19:21.711  6919  6933 I metis_v2_AppSwitchDataCollector: Skip call fire
03-30 14:19:21.711 21437 21437 D DockIconView: refresh: scale = 0.71428573,bm.width=168,icon.width=120,measureWidth=120
03-30 14:19:21.711 21437 21437 D DockIconView: updatePaintFilter: mBitmapShader = android.graphics.BitmapShader@51d830,mul=204,alpha=1.0,mDimAlpha=0.0
03-30 14:19:21.711 21437 21437 D DockIconView: refresh: scale = 0.71428573,bm.width=168,icon.width=120,measureWidth=120
03-30 14:19:21.711 21437 21437 D DockIconView: updatePaintFilter: mBitmapShader = android.graphics.BitmapShader@7d7dca9,mul=204,alpha=1.0,mDimAlpha=0.0
03-30 14:19:21.711 21437 21437 D DockIconView: refresh: scale = 0.71428573,bm.width=168,icon.width=120,measureWidth=120
03-30 14:19:21.711 21437 21437 D DockIconView: updatePaintFilter: mBitmapShader = android.graphics.BitmapShader@fdaa22e,mul=204,alpha=1.0,mDimAlpha=0.0
03-30 14:19:21.711 21437 21437 D DockIconView: refresh: scale = 0.71428573,bm.width=168,icon.width=120,measureWidth=120
03-30 14:19:21.711 21437 21437 D DockIconView: updatePaintFilter: mBitmapShader = android.graphics.BitmapShader@b1541cf,mul=204,alpha=1.0,mDimAlpha=0.0
03-30 14:19:21.711 21437 21437 D DockIconView: refresh: scale = 0.71428573,bm.width=168,icon.width=120,measureWidth=120
03-30 14:19:21.711 21437 21437 D DockIconView: updatePaintFilter: mBitmapShader = android.graphics.BitmapShader@734475c,mul=204,alpha=1.0,mDimAlpha=0.0
03-30 14:19:21.711 21437 21437 D DockIconView: refresh: scale = 0.71428573,bm.width=168,icon.width=120,measureWidth=120
03-30 14:19:21.711  5774  9672 I midasd  : app forground called:com.android.launcher
03-30 14:19:21.711 21437 21437 D DockIconView: updatePaintFilter: mBitmapShader = android.graphics.BitmapShader@c289a65,mul=204,alpha=1.0,mDimAlpha=0.0
03-30 14:19:21.711 21437 21437 D DockIconView: refresh: scale = 0.71428573,bm.width=168,icon.width=120,measureWidth=120
03-30 14:19:21.711 21437 21437 D DockIconView: updatePaintFilter: mBitmapShader = android.graphics.BitmapShader@b72b33a,mul=204,alpha=1.0,mDimAlpha=0.0
03-30 14:19:21.711 21437 21437 D DockIconView: refresh: scale = 0.71428573,bm.width=168,icon.width=120,measureWidth=120
03-30 14:19:21.711 21437 21437 D DockIconView: updatePaintFilter: mBitmapShader = android.graphics.BitmapShader@b4e2beb,mul=204,alpha=1.0,mDimAlpha=0.0
03-30 14:19:21.711 21437 21437 D DockIconView: refresh: scale = 0.71428573,bm.width=168,icon.width=120,measureWidth=120
03-30 14:19:21.711 21437 21437 D DockIconView: updatePaintFilter: mBitmapShader = android.graphics.BitmapShader@46c7d48,mul=204,alpha=1.0,mDimAlpha=0.0
03-30 14:19:21.711 21437 21437 D DockIconView: refresh: scale = 0.71428573,bm.width=168,icon.width=120,measureWidth=120
03-30 14:19:21.711 21437 21437 D DockIconView: updatePaintFilter: mBitmapShader = android.graphics.BitmapShader@e0d77e1,mul=204,alpha=1.0,mDimAlpha=0.0
03-30 14:19:21.711 21437 21437 D DockIconView: refresh: scale = 0.71428573,bm.width=168,icon.width=120,measureWidth=120
03-30 14:19:21.711 21437 21437 D DockIconView: updatePaintFilter: mBitmapShader = android.graphics.BitmapShader@f48c906,mul=204,alpha=1.0,mDimAlpha=0.0
03-30 14:19:21.712 21437 21437 D b/223498680: RAAF createStateElementAnimation onEnd
03-30 14:19:21.713  2053  4022 D OplusDisplayManagerServiceEnhance: OplusDisplayManagerServiceEnhance setSpecBrightness gear = 0 reason = com.android.launcher@temperature@35@normal rate = -1
03-30 14:19:21.713  2053  4022 D RefreshRate: setHighTemperatureStatusWithoutUpdate: status = 0, rate = 0
03-30 14:19:21.713  2053  4022 D RefreshRate: app is in transition, stop setting high temperature status.
03-30 14:19:21.713  2053  2852 I OplusSmartBrightnessController: handleMessage MSG_TEMPERATURE_LIMIT_BRIGHTNESS_CHANGED.
03-30 14:19:21.713  2053  2852 D OplusFeatureTemperatureLimitBrightness: new parameter!ControlInfo:[ gear = 0 reason = com.android.launcher@temperature@35@normal brightness = 10238 package = com.android.launcher type = temperature temperature = 35 priority = normal rate = -1] HadDragPoint = false mode = 1
03-30 14:19:21.713  2053  2852 D OplusFeatureTemperatureLimitBrightness: isResetUpdate = false isNormalUpdate = true isSafetyRegulationsForceUpdate = false mLastBrightnessLimit = 10238
03-30 14:19:21.713  2053  2852 D OplusFeatureTemperatureLimitBrightness: mBrightnessLimit = 10238
03-30 14:19:21.714  2053  2845 D ColorAutomaticBrightnessController: MSG_UPDATE_BRIGHTNESS
03-30 14:19:21.715  2053  4022 D VRR [OPlusRefreshRateService]:  setFrameRateTargetControl [ 0.0 , com.android.launcher , false , com.oplus.battery ]
03-30 14:19:21.715  2053  4022 D VRR [OPlusExternalRefreshRateManager]:  [FRTC] FrameRate : 0 com.android.launcher false com.oplus.battery 0 1000
03-30 14:19:21.715  1617  1773 I VRR [FRTC]: setFrameRateTarget with [0, com.android.launcher, 0, com.oplus.battery, 1, 0, 1000]
03-30 14:19:21.715 21476 22461 W Battery : ThermalControlUtils:  set modem=0
03-30 14:19:21.716 21476 22461 W Battery : ThermalControlUtils: not set the same modem=0
03-30 14:19:21.716  2053  3677 D OplusTransitionController: onSyncFinishedDrawing, Window{879da8d u0 com.android.launcher/com.android.launcher.Launcher}
03-30 14:19:21.716  2053  3677 I WindowManager: finishDrawing skipLayout:false Window{879da8d u0 com.android.launcher/com.android.launcher.Launcher} com.android.server.wm.WindowManagerService.finishDrawingWindow:2972 com.android.server.wm.Session.finishDrawing:311 android.view.IWindowSession$Stub.onTransact:779 
03-30 14:19:21.716  2053  3677 I WindowManager: Window{879da8d u0 com.android.launcher/com.android.launcher.Launcher} state from DRAW_PENDING to COMMIT_DRAW_PENDING; reason: finishDrawingLocked
03-30 14:19:21.716  2053  3677 D OplusTransitionAnimationManager: skipFinishDrawingIfNeed clientRotation=0, currentRotation=0, hasFixedRotationApp=false, requestedOrientation=5, win=Window{879da8d u0 com.android.launcher/com.android.launcher.Launcher}, activity=ActivityRecord{5cb2283 u0 com.android.launcher/.Launcher t5}, currentConfig={1.0 ??mcc??mnc [en_US,zh_CN] ldltr sw360dp w360dp h756dp 480dpi nrml long hdr widecg port finger -keyb/v/h -nav/h winConfig={ mBounds=Rect(0, 0 - 1080, 2412) mAppBounds=Rect(0, 96 - 1080, 2364) mMaxBounds=Rect(0, 0 - 1080, 2412) mDisplayRotation=ROTATION_0 mWindowingMode=fullscreen mDisplayWindowingMode=fullscreen mActivityType=home mAlwaysOnTop=undefined mRotation=ROTATION_0} s.298 fontWeightAdjustment=0mThemeChanged= 0, mThemeChangedFlags= 0, mFlipFont= 0, mScenario= -1, mAccessibleChanged= -1, mUxIconConfig= 3468921665126662176, mMaterialColor= 5, mUserId= 0, mFontUserId= 0, mFontVariationSettings= 226, mFoldingAngle = -1.0, mIconPackName= , mDarkModeBackgroundMaxL= 8.0, mDarkModeDialogBgMaxL= 27.0, mDarkModeForegroundMinL= 100.0, mOplusConfigType= 1, mOplusChangedConfigs= 0, OpSans= -1, mBurmeseFontFlag= 2, mFlag= 0, mFlexibleActivitySuitable= -1, mPuttDisplayFlag= -1}
03-30 14:19:21.716  1617  1773 E SurfaceFlinger: midas  refreshRate = 60
03-30 14:19:21.717  2053  2640 I TheiaLaunchMonitor: [checkAndRecovery] the function is disable.
03-30 14:19:21.717 21106 21199 I OplusObrain: OplusObrainClientInvoke.nativeGetTelephonyInfo
03-30 14:19:21.718 21437 21437 D OplusRecentsView: getLastViewIndex() :12
03-30 14:19:21.722 21106 21199 I OplusObrain: OplusObrainClientInvoke.nativeGetTrafficTypeInfoForNetworkType networkType 1
03-30 14:19:21.722  2053  3968 D KernelStatsHelper: getKernelStats start!
03-30 14:19:21.724  2053  2642 I WindowManager: Window{879da8d u0 com.android.launcher/com.android.launcher.Launcher} state from COMMIT_DRAW_PENDING to READY_TO_SHOW; reason: commitFinishDrawingLocked
03-30 14:19:21.724 10202 10240 W [0]DCS  : Common Record event failed. DCS reject event: [appId=20110,logTag=201101,eventId=redundant_tasks] . Pls check server config.
03-30 14:19:21.724  2053  2642 D ActivityTaskManager: Clearing startingData for token=null
03-30 14:19:21.726  2053  3966 D OplusBatteryServiceFeature: setSmartCoolDown: coolDown = 0, normalCoolDown = 0, pkgName = com.android.launcher
03-30 14:19:21.726  2053  2642 D ActivityTaskManager: Clearing startingData for token=null
03-30 14:19:21.726  2053  2642 I WindowManager: Window{879da8d u0 com.android.launcher/com.android.launcher.Launcher} state from READY_TO_SHOW to HAS_DRAWN; reason: performShowLocked
03-30 14:19:21.727  2053  2642 D OplusFlexibleActivityTransitionManager: fixTransitType type result:3, targets: [Task{cc17e23 #1 type=home}, Task{7425c93 #5381 type=standard A=10511:com.kang.bravedns}, WallpaperWindowToken{7391c05 token=android.os.Binder@8554b7c}]
03-30 14:19:21.729  2053  2053 D OplusFeatureMEMC_PW: THERMAL_THROTTLING: 0
03-30 14:19:21.729  2053  2642 D OplusTransitionController: onTransactionReady, syncId: 59222, 
03-30 14:19:21.729  2053  2642 D OplusTransitionController:  info: {id=59222 t=TO_FRONT f=0x80 trk=0 r=[0@Point(0, 0)] c=[{WCT{RemoteToken{f667cc7 Task{cc17e23 #1 type=home}}} m=TO_FRONT f=SHOW_WALLPAPER|MOVE_TO_TOP leash=Surface(name=Task=1)/@0xb7c0e29 sb=Rect(0, 0 - 1080, 2412) eb=Rect(0, 0 - 1080, 2412) d=0},{WCT{RemoteToken{860ae8a Task{7425c93 #5381 type=standard A=10511:com.kang.bravedns}}} m=TO_BACK f=NONE leash=Surface(name=Task=5381)/@0xf148cfb sb=Rect(0, 0 - 1080, 2412) eb=Rect(0, 0 - 1080, 2412) d=0},{null m=TO_FRONT f=IS_WALLPAPER leash=Surface(name=WallpaperWindowToken{7391c05 token=android.os.Binder@8554b7c})/@0x3e4c9c7 sb=Rect(0, 0 - 1080, 2412) eb=Rect(0, 0 - 1080, 2412) d=0}]}, 
03-30 14:19:21.729  2053  2642 D OplusTransitionController:  targets : [Task{cc17e23 #1 type=home}, Task{7425c93 #5381 type=standard A=10511:com.kang.bravedns}, WallpaperWindowToken{7391c05 token=android.os.Binder@8554b7c}]
03-30 14:19:21.729  2053  2642 D OplusTransitionAnimationManager: mOpeningTasks add Task{cc17e23 #1 type=home}
03-30 14:19:21.729  2053  2642 D OplusTransitionAnimationManager: mOpeningTasks add Task{7425c93 #5381 type=standard A=10511:com.kang.bravedns}
03-30 14:19:21.729  2053  2642 E IJankManager: latencySceneEnd unknown scene 1 mScene:-1
03-30 14:19:21.730 19322 19322 D ClockTag_AlarmClockApplication: onTrimMemory: 40
03-30 14:19:21.730 19322 19322 D ClockTag_AlarmClockApplication: onTrimMemory: 40
03-30 14:19:21.730 10202 10240 W [0]DCS  : Common Record event failed. DCS reject event: [appId=20110,logTag=201101,eventId=redundant_tasks] . Pls check server config.
03-30 14:19:21.731  1473  1473 D vendor.oplus.hardware.charger-V3-service: set cooldown:0,  normalCoolDown:0
03-30 14:19:21.732 21476 22461 W Battery : ThermalControlUtils: not set the same wifi=0
03-30 14:19:21.733 19322 19322 D ClockTag_ClockWidget.WidgetLauncherStateReceiver: onReceive action=com.android.launcher.action.LAUNCHER_VISIBLE
03-30 14:19:21.734  3760  3920 V WindowManagerShell: onTransitionReady android.os.BinderProxy@893abe0: {id=59222 t=TO_FRONT f=0x80 trk=0 r=[0@Point(0, 0)] c=[{WCT{android.window.IWindowContainerToken$Stub$Proxy@b3f16f8} m=TO_FRONT f=SHOW_WALLPAPER|MOVE_TO_TOP leash=Surface(name=Task=1)/@0x1b7a60c sb=Rect(0, 0 - 1080, 2412) eb=Rect(0, 0 - 1080, 2412) d=0},{WCT{android.window.IWindowContainerToken$Stub$Proxy@eac87d1} m=TO_BACK f=NONE leash=Surface(name=Task=5381)/@0x9118b55 sb=Rect(0, 0 - 1080, 2412) eb=Rect(0, 0 - 1080, 2412) d=0},{null m=TO_FRONT f=IS_WALLPAPER leash=Surface(name=WallpaperWindowToken{7391c05 token=android.os.Binder@8554b7c})/@0xdaa696a sb=Rect(0, 0 - 1080, 2412) eb=Rect(0, 0 - 1080, 2412) d=0}]}
03-30 14:19:21.734  3760  3920 I ShellTransitions: Transition might be ready out-of-order 4 for (#59222)android.os.BinderProxy@893abe0@0. This is ok if it's on a different track.
03-30 14:19:21.735  3760  3920 D FSS_OplusFoldSwitchStateObserver: getDeviceFolding: mDeviceFolding = false
03-30 14:19:21.735  3760  3920 V WindowManagerShell: Playing animation for (#59222)android.os.BinderProxy@893abe0@0
03-30 14:19:21.735  3760  3920 V WindowManagerShell:  try firstHandler com.android.wm.shell.recents.RecentsTransitionHandler@cbf3141
03-30 14:19:21.735 19322 19322 D ClockTag_WidgetUtils: hasAlreadyAddedWorldClockWidget false
03-30 14:19:21.736  3760  3920 V WindowManagerShell: [39917027] RecentsController.start
03-30 14:19:21.736 19322 19322 D ClockTag_Utils: isKeyguardLock: false
03-30 14:19:21.738  3760  3920 V WindowManagerShell:   adding pausing leaf taskId=5381 at layer=8
03-30 14:19:21.740 10202 10240 I MMKV    : <MMKV_IO.cpp:456::writeActualSize> [mmkv.default] increase sequence to 274238, crc 466407269, actualSize 708
03-30 14:19:21.740  3760  3920 V WindowManagerShell: [39917027] RecentsController.start: calling onAnimationStart
03-30 14:19:21.740  2053  2642 I TaskOrganizerController: onTaskInfoChanged taskid 1 config { mBounds=Rect(0, 0 - 1080, 2412) mAppBounds=Rect(0, 96 - 1080, 2364) mMaxBounds=Rect(0, 0 - 1080, 2412) mDisplayRotation=ROTATION_0 mWindowingMode=fullscreen mDisplayWindowingMode=fullscreen mActivityType=home mAlwaysOnTop=undefined mRotation=ROTATION_0}
03-30 14:19:21.740  2053  2642 D FlexibleWindowManager: onFlexibleWindowTaskInfoChanged: mTaskId = 1 oldIsTaskEmbedded = false   curIsTaskEmbedded = false  topActivity = ComponentInfo{com.android.launcher/com.android.launcher.Launcher}
03-30 14:19:21.740  2053  2642 D OplusFlexibleWindowMinimizedManagerHelper: onTaskInfoChanged taskInfo:TaskInfo{userId=0 taskId=1 displayId=0 isRunning=true baseIntent=Intent { act=android.intent.action.MAIN cat=[android.intent.category.HOME] flg=0x10000100 cmp=com.android.launcher/.Launcher mCallingUid=1000 } baseActivity=ComponentInfo{com.android.launcher/com.android.launcher.Launcher} topActivity=ComponentInfo{com.android.launcher/com.android.launcher.Launcher} origActivity=null realActivity=null numActivities=1 lastActiveTime=16216 supportsSplitScreenMultiWindow=false supportsMultiWindow=true supportsPocketStudioMultiWindow=true isInFlexibleEmbedded = false uid = 10105 pid = 21437 resizeMode=2 isResizeable=true minWidth=-1 minHeight=-1 defaultMinSize=220 token=WCT{RemoteToken{f667cc7 Task{cc17e23 #1 type=home}}} topActivityType=2 pictureInPictureParams=null shouldDockBigOverlays=false launchIntoPipHostTaskId=-1 lastParentTaskIdBeforePip=-1 displayCutoutSafeInsets=null topActivityInfo=ActivityInfo{21e1d0b com.android.launcher.Launcher} launchCookies=[] positionInParent=Point(0, 0) parentTaskId=-1 isFocused=false isVisible=true isVisibleRequested=true isSleeping=false topActivityInSizeCompat=false topActivityInOplusCompatMode=false topActivityEligibleForLetterboxEducation= false topActivityLetterboxed= false isFromDoubleTap= false topActivityLetterboxVerticalPosition= -1 topActivityLetterboxHorizontalPosition= -1 topActivityLetterboxWidth=-1 topActivityLetterboxHeight=-1 locusId=LocusId[16_chars] displayAreaFeatureId=1 cameraCompatControlState=hidden locusId= LocusId[16_chars] topActivityLetterboxInsets=Rect(0, 0 - 0, 0)} task:Task{cc17e23 #1 type=home}
03-30 14:19:21.740  3760  3920 V WindowManagerShell:  animated by firstHandler
03-30 14:19:21.741  3760  3920 D ShellTaskOrganizer: dispatchTaskEventToClientIfNeed, eventType:2, taskInfo:TaskInfo{userId=0 taskId=1 displayId=0 isRunning=true baseIntent=Intent { act=android.intent.action.MAIN cat=[android.intent.category.HOME] flg=0x10000100 cmp=com.android.launcher/.Launcher mCallingUid=1000 } baseActivity=ComponentInfo{com.android.launcher/com.android.launcher.Launcher} topActivity=ComponentInfo{com.android.launcher/com.android.launcher.Launcher} origActivity=null realActivity=null numActivities=1 lastActiveTime=16216 supportsSplitScreenMultiWindow=false supportsMultiWindow=true supportsPocketStudioMultiWindow=true isInFlexibleEmbedded = false uid = 10105 pid = 21437 resizeMode=2 isResizeable=true minWidth=-1 minHeight=-1 defaultMinSize=220 token=WCT{android.window.IWindowContainerToken$Stub$Proxy@b2cd20e} topActivityType=2 pictureInPictureParams=null shouldDockBigOverlays=false launchIntoPipHostTaskId=-1 lastParentTaskIdBeforePip=-1 displayCutoutSafeInsets=null topActivityInfo=ActivityInfo{ee9e42f com.android.launcher.Launcher} launchCookies=[] positionInParent=Point(0, 0) parentTaskId=-1 isFocused=false isVisible=true isVisibleRequested=true isSleeping=false topActivityInSizeCompat=false topActivityInOplusCompatMode=false topActivityEligibleForLetterboxEducation= false topActivityLetterboxed= false isFromDoubleTap= false topActivityLetterboxVerticalPosition= -1 topActivityLetterboxHorizontalPosition= -1 topActivityLetterboxWidth=-1 topActivityLetterboxHeight=-1 locusId=LocusId[16_chars] displayAreaFeatureId=1 cameraCompatControlState=hidden locusId= LocusId[16_chars] topActivityLetterboxInsets=Rect(0, 0 - 0, 0)}, leash:null
03-30 14:19:21.741 21437 25367 D SystemUiProxy: RecentAnimation start
03-30 14:19:21.741 21437 25367 D RecentsAnimationCallbacks: onAnimationStart, mCancelled=false, size=4
03-30 14:19:21.741  3760  3920 D ShellTaskOrganizerExt: visibleFlexibleTaskInfos delete:1
03-30 14:19:21.741 21437 21437 D MultiStateCallback: [42754208] Adding [STATE_RECENTS_ANIMATION_STARTED (8)] to [STATE_END_TARGET_SET, STATE_RECENTS_ANIMATION_INITIALIZED (5)]
03-30 14:19:21.742 21437 21437 E UAH_JNI : uah_event_acquire ! cmdId: 84 ,strPkg: , strIdent: GpuBoost, timeout: 20000
03-30 14:19:21.742 21437 21437 I [UAH_CLIENT]: UahEventAcquire, cmdid:84, pkg:none, identity:GpuBoost
03-30 14:19:21.742 10202 10240 W [0]DCS  : Common Record event failed. DCS reject event: [appId=20110,logTag=201101,eventId=redundant_tasks] . Pls check server config.
03-30 14:19:21.742  2053  2640 I TheiaLaunchMonitor: [checkAndRecovery] the function is disable.
03-30 14:19:21.743  2053  2642 D ActivityTaskManager: Clearing startingData for token=null
03-30 14:19:21.746 19322 19322 D ClockTag_ActivityNativeUtils: getCurrentUser currentUserID: 0
03-30 14:19:21.746 19322 19322 D ClockTag_CompatUtils: support osdk true > sdk = 14, sub sdk = 6
03-30 14:19:21.748  1617  1617 D OplusLayer: setGameMode ActivityRecord{3dff724 u0 com.kang.bravedns/.ui.HomeScreenActivity t5381}#738513, gameMode 0, parentLayer Task=5381#738502.
03-30 14:19:21.748  1617  1617 D OplusLayer: setGameMode Task=1#48, gameMode 0, parentLayer Surface(name=Task=1)/@0x1b7a60c_transition-leash#738715.
03-30 14:19:21.748  1617  1617 D OplusLayer: setGameMode ActivityRecord{5cb2283 u0 com.android.launcher/.Launcher t5}#54, gameMode 0, parentLayer Task=5#53.
03-30 14:19:21.748  1617  1617 D OplusLayer: setGameMode 879da8d com.android.launcher/com.android.launcher.Launcher#727220, gameMode 0, parentLayer ActivityRecord{5cb2283 u0 com.android.launcher/.Launcher t5}#54.
03-30 14:19:21.749 21437 21437 W WidgetCardStatisticsManager[u0]: statBreenoExposureEvent currentState is not normal or spring loading.
03-30 14:19:21.753 21437 21437 D IconConfigParser: parseConfig::icon config =: IconConfig = [ isForeign : false,theme : 2,iconSize : 5000,iconShape : 0,foregroundSize : 5600,artPlusOn : 0,iconRadius ：36,darkModeIcon:1,localSpecial:false,iconThemeEnable:false ]
03-30 14:19:21.754 21437 21437 D OplusDragLayer: setAlpha to 0f; caller = com.oplus.quickstep.anim.DragLayerContentAnim$createAnimatorListener$1.onAnimationStart:4 com.android.quickstep.util.OplusRectFSpringAnim.start:37 com.oplus.quickstep.gesture.OplusBaseSwipeUpHandler.createAnimateToHome:44 com.oplus.quickstep.gesture.OplusBaseSwipeUpHandler.animateToProgressInternal:31 com.oplus.quickstep.gesture.OplusBaseSwipeUpHandler.animateToProgress$lambda$28:8 com.oplus.quickstep.gesture.OplusBaseSwipeUpHandler.s0:0 com.oplus.quickstep.gesture.f.run:44 com.android.quickstep.AbsSwipeUpHandler.flushOnRecentsAnimationAndLauncherBound:5 com.oplus.quickstep.gesture.OplusBaseSwipeUpHandler.superOnRecentsAnimationStart:21 com.oplus.quickstep.gesture.OplusBaseSwipeUpHandler.onRecentsAnimationStart:17 
03-30 14:19:21.754 21437 21437 D TracePrintUtil: asyncTraceBegin add 1
03-30 14:19:21.755  2053  2636 V WindowManager: Sent Transition #59222 createdAt=03-30 14:19:21.659
03-30 14:19:21.755  2053  2636 V WindowManager:     startWCT=WindowContainerTransaction { changes = {} hops = [{PendingIntent: options=Bundle[{android.activity.splashScreenStyle=-1, android.activity.sourceInfo=android.app.ActivityOptions$SourceInfo@9533f19, deviceintegration:remotetask.launchOption=-1, androidx.activity.extra=Bundle[EMPTY_PARCEL], android.activity.transientLaunch=true, android:activity.mZoomLaunchFlags=0}]}] errorCallbackToken=null taskFragmentOrganizer=null }
03-30 14:19:21.755  2053  2636 V WindowManager:     info={id=59222 t=TO_FRONT f=0x80 trk=0 r=[0@Point(0, 0)] c=[{WCT{RemoteToken{f667cc7 Task{cc17e23 #1 type=home}}} m=TO_FRONT f=SHOW_WALLPAPER|MOVE_TO_TOP leash=Surface(name=Task=1)/@0xb7c0e29 sb=Rect(0, 0 - 1080, 2412) eb=Rect(0, 0 - 1080, 2412) d=0},{WCT{RemoteToken{860ae8a Task{7425c93 #5381 type=standard A=10511:com.kang.bravedns}}} m=TO_BACK f=NONE leash=Surface(name=Task=5381)/@0xf148cfb sb=Rect(0, 0 - 1080, 2412) eb=Rect(0, 0 - 1080, 2412) d=0},{null m=TO_FRONT f=IS_WALLPAPER leash=Surface(name=WallpaperWindowToken{7391c05 token=android.os.Binder@8554b7c})/@0x3e4c9c7 sb=Rect(0, 0 - 1080, 2412) eb=Rect(0, 0 - 1080, 2412) d=0}]}
03-30 14:19:21.755 19322 19322 D ClockTag_Utils: isMainProcessRunning:com.coloros.alarmclock;300
03-30 14:19:21.755  2053  4382 W SurfaceFlingerPuller: Failed to pull atom 150119 from surfaceflinger. Success is 0, binder status is EX_NONE
03-30 14:19:21.756 21437 21437 D b/223498680: LRV onStateTransitionStart setFreezeVisibility=true, toState=Normal
03-30 14:19:21.756 21437 21437 D LauncherRemoteAnimUtil: Restore, taskLeash.isValid = true, it.mode = 0, targetMode = 1
03-30 14:19:21.756 21437 21437 D LauncherRemoteAnimUtil: Restore, taskLeash.isValid = true, it.mode = 1, targetMode = 1
03-30 14:19:21.756 21437 21437 D LauncherRemoteAnimUtil: Restore, taskLeash.isValid = true, it.mode = 0, targetMode = 1
03-30 14:19:21.756 21437 21437 D LauncherRemoteAnimUtil: Restore, taskLeash.isValid = true, it.mode = 1, targetMode = 1
03-30 14:19:21.756 21437 21437 D RemoteAnimationUtils: setRemoteAnimationViewInfo: info non-null false, withoutRelease = false
03-30 14:19:21.756 21437 21437 D RemoteAnimationUtils: releaseSurface: surfaceControl valid=null
03-30 14:19:21.756 21437 21437 D MultiStateCallback: [136341062] Adding [STATE_APP_CONTROLLER_RECEIVED (16)] to [STATE_LAUNCHER_PRESENT, STATE_LAUNCHER_STARTED, STATE_LAUNCHER_DRAWN, STATE_LAUNCHER_BIND_TO_SERVICE, STATE_GESTURE_STARTED, STATE_GESTURE_COMPLETED (1295)]
03-30 14:19:21.757 21437 21437 D OplusDragLayer: setAlpha to 0f; caller = com.oplus.quickstep.anim.DragLayerContentAnim.setViewAlpha:3 com.oplus.quickstep.anim.DragLayerContentAnim.update:3 com.android.quickstep.util.OplusRectFSpringAnim.onUpdate:10 com.android.quickstep.util.OplusRectFSpringAnim.onUpdateIfNeed:5 com.android.quickstep.util.OplusRectFSpringAnim$Companion$OPLUS_RECT_SCALE_PROGRESS$1.setValue:3 com.android.quickstep.util.OplusRectFSpringAnim$Companion$OPLUS_RECT_SCALE_PROGRESS$1.setValue:1 com.oplus.animation.DynamicAnimation.setPropertyValue:713 com.oplus.animation.DynamicAnimation.doAnimationFrame:651 com.oplus.animation.AnimationHandler.doAnimationFrame:159 com.oplus.animation.AnimationHandler.-$$Nest$mdoAnimationFrame:0 
03-30 14:19:21.757  1098  1123 E statsd  : Gauge Stats puller failed for tag: 150119 at 7652750714888246
03-30 14:19:21.757  1098  1123 I statsd  : An anomaly (104840000001) (48)0x10000->10105[I] (48)0x20000->com.android.launcher[S] (48)0x30000->2[I]  has occurred! Informing subscribers.
03-30 14:19:21.757  2053  3483 E HandwritingModeController: Cannot get requestId: Handwriting was not initialized.
03-30 14:19:21.759  2053  3966 D OplusWindowAnimationManager: setInputConsumerEnabled from launcher enabled=true controller:android.view.IRecentsAnimationController$Stub$Proxy@c01abde
03-30 14:19:21.759  3760  3920 V WindowManagerShell: [39917027] RecentsController.setInputConsumerEnabled: set focus to recents
03-30 14:19:21.759 19322 19322 I WeatherS_WeatherServiceVersionUtils: serviceVersionCode16018000
03-30 14:19:21.759 19322 19322 D ClockTag_ClockWidget.ClockWidgetManager: updateWeatherInterval:180000
03-30 14:19:21.760 21437 21437 D LauncherClient: getThreadPriority -10
03-30 14:19:21.761  2053  4388 D ActivityTaskManager: onWindowFocusChanged Task{f4acbad #5 type=home I=com.android.launcher/.Launcher} would transfer to compact
03-30 14:19:21.761 20346 20432 D BatchLogger: ip; signal wait over, sz(b: 2, u: 6) / cur(72), track(72)
03-30 14:19:21.761  2053  4388 I InputDispatcher: setFocusedApplication displayId=0 ActivityRecord{5cb2283 u0 com.android.launcher/.Launcher t5}
03-30 14:19:21.762  2053  4388 D ActivityTaskManager: NFW_setLastResumedActivityUncheckLocked:true r:ActivityRecord{5cb2283 u0 com.android.launcher/.Launcher t5} currentFocus:Window{6b91671 u0 com.kang.bravedns/com.kang.bravedns.ui.activity.ProxySettingsActivity}
03-30 14:19:21.762  2053  4388 V WindowManager: Changing focus from Window{6b91671 u0 com.kang.bravedns/com.kang.bravedns.ui.activity.ProxySettingsActivity} to Window{879da8d u0 com.android.launcher/com.android.launcher.Launcher},diplayid=0
03-30 14:19:21.765 21437 21437 D TracePrintUtil: isWindowAnimating 1 = true
03-30 14:19:21.771  2053  4388 D Theia.NoFocusWindow: FocusWindowErrorScene cancelCheckFreezeScreen
03-30 14:19:21.771  2053  4388 D Theia.TransparentWindow: TransparentWindow cancelCheckFreezeScreen
03-30 14:19:21.772  2053  4388 W TheiaWindowMonitor: [check] focusedWindow is null or enable is false
03-30 14:19:21.773  2053  3592 E SchedAssist: failed to open /proc/32480/task/15495/ux_state (2): No such file or directory
03-30 14:19:21.773  2053  3592 E SchedAssist: failed to open /proc/32480/task/15958/ux_state (2): No such file or directory
03-30 14:19:21.773  2053  3592 E SchedAssist: failed to open /proc/32480/task/18797/ux_state (2): No such file or directory
03-30 14:19:21.773  2053  3592 E SchedAssist: failed to open /proc/32480/task/22561/ux_state (2): No such file or directory
03-30 14:19:21.773  2053  3592 E SchedAssist: failed to open /proc/21437/task/11633/ux_state (2): No such file or directory
03-30 14:19:21.773  2053  2887 D VRR [OPlusRefreshRateService]: Receive multi scene changed eventId = 5 bundleList.size = 3
03-30 14:19:21.773  2053  3592 E UAH_JNI : uah_event_acquire ! cmdId: 301 ,strPkg: pkgName:com.tencent.mm,type:2,activityName:null,isFocused:false|pkgName:com.android.launcher,type:1,activityName:com.android.launcher/.Launcher,isFocused:true|pkgName:com.kang.bravedns,type:1,activityName:com.kang.bravedns/.ui.activity.ProxySettingsActivity,isFocused:false, strIdent: OplusUAwareService, timeout: -1
03-30 14:19:21.773  2053  3592 I [UAH_CLIENT]: UahEventAcquire, cmdid:301, pkg:pkgName:com.tencent.mm,type:2,activityName:null,isFocused:false|pkgName:com.android.launcher,type:1,activityName:com.android.launcher/.Launcher,isFocused:true|pkgName:com.kang.bravedns,type:1,activityName:com.kang.bravedns/.ui.activity.ProxySettingsActivity,isFocused:false, identity:OplusUAwareService
03-30 14:19:21.776  2012  7490 W OplusExSystemServiceHelper: checkOplusExSystemService intent getComponent is null
03-30 14:19:21.777  2053  2642 I TaskOrganizerController: onTaskInfoChanged taskid 5381 config { mBounds=Rect(0, 0 - 1080, 2412) mAppBounds=Rect(0, 96 - 1080, 2364) mMaxBounds=Rect(0, 0 - 1080, 2412) mDisplayRotation=ROTATION_0 mWindowingMode=fullscreen mDisplayWindowingMode=fullscreen mActivityType=standard mAlwaysOnTop=undefined mRotation=ROTATION_0}
03-30 14:19:21.779  2053  2642 D FlexibleWindowManager: onFlexibleWindowTaskInfoChanged: mTaskId = 5381 oldIsTaskEmbedded = false   curIsTaskEmbedded = false  topActivity = ComponentInfo{com.kang.bravedns/com.kang.bravedns.ui.activity.ProxySettingsActivity}
